Archive member included to satisfy reference by file (symbol)

c:/vsarm/armcc/112202~1.02/bin/../lib/gcc/arm-none-eabi/11.2.1/thumb/v6-m/nofp\libgcc.a(_dvmd_tls.o)
                              CMakeFiles/plc-cleaner.dir/C_/VSARM/sdk/pico/pico-sdk/src/rp2_common/pico_divider/divider.S.obj (__aeabi_idiv0)
c:/vsarm/armcc/112202~1.02/bin/../lib/gcc/arm-none-eabi/11.2.1/thumb/v6-m/nofp\libg.a(lib_a-calloc.o)
                              CMakeFiles/plc-cleaner.dir/C_/VSARM/sdk/pico/pico-sdk/src/rp2_common/pico_malloc/pico_malloc.c.obj (calloc)
c:/vsarm/armcc/112202~1.02/bin/../lib/gcc/arm-none-eabi/11.2.1/thumb/v6-m/nofp\libg.a(lib_a-callocr.o)
                              c:/vsarm/armcc/112202~1.02/bin/../lib/gcc/arm-none-eabi/11.2.1/thumb/v6-m/nofp\libg.a(lib_a-calloc.o) (_calloc_r)
c:/vsarm/armcc/112202~1.02/bin/../lib/gcc/arm-none-eabi/11.2.1/thumb/v6-m/nofp\libg.a(lib_a-errno.o)
                              c:/vsarm/armcc/112202~1.02/bin/../lib/gcc/arm-none-eabi/11.2.1/thumb/v6-m/nofp\libg.a(lib_a-callocr.o) (__errno)
c:/vsarm/armcc/112202~1.02/bin/../lib/gcc/arm-none-eabi/11.2.1/thumb/v6-m/nofp\libg.a(lib_a-impure.o)
                              c:/vsarm/armcc/112202~1.02/bin/../lib/gcc/arm-none-eabi/11.2.1/thumb/v6-m/nofp\libg.a(lib_a-calloc.o) (_impure_ptr)
c:/vsarm/armcc/112202~1.02/bin/../lib/gcc/arm-none-eabi/11.2.1/thumb/v6-m/nofp\libg.a(lib_a-init.o)
                              c:/vsarm/armcc/112202~1.02/bin/../lib/gcc/arm-none-eabi/11.2.1/thumb/v6-m/nofp/crt0.o (__libc_init_array)
c:/vsarm/armcc/112202~1.02/bin/../lib/gcc/arm-none-eabi/11.2.1/thumb/v6-m/nofp\libg.a(lib_a-malloc.o)
                              CMakeFiles/plc-cleaner.dir/C_/VSARM/sdk/pico/pico-sdk/src/rp2_common/pico_malloc/pico_malloc.c.obj (malloc)
c:/vsarm/armcc/112202~1.02/bin/../lib/gcc/arm-none-eabi/11.2.1/thumb/v6-m/nofp\libg.a(lib_a-mallocr.o)
                              c:/vsarm/armcc/112202~1.02/bin/../lib/gcc/arm-none-eabi/11.2.1/thumb/v6-m/nofp\libg.a(lib_a-callocr.o) (_malloc_r)
c:/vsarm/armcc/112202~1.02/bin/../lib/gcc/arm-none-eabi/11.2.1/thumb/v6-m/nofp\libg.a(lib_a-mlock.o)
                              c:/vsarm/armcc/112202~1.02/bin/../lib/gcc/arm-none-eabi/11.2.1/thumb/v6-m/nofp\libg.a(lib_a-mallocr.o) (__malloc_lock)
c:/vsarm/armcc/112202~1.02/bin/../lib/gcc/arm-none-eabi/11.2.1/thumb/v6-m/nofp\libg.a(lib_a-realloc.o)
                              CMakeFiles/plc-cleaner.dir/C_/VSARM/sdk/pico/pico-sdk/src/rp2_common/pico_malloc/pico_malloc.c.obj (realloc)
c:/vsarm/armcc/112202~1.02/bin/../lib/gcc/arm-none-eabi/11.2.1/thumb/v6-m/nofp\libg.a(lib_a-reallocr.o)
                              c:/vsarm/armcc/112202~1.02/bin/../lib/gcc/arm-none-eabi/11.2.1/thumb/v6-m/nofp\libg.a(lib_a-realloc.o) (_realloc_r)
c:/vsarm/armcc/112202~1.02/bin/../lib/gcc/arm-none-eabi/11.2.1/thumb/v6-m/nofp\libg.a(lib_a-sbrkr.o)
                              c:/vsarm/armcc/112202~1.02/bin/../lib/gcc/arm-none-eabi/11.2.1/thumb/v6-m/nofp\libg.a(lib_a-mallocr.o) (_sbrk_r)
c:/vsarm/armcc/112202~1.02/bin/../lib/gcc/arm-none-eabi/11.2.1/thumb/v6-m/nofp\libg.a(lib_a-strlen-stub.o)
                              CMakeFiles/plc-cleaner.dir/C_/VSARM/sdk/pico/pico-sdk/src/rp2_common/pico_stdio/stdio.c.obj (strlen)
c:/vsarm/armcc/112202~1.02/bin/../lib/gcc/arm-none-eabi/11.2.1/thumb/v6-m/nofp\libg.a(lib_a-freer.o)
                              c:/vsarm/armcc/112202~1.02/bin/../lib/gcc/arm-none-eabi/11.2.1/thumb/v6-m/nofp\libg.a(lib_a-malloc.o) (_free_r)
c:/vsarm/armcc/112202~1.02/bin/../lib/gcc/arm-none-eabi/11.2.1/thumb/v6-m/nofp\libg.a(lib_a-memmove.o)
                              c:/vsarm/armcc/112202~1.02/bin/../lib/gcc/arm-none-eabi/11.2.1/thumb/v6-m/nofp\libg.a(lib_a-reallocr.o) (memmove)
c:/vsarm/armcc/112202~1.02/bin/../lib/gcc/arm-none-eabi/11.2.1/thumb/v6-m/nofp\libg.a(lib_a-reent.o)
                              c:/vsarm/armcc/112202~1.02/bin/../lib/gcc/arm-none-eabi/11.2.1/thumb/v6-m/nofp\libg.a(lib_a-sbrkr.o) (errno)

Discarded input sections

 .text          0x00000000        0x0 c:/vsarm/armcc/112202~1.02/bin/../lib/gcc/arm-none-eabi/11.2.1/thumb/v6-m/nofp/crti.o
 .data          0x00000000        0x0 c:/vsarm/armcc/112202~1.02/bin/../lib/gcc/arm-none-eabi/11.2.1/thumb/v6-m/nofp/crti.o
 .bss           0x00000000        0x0 c:/vsarm/armcc/112202~1.02/bin/../lib/gcc/arm-none-eabi/11.2.1/thumb/v6-m/nofp/crti.o
 .text          0x00000000        0x0 c:/vsarm/armcc/112202~1.02/bin/../lib/gcc/arm-none-eabi/11.2.1/thumb/v6-m/nofp/crtbegin.o
 .data          0x00000000        0x0 c:/vsarm/armcc/112202~1.02/bin/../lib/gcc/arm-none-eabi/11.2.1/thumb/v6-m/nofp/crtbegin.o
 .bss           0x00000000        0x0 c:/vsarm/armcc/112202~1.02/bin/../lib/gcc/arm-none-eabi/11.2.1/thumb/v6-m/nofp/crtbegin.o
 .rodata.all_implied_fbits
                0x00000000       0x24 c:/vsarm/armcc/112202~1.02/bin/../lib/gcc/arm-none-eabi/11.2.1/thumb/v6-m/nofp/crtbegin.o
[...]
Memory Configuration

Name             Origin             Length             Attributes
FLASH            0x10000000         0x00200000         xr
RAM              0x20000000         0x00040000         xrw
SCRATCH_X        0x20040000         0x00001000         xrw
SCRATCH_Y        0x20041000         0x00001000         xrw
*default*        0x00000000         0xffffffff

Linker script and memory map

LOAD c:/vsarm/armcc/112202~1.02/bin/../lib/gcc/arm-none-eabi/11.2.1/thumb/v6-m/nofp/crti.o
LOAD c:/vsarm/armcc/112202~1.02/bin/../lib/gcc/arm-none-eabi/11.2.1/thumb/v6-m/nofp/crtbegin.o
LOAD c:/vsarm/armcc/112202~1.02/bin/../lib/gcc/arm-none-eabi/11.2.1/thumb/v6-m/nofp/crt0.o

.flash_begin    0x10000000        0x0
                0x10000000                __flash_binary_start = .

.boot2          0x10000000      0x100
                0x10000000                __boot2_start__ = .
 *(.boot2)
 .boot2         0x10000000      0x100 C:\Users\jacob\AppData\Local\Temp\ccbgGA0e.o
                0x10000100                __boot2_end__ = .
                0x00000001                ASSERT (((__boot2_end__ - __boot2_start__) == 0x100), ERROR: Pico second stage bootloader must be 256 bytes in size)

.text           0x10000100     0x9ab0
                0x10000100                __logical_binary_start = .
 *(.vectors)
 .vectors       0x10000100       0xd4 CMakeFiles/plc-cleaner.dir/C_/VSARM/sdk/pico/pico-sdk/src/rp2_common/pico_standard_link/crt0.S.obj
                0x10000100                __VECTOR_TABLE
                0x10000100                __vectors
                0x100001c0                isr_invalid
                0x100001c0                __default_isrs_start
                0x100001c2                isr_nmi
                0x100001c4                isr_hardfault
                0x100001c6                isr_svcall
                0x100001c8                isr_pendsv
                0x100001ca                isr_systick
                0x100001cc                isr_irq23
                0x100001cc                isr_irq18
                0x100001cc                isr_irq11
                0x100001cc                isr_irq28
                0x100001cc                isr_irq19
                0x100001cc                isr_irq0
                0x100001cc                isr_irq6
                0x100001cc                isr_irq5
                0x100001cc                isr_irq12
                0x100001cc                isr_irq22
                0x100001cc                isr_irq31
                0x100001cc                isr_irq17
                0x100001cc                isr_irq27
                0x100001cc                isr_irq30
                0x100001cc                isr_irq2
                0x100001cc                isr_irq10
                0x100001cc                isr_irq8
                0x100001cc                isr_irq24
                0x100001cc                isr_irq1
                0x100001cc                isr_irq7
                0x100001cc                isr_irq21
                0x100001cc                isr_irq20
                0x100001cc                isr_irq15
                0x100001cc                isr_irq25
                0x100001cc                isr_irq13
                0x100001cc                __unhandled_user_irq
                0x100001cc                isr_irq4
                0x100001cc                isr_irq16
                0x100001cc                isr_irq29
                0x100001cc                isr_irq26
                0x100001cc                __default_isrs_end
                0x100001cc                isr_irq3
                0x100001cc                isr_irq14
                0x100001cc                isr_irq9
                0x100001d2                unhandled_user_irq_num_in_r0
 *(.binary_info_header)
 .binary_info_header
                0x100001d4       0x14 CMakeFiles/plc-cleaner.dir/C_/VSARM/sdk/pico/pico-sdk/src/rp2_common/pico_standard_link/crt0.S.obj
                0x100001e8                __binary_info_header_end = .
 *(.reset)
 .reset         0x100001e8       0xa0 CMakeFiles/plc-cleaner.dir/C_/VSARM/sdk/pico/pico-sdk/src/rp2_common/pico_standard_link/crt0.S.obj
                0x100001e8                _entry_point
 .reset         0x10000288       0x30 CMakeFiles/plc-cleaner.dir/C_/VSARM/sdk/pico/pico-sdk/src/rp2_common/pico_standard_link/binary_info.c.obj
 *(.init)
 .init          0x100002b8        0x4 c:/vsarm/armcc/112202~1.02/bin/../lib/gcc/arm-none-eabi/11.2.1/thumb/v6-m/nofp/crti.o
                0x100002b8                _init
 *(EXCLUDE_FILE(*libm.a: *libc.a:*lib_a-mem*.o *libgcc.a:) .text*)
 .text.register_tm_clones
                0x100002bc       0x28 c:/vsarm/armcc/112202~1.02/bin/../lib/gcc/arm-none-eabi/11.2.1/thumb/v6-m/nofp/crtbegin.o
 .text.frame_dummy
                0x100002e4       0x24 c:/vsarm/armcc/112202~1.02/bin/../lib/gcc/arm-none-eabi/11.2.1/thumb/v6-m/nofp/crtbegin.o
 .text.PowerTask
                0x10000308       0x58 CMakeFiles/plc-cleaner.dir/src/main.c.obj
                0x10000308                PowerTask
 .text.CleaningSettingLED
                0x10000360       0x44 CMakeFiles/plc-cleaner.dir/src/main.c.obj
                0x10000360                CleaningSettingLED
 .text.CleanTask
                0x100003a4       0x6c CMakeFiles/plc-cleaner.dir/src/main.c.obj
                0x100003a4                CleanTask
 .text.CleanTankTask
                0x10000410       0x68 CMakeFiles/plc-cleaner.dir/src/main.c.obj
                0x10000410                CleanTankTask
 .text.CleaningSettingTask
                0x10000478       0x50 CMakeFiles/plc-cleaner.dir/src/main.c.obj
                0x10000478                CleaningSettingTask
 .text.PressureTask
                0x100004c8      0x1f0 CMakeFiles/plc-cleaner.dir/src/main.c.obj
                0x100004c8                PressureTask
 .text.send_trigger_pulse
                0x100006b8       0x14 CMakeFiles/plc-cleaner.dir/src/main.c.obj
                0x100006b8                send_trigger_pulse
 .text.get_distance_cm
                0x100006cc      0x154 CMakeFiles/plc-cleaner.dir/src/main.c.obj
                0x100006cc                get_distance_cm
 .text.DirtyTankTask
                0x10000820       0x70 CMakeFiles/plc-cleaner.dir/src/main.c.obj
                0x10000820                DirtyTankTask
 .text.main     0x10000890      0x150 CMakeFiles/plc-cleaner.dir/src/main.c.obj
                0x10000890                main
 .text.gpio_set_function
                0x100009e0       0x30 CMakeFiles/plc-cleaner.dir/C_/VSARM/sdk/pico/pico-sdk/src/rp2_common/hardware_gpio/gpio.c.obj
                0x100009e0                gpio_set_function
 .text.gpio_set_pulls
                0x10000a10       0x34 CMakeFiles/plc-cleaner.dir/C_/VSARM/sdk/pico/pico-sdk/src/rp2_common/hardware_gpio/gpio.c.obj
                0x10000a10                gpio_set_pulls
 .text.gpio_init
                0x10000a44       0x16 CMakeFiles/plc-cleaner.dir/C_/VSARM/sdk/pico/pico-sdk/src/rp2_common/hardware_gpio/gpio.c.obj
                0x10000a44                gpio_init
 .text.gpio_init_mask
                0x10000a5a       0x1e CMakeFiles/plc-cleaner.dir/C_/VSARM/sdk/pico/pico-sdk/src/rp2_common/hardware_gpio/gpio.c.obj
                0x10000a5a                gpio_init_mask
 .text.running_on_fpga
                0x10000a78       0x14 CMakeFiles/plc-cleaner.dir/C_/VSARM/sdk/pico/pico-sdk/src/rp2_common/pico_platform/platform.c.obj
                0x10000a78                running_on_fpga
 .text.hw_claim_lock
                0x10000a8c       0x18 CMakeFiles/plc-cleaner.dir/C_/VSARM/sdk/pico/pico-sdk/src/rp2_common/hardware_claim/claim.c.obj
                0x10000a8c                hw_claim_lock
 .text.hw_claim_unlock
                0x10000aa4       0x14 CMakeFiles/plc-cleaner.dir/C_/VSARM/sdk/pico/pico-sdk/src/rp2_common/hardware_claim/claim.c.obj
                0x10000aa4                hw_claim_unlock
 .text.hw_claim_or_assert
                0x10000ab8       0x32 CMakeFiles/plc-cleaner.dir/C_/VSARM/sdk/pico/pico-sdk/src/rp2_common/hardware_claim/claim.c.obj
                0x10000ab8                hw_claim_or_assert
 .text.hw_claim_unused_from_range
                0x10000aea       0x50 CMakeFiles/plc-cleaner.dir/C_/VSARM/sdk/pico/pico-sdk/src/rp2_common/hardware_claim/claim.c.obj
                0x10000aea                hw_claim_unused_from_range
 *fill*         0x10000b3a        0x2 
 .text.spin_locks_reset
                0x10000b3c       0x20 CMakeFiles/plc-cleaner.dir/C_/VSARM/sdk/pico/pico-sdk/src/rp2_common/hardware_sync/sync.c.obj
                0x10000b3c                spin_locks_reset
 .text.next_striped_spin_lock_num
                0x10000b5c       0x1c CMakeFiles/plc-cleaner.dir/C_/VSARM/sdk/pico/pico-sdk/src/rp2_common/hardware_sync/sync.c.obj
                0x10000b5c                next_striped_spin_lock_num
 .text.spin_lock_claim_unused
                0x10000b78       0x24 CMakeFiles/plc-cleaner.dir/C_/VSARM/sdk/pico/pico-sdk/src/rp2_common/hardware_sync/sync.c.obj
                0x10000b78                spin_lock_claim_unused
 .text.set_raw_irq_handler_and_unlock
                0x10000b9c       0x28 CMakeFiles/plc-cleaner.dir/C_/VSARM/sdk/pico/pico-sdk/src/rp2_common/hardware_irq/irq.c.obj
 .text.make_branch
                0x10000bc4       0x48 CMakeFiles/plc-cleaner.dir/C_/VSARM/sdk/pico/pico-sdk/src/rp2_common/hardware_irq/irq.c.obj
 .text.insert_branch_and_link
                0x10000c0c       0x40 CMakeFiles/plc-cleaner.dir/C_/VSARM/sdk/pico/pico-sdk/src/rp2_common/hardware_irq/irq.c.obj
 .text.irq_is_enabled
                0x10000c4c       0x18 CMakeFiles/plc-cleaner.dir/C_/VSARM/sdk/pico/pico-sdk/src/rp2_common/hardware_irq/irq.c.obj
                0x10000c4c                irq_is_enabled
 .text.irq_set_mask_enabled
                0x10000c64       0x20 CMakeFiles/plc-cleaner.dir/C_/VSARM/sdk/pico/pico-sdk/src/rp2_common/hardware_irq/irq.c.obj
                0x10000c64                irq_set_mask_enabled
 .text.irq_set_enabled
                0x10000c84        0xe CMakeFiles/plc-cleaner.dir/C_/VSARM/sdk/pico/pico-sdk/src/rp2_common/hardware_irq/irq.c.obj
                0x10000c84                irq_set_enabled
 *fill*         0x10000c92        0x2 
 .text.irq_set_pending
                0x10000c94       0x10 CMakeFiles/plc-cleaner.dir/C_/VSARM/sdk/pico/pico-sdk/src/rp2_common/hardware_irq/irq.c.obj
                0x10000c94                irq_set_pending
 .text.irq_get_vtable_handler
                0x10000ca4       0x10 CMakeFiles/plc-cleaner.dir/C_/VSARM/sdk/pico/pico-sdk/src/rp2_common/hardware_irq/irq.c.obj
                0x10000ca4                irq_get_vtable_handler
 .text.irq_has_shared_handler
                0x10000cb4       0x24 CMakeFiles/plc-cleaner.dir/C_/VSARM/sdk/pico/pico-sdk/src/rp2_common/hardware_irq/irq.c.obj
                0x10000cb4                irq_has_shared_handler
 .text.irq_set_exclusive_handler
                0x10000cd8       0x54 CMakeFiles/plc-cleaner.dir/C_/VSARM/sdk/pico/pico-sdk/src/rp2_common/hardware_irq/irq.c.obj
                0x10000cd8                irq_set_exclusive_handler
 .text.irq_add_shared_handler
                0x10000d2c      0x230 CMakeFiles/plc-cleaner.dir/C_/VSARM/sdk/pico/pico-sdk/src/rp2_common/hardware_irq/irq.c.obj
                0x10000d2c                irq_add_shared_handler
 .text.irq_remove_handler
                0x10000f5c      0x1a8 CMakeFiles/plc-cleaner.dir/C_/VSARM/sdk/pico/pico-sdk/src/rp2_common/hardware_irq/irq.c.obj
                0x10000f5c                irq_remove_handler
 .text.irq_set_priority
                0x10001104       0x28 CMakeFiles/plc-cleaner.dir/C_/VSARM/sdk/pico/pico-sdk/src/rp2_common/hardware_irq/irq.c.obj
                0x10001104                irq_set_priority
 .text.irq_add_tail_to_free_list
                0x1000112c       0xf0 CMakeFiles/plc-cleaner.dir/C_/VSARM/sdk/pico/pico-sdk/src/rp2_common/hardware_irq/irq.c.obj
                0x1000112c                irq_add_tail_to_free_list
 .text.irq_init_priorities
                0x1000121c       0x1c CMakeFiles/plc-cleaner.dir/C_/VSARM/sdk/pico/pico-sdk/src/rp2_common/hardware_irq/irq.c.obj
                0x1000121c                irq_init_priorities
 .text.user_irq_claim_unused
                0x10001238       0x2c CMakeFiles/plc-cleaner.dir/C_/VSARM/sdk/pico/pico-sdk/src/rp2_common/hardware_irq/irq.c.obj
                0x10001238                user_irq_claim_unused
 .text.lock_init
                0x10001264       0x10 CMakeFiles/plc-cleaner.dir/C_/VSARM/sdk/pico/pico-sdk/src/common/pico_sync/lock_core.c.obj
                0x10001264                lock_init
 .text.mutex_init
                0x10001274       0x1c CMakeFiles/plc-cleaner.dir/C_/VSARM/sdk/pico/pico-sdk/src/common/pico_sync/mutex.c.obj
                0x10001274                mutex_init
 .text.recursive_mutex_init
                0x10001290       0x20 CMakeFiles/plc-cleaner.dir/C_/VSARM/sdk/pico/pico-sdk/src/common/pico_sync/mutex.c.obj
                0x10001290                recursive_mutex_init
 .text.critical_section_init_with_lock_num
                0x100012b0       0x14 CMakeFiles/plc-cleaner.dir/C_/VSARM/sdk/pico/pico-sdk/src/common/pico_sync/critical_section.c.obj
                0x100012b0                critical_section_init_with_lock_num
 .text.critical_section_init
                0x100012c4       0x14 CMakeFiles/plc-cleaner.dir/C_/VSARM/sdk/pico/pico-sdk/src/common/pico_sync/critical_section.c.obj
                0x100012c4                critical_section_init
 .text.alarm_pool_post_alloc_init
                0x100012d8       0x40 CMakeFiles/plc-cleaner.dir/C_/VSARM/sdk/pico/pico-sdk/src/common/pico_time/time.c.obj
 .text.sleep_until_callback
                0x10001318       0x28 CMakeFiles/plc-cleaner.dir/C_/VSARM/sdk/pico/pico-sdk/src/common/pico_time/time.c.obj
 .text.timer_pool_entry_comparator
                0x10001340       0x78 CMakeFiles/plc-cleaner.dir/C_/VSARM/sdk/pico/pico-sdk/src/common/pico_time/time.c.obj
                0x10001340                timer_pool_entry_comparator
 .text.ph_add_child_node
                0x100013b8       0xa0 CMakeFiles/plc-cleaner.dir/C_/VSARM/sdk/pico/pico-sdk/src/common/pico_time/time.c.obj
 .text.ph_merge_nodes
                0x10001458       0x3e CMakeFiles/plc-cleaner.dir/C_/VSARM/sdk/pico/pico-sdk/src/common/pico_time/time.c.obj
 *fill*         0x10001496        0x2 
 .text.add_alarm_under_lock
                0x10001498      0x16c CMakeFiles/plc-cleaner.dir/C_/VSARM/sdk/pico/pico-sdk/src/common/pico_time/time.c.obj
 .text.alarm_pool_alarm_callback
                0x10001604      0x33c CMakeFiles/plc-cleaner.dir/C_/VSARM/sdk/pico/pico-sdk/src/common/pico_time/time.c.obj
 .text.alarm_pool_init_default
                0x10001940       0x40 CMakeFiles/plc-cleaner.dir/C_/VSARM/sdk/pico/pico-sdk/src/common/pico_time/time.c.obj
                0x10001940                alarm_pool_init_default
 .text.alarm_pool_get_default
                0x10001980       0x2c CMakeFiles/plc-cleaner.dir/C_/VSARM/sdk/pico/pico-sdk/src/common/pico_time/time.c.obj
                0x10001980                alarm_pool_get_default
 .text.alarm_pool_add_alarm_at
                0x100019ac      0x16c CMakeFiles/plc-cleaner.dir/C_/VSARM/sdk/pico/pico-sdk/src/common/pico_time/time.c.obj
                0x100019ac                alarm_pool_add_alarm_at
 .text.alarm_pool_cancel_alarm
                0x10001b18       0xf4 CMakeFiles/plc-cleaner.dir/C_/VSARM/sdk/pico/pico-sdk/src/common/pico_time/time.c.obj
                0x10001b18                alarm_pool_cancel_alarm
 .text.alarm_pool_core_num
                0x10001c0c        0x4 CMakeFiles/plc-cleaner.dir/C_/VSARM/sdk/pico/pico-sdk/src/common/pico_time/time.c.obj
                0x10001c0c                alarm_pool_core_num
 .text.best_effort_wfe_or_timeout
                0x10001c10       0xac CMakeFiles/plc-cleaner.dir/C_/VSARM/sdk/pico/pico-sdk/src/common/pico_time/time.c.obj
                0x10001c10                best_effort_wfe_or_timeout
 .text.hardware_alarm_irq_handler
                0x10001cbc       0x8c CMakeFiles/plc-cleaner.dir/C_/VSARM/sdk/pico/pico-sdk/src/rp2_common/hardware_timer/timer.c.obj
 .text.hardware_alarm_claim
                0x10001d48       0x18 CMakeFiles/plc-cleaner.dir/C_/VSARM/sdk/pico/pico-sdk/src/rp2_common/hardware_timer/timer.c.obj
                0x10001d48                hardware_alarm_claim
 .text.time_us_64
                0x10001d60       0x18 CMakeFiles/plc-cleaner.dir/C_/VSARM/sdk/pico/pico-sdk/src/rp2_common/hardware_timer/timer.c.obj
                0x10001d60                time_us_64
 .text.hardware_alarm_set_callback
                0x10001d78       0x90 CMakeFiles/plc-cleaner.dir/C_/VSARM/sdk/pico/pico-sdk/src/rp2_common/hardware_timer/timer.c.obj
                0x10001d78                hardware_alarm_set_callback
 .text.hardware_alarm_set_target
                0x10001e08       0xe8 CMakeFiles/plc-cleaner.dir/C_/VSARM/sdk/pico/pico-sdk/src/rp2_common/hardware_timer/timer.c.obj
                0x10001e08                hardware_alarm_set_target
 .text.hardware_alarm_cancel
                0x10001ef0       0x40 CMakeFiles/plc-cleaner.dir/C_/VSARM/sdk/pico/pico-sdk/src/rp2_common/hardware_timer/timer.c.obj
                0x10001ef0                hardware_alarm_cancel
 .text.ph_add_child_node
                0x10001f30       0xa0 CMakeFiles/plc-cleaner.dir/C_/VSARM/sdk/pico/pico-sdk/src/common/pico_util/pheap.c.obj
 .text.ph_merge_nodes
                0x10001fd0       0x3e CMakeFiles/plc-cleaner.dir/C_/VSARM/sdk/pico/pico-sdk/src/common/pico_util/pheap.c.obj
 *fill*         0x1000200e        0x2 
 .text.ph_clear
                0x10002010       0x70 CMakeFiles/plc-cleaner.dir/C_/VSARM/sdk/pico/pico-sdk/src/common/pico_util/pheap.c.obj
                0x10002010                ph_clear
 .text.ph_post_alloc_init
                0x10002080        0xe CMakeFiles/plc-cleaner.dir/C_/VSARM/sdk/pico/pico-sdk/src/common/pico_util/pheap.c.obj
                0x10002080                ph_post_alloc_init
 *fill*         0x1000208e        0x2 
 .text.ph_merge_two_pass
                0x10002090       0xa4 CMakeFiles/plc-cleaner.dir/C_/VSARM/sdk/pico/pico-sdk/src/common/pico_util/pheap.c.obj
                0x10002090                ph_merge_two_pass
 .text.ph_remove_any_head
                0x10002134      0x120 CMakeFiles/plc-cleaner.dir/C_/VSARM/sdk/pico/pico-sdk/src/common/pico_util/pheap.c.obj
 .text.ph_remove_head
                0x10002254       0x14 CMakeFiles/plc-cleaner.dir/C_/VSARM/sdk/pico/pico-sdk/src/common/pico_util/pheap.c.obj
                0x10002254                ph_remove_head
 .text.ph_remove_and_free_node
                0x10002268       0xf8 CMakeFiles/plc-cleaner.dir/C_/VSARM/sdk/pico/pico-sdk/src/common/pico_util/pheap.c.obj
                0x10002268                ph_remove_and_free_node
 .text.clock_configure
                0x10002360      0x108 CMakeFiles/plc-cleaner.dir/C_/VSARM/sdk/pico/pico-sdk/src/rp2_common/hardware_clocks/clocks.c.obj
                0x10002360                clock_configure
 .text.clocks_init
                0x10002468      0x100 CMakeFiles/plc-cleaner.dir/C_/VSARM/sdk/pico/pico-sdk/src/rp2_common/hardware_clocks/clocks.c.obj
                0x10002468                clocks_init
 .text.clock_get_hz
                0x10002568        0xc CMakeFiles/plc-cleaner.dir/C_/VSARM/sdk/pico/pico-sdk/src/rp2_common/hardware_clocks/clocks.c.obj
                0x10002568                clock_get_hz
 .text.pll_init
                0x10002574      0x120 CMakeFiles/plc-cleaner.dir/C_/VSARM/sdk/pico/pico-sdk/src/rp2_common/hardware_pll/pll.c.obj
                0x10002574                pll_init
 .text.watchdog_start_tick
                0x10002694       0x10 CMakeFiles/plc-cleaner.dir/C_/VSARM/sdk/pico/pico-sdk/src/rp2_common/hardware_watchdog/watchdog.c.obj
                0x10002694                watchdog_start_tick
 .text.watchdog_update
                0x100026a4       0x14 CMakeFiles/plc-cleaner.dir/C_/VSARM/sdk/pico/pico-sdk/src/rp2_common/hardware_watchdog/watchdog.c.obj
                0x100026a4                watchdog_update
 .text._watchdog_enable
                0x100026b8       0x78 CMakeFiles/plc-cleaner.dir/C_/VSARM/sdk/pico/pico-sdk/src/rp2_common/hardware_watchdog/watchdog.c.obj
                0x100026b8                _watchdog_enable
 .text.watchdog_reboot
                0x10002730       0x48 CMakeFiles/plc-cleaner.dir/C_/VSARM/sdk/pico/pico-sdk/src/rp2_common/hardware_watchdog/watchdog.c.obj
                0x10002730                watchdog_reboot
 .text.xosc_init
                0x10002778       0x28 CMakeFiles/plc-cleaner.dir/C_/VSARM/sdk/pico/pico-sdk/src/rp2_common/hardware_xosc/xosc.c.obj
                0x10002778                xosc_init
 .text._exit    0x100027a0        0x4 CMakeFiles/plc-cleaner.dir/C_/VSARM/sdk/pico/pico-sdk/src/rp2_common/pico_runtime/runtime.c.obj
                0x100027a0                _exit
 .text.exit     0x100027a4        0x6 CMakeFiles/plc-cleaner.dir/C_/VSARM/sdk/pico/pico-sdk/src/rp2_common/pico_runtime/runtime.c.obj
                0x100027a4                exit
 *fill*         0x100027aa        0x2 
 .text.__assert_func
                0x100027ac       0x3c CMakeFiles/plc-cleaner.dir/C_/VSARM/sdk/pico/pico-sdk/src/rp2_common/pico_runtime/runtime.c.obj
                0x100027ac                __assert_func
 .text.runtime_init
                0x100027e8       0xf8 CMakeFiles/plc-cleaner.dir/C_/VSARM/sdk/pico/pico-sdk/src/rp2_common/pico_runtime/runtime.c.obj
                0x100027e8                runtime_init
 .text.panic    0x100028e0       0x30 CMakeFiles/plc-cleaner.dir/C_/VSARM/sdk/pico/pico-sdk/src/rp2_common/pico_runtime/runtime.c.obj
                0x100028e0                panic
 .text.panic_unsupported
                0x10002910        0xc CMakeFiles/plc-cleaner.dir/C_/VSARM/sdk/pico/pico-sdk/src/rp2_common/pico_runtime/runtime.c.obj
                0x10002910                panic_unsupported
 .text._out_null
                0x1000291c        0x2 CMakeFiles/plc-cleaner.dir/C_/VSARM/sdk/pico/pico-sdk/src/rp2_common/pico_printf/printf.c.obj
 .text._out_fct
                0x1000291e        0xe CMakeFiles/plc-cleaner.dir/C_/VSARM/sdk/pico/pico-sdk/src/rp2_common/pico_printf/printf.c.obj
 .text._atoi    0x1000292c       0x24 CMakeFiles/plc-cleaner.dir/C_/VSARM/sdk/pico/pico-sdk/src/rp2_common/pico_printf/printf.c.obj
 .text._out_rev
                0x10002950       0xae CMakeFiles/plc-cleaner.dir/C_/VSARM/sdk/pico/pico-sdk/src/rp2_common/pico_printf/printf.c.obj
 .text._ntoa_format
                0x100029fe      0x112 CMakeFiles/plc-cleaner.dir/C_/VSARM/sdk/pico/pico-sdk/src/rp2_common/pico_printf/printf.c.obj
 .text._ntoa_long
                0x10002b10       0xbc CMakeFiles/plc-cleaner.dir/C_/VSARM/sdk/pico/pico-sdk/src/rp2_common/pico_printf/printf.c.obj
 .text._ntoa_long_long
                0x10002bcc       0xe2 CMakeFiles/plc-cleaner.dir/C_/VSARM/sdk/pico/pico-sdk/src/rp2_common/pico_printf/printf.c.obj
 *fill*         0x10002cae        0x2 
 .text._etoa    0x10002cb0      0x414 CMakeFiles/plc-cleaner.dir/C_/VSARM/sdk/pico/pico-sdk/src/rp2_common/pico_printf/printf.c.obj
 .text._ftoa    0x100030c4      0x354 CMakeFiles/plc-cleaner.dir/C_/VSARM/sdk/pico/pico-sdk/src/rp2_common/pico_printf/printf.c.obj
 .text._vsnprintf
                0x10003418      0x650 CMakeFiles/plc-cleaner.dir/C_/VSARM/sdk/pico/pico-sdk/src/rp2_common/pico_printf/printf.c.obj
 .text.vfctprintf
                0x10003a68       0x20 CMakeFiles/plc-cleaner.dir/C_/VSARM/sdk/pico/pico-sdk/src/rp2_common/pico_printf/printf.c.obj
                0x10003a68                vfctprintf
 .text          0x10003a88       0x10 CMakeFiles/plc-cleaner.dir/C_/VSARM/sdk/pico/pico-sdk/src/rp2_common/pico_bit_ops/bit_ops_aeabi.S.obj
 .text.rom_func_lookup
                0x10003a98       0x10 CMakeFiles/plc-cleaner.dir/C_/VSARM/sdk/pico/pico-sdk/src/rp2_common/pico_bootrom/bootrom.c.obj
                0x10003a98                rom_func_lookup
 .text.rom_data_lookup
                0x10003aa8       0x10 CMakeFiles/plc-cleaner.dir/C_/VSARM/sdk/pico/pico-sdk/src/rp2_common/pico_bootrom/bootrom.c.obj
                0x10003aa8                rom_data_lookup
 .text.rom_funcs_lookup
                0x10003ab8       0x36 CMakeFiles/plc-cleaner.dir/C_/VSARM/sdk/pico/pico-sdk/src/rp2_common/pico_bootrom/bootrom.c.obj
                0x10003ab8                rom_funcs_lookup
 *fill*         0x10003aee        0x2 
 .text.__wrap___aeabi_idiv
                0x10003af0       0x50 CMakeFiles/plc-cleaner.dir/C_/VSARM/sdk/pico/pico-sdk/src/rp2_common/pico_divider/divider.S.obj
                0x10003af0                __wrap___aeabi_idivmod
                0x10003af0                divmod_s32s32
                0x10003af0                div_s32s32
                0x10003af0                __wrap___aeabi_idiv
                0x10003af8                divmod_s32s32_unsafe
                0x10003b24                divmod_s32s32_savestate
 .text.__wrap___aeabi_uidiv
                0x10003b40       0x4c CMakeFiles/plc-cleaner.dir/C_/VSARM/sdk/pico/pico-sdk/src/rp2_common/pico_divider/divider.S.obj
                0x10003b40                __wrap___aeabi_uidiv
                0x10003b40                __wrap___aeabi_uidivmod
                0x10003b40                div_u32u32
                0x10003b40                divmod_u32u32
                0x10003b48                divmod_u32u32_unsafe
                0x10003b70                divmod_u32u32_savestate
 .text.__wrap___aeabi_ldiv
                0x10003b8c      0x424 CMakeFiles/plc-cleaner.dir/C_/VSARM/sdk/pico/pico-sdk/src/rp2_common/pico_divider/divider.S.obj
                0x10003b8c                div_s64s64
                0x10003b8c                divmod_s64s64
                0x10003b8c                __wrap___aeabi_ldivmod
                0x10003bbc                divmod_u64u64
                0x10003bbc                div_u64u64
                0x10003bbc                __wrap___aeabi_uldivmod
                0x10003bcc                divmod_u64u64_savestate
                0x10003bec                divmod_s64s64_unsafe
                0x10003c74                divmod_u64u64_unsafe
 .text.__wrap___aeabi_darithmetic
                0x10003fb0       0x80 CMakeFiles/plc-cleaner.dir/C_/VSARM/sdk/pico/pico-sdk/src/rp2_common/pico_double/double_aeabi.S.obj
                0x10003fb0                __wrap___aeabi_drsub
                0x10003fb6                __wrap___aeabi_dsub
                0x10003fc8                __wrap___aeabi_dadd
                0x10003fda                __wrap___aeabi_ddiv
                0x10004016                __wrap___aeabi_dmul
 .text.__wrap___aeabi_cdcmple
                0x10004030       0x6c CMakeFiles/plc-cleaner.dir/C_/VSARM/sdk/pico/pico-sdk/src/rp2_common/pico_double/double_aeabi.S.obj
                0x10004030                __wrap___aeabi_cdrcmple
                0x10004040                __wrap___aeabi_cdcmpeq
                0x10004040                __wrap___aeabi_cdcmple
 .text.__wrap___aeabi_dcmplt
                0x1000409c        0xc CMakeFiles/plc-cleaner.dir/C_/VSARM/sdk/pico/pico-sdk/src/rp2_common/pico_double/double_aeabi.S.obj
                0x1000409c                __wrap___aeabi_dcmplt
 .text.__wrap___aeabi_dcmple
                0x100040a8       0x10 CMakeFiles/plc-cleaner.dir/C_/VSARM/sdk/pico/pico-sdk/src/rp2_common/pico_double/double_aeabi.S.obj
                0x100040a8                __wrap___aeabi_dcmple
 .text.__wrap___aeabi_dcmpge
                0x100040b8       0x10 CMakeFiles/plc-cleaner.dir/C_/VSARM/sdk/pico/pico-sdk/src/rp2_common/pico_double/double_aeabi.S.obj
                0x100040b8                __wrap___aeabi_dcmpge
 .text.__wrap___aeabi_dcmpgt
                0x100040c8        0xa CMakeFiles/plc-cleaner.dir/C_/VSARM/sdk/pico/pico-sdk/src/rp2_common/pico_double/double_aeabi.S.obj
                0x100040c8                __wrap___aeabi_dcmpgt
 .text.__wrap___aeabi_dcmpun
                0x100040d2       0x1c CMakeFiles/plc-cleaner.dir/C_/VSARM/sdk/pico/pico-sdk/src/rp2_common/pico_double/double_aeabi.S.obj
                0x100040d2                __wrap___aeabi_dcmpun
 *fill*         0x100040ee        0x2 
 .text.__wrap___aeabi_i2d
                0x100040f0       0x38 CMakeFiles/plc-cleaner.dir/C_/VSARM/sdk/pico/pico-sdk/src/rp2_common/pico_double/double_aeabi.S.obj
                0x100040f0                __wrap___aeabi_ui2d
                0x100040f8                __wrap___aeabi_i2d
 .text.__wrap___aeabi_d2iz
                0x10004128       0x48 CMakeFiles/plc-cleaner.dir/C_/VSARM/sdk/pico/pico-sdk/src/rp2_common/pico_double/double_aeabi.S.obj
                0x10004128                double2int_z
                0x10004128                __wrap___aeabi_d2iz
 .text.__wrap___aeabi_d2uiz
                0x10004170       0x18 CMakeFiles/plc-cleaner.dir/C_/VSARM/sdk/pico/pico-sdk/src/rp2_common/pico_double/double_aeabi.S.obj
                0x10004170                __wrap___aeabi_d2uiz
                0x10004170                double2uint
 .text.__aeabi_double_init
                0x10004188       0xc8 CMakeFiles/plc-cleaner.dir/C_/VSARM/sdk/pico/pico-sdk/src/rp2_common/pico_double/double_init_rom.c.obj
                0x10004188                __aeabi_double_init
 .text.double_table_shim_on_use_helper
                0x10004250       0x34 CMakeFiles/plc-cleaner.dir/C_/VSARM/sdk/pico/pico-sdk/src/rp2_common/pico_double/double_v1_rom_shim.S.obj
                0x10004250                double_table_shim_on_use_helper
 .text.__wrap___aeabi_dsub
                0x10004284       0x10 CMakeFiles/plc-cleaner.dir/C_/VSARM/sdk/pico/pico-sdk/src/rp2_common/pico_double/double_v1_rom_shim.S.obj
                0x10004284                drsub_shim
                0x1000428a                dsub_shim
 .text.dadd_shim
                0x10004294      0x15c CMakeFiles/plc-cleaner.dir/C_/VSARM/sdk/pico/pico-sdk/src/rp2_common/pico_double/double_v1_rom_shim.S.obj
                0x10004294                dadd_shim
 .text.dmul_shim
                0x100043f0      0x15c CMakeFiles/plc-cleaner.dir/C_/VSARM/sdk/pico/pico-sdk/src/rp2_common/pico_double/double_v1_rom_shim.S.obj
                0x100043f0                dmul_shim
 .text.ddiv_shim
                0x1000454c      0x1b0 CMakeFiles/plc-cleaner.dir/C_/VSARM/sdk/pico/pico-sdk/src/rp2_common/pico_double/double_v1_rom_shim.S.obj
                0x1000454c                ddiv_shim
 .text.double2uint_shim
                0x100046fc        0xe CMakeFiles/plc-cleaner.dir/C_/VSARM/sdk/pico/pico-sdk/src/rp2_common/pico_double/double_v1_rom_shim.S.obj
                0x100046fc                double2uint_shim
                0x100046fe                double2ufix_shim
 *fill*         0x1000470a        0x2 
 .text.double2uint64_shim
                0x1000470c       0x70 CMakeFiles/plc-cleaner.dir/C_/VSARM/sdk/pico/pico-sdk/src/rp2_common/pico_double/double_v1_rom_shim.S.obj
                0x1000470c                double2uint64_shim
                0x1000470e                double2ufix64_shim
                0x1000472e                d2fix_a
 .text.dunpacks
                0x1000477c       0x3c CMakeFiles/plc-cleaner.dir/C_/VSARM/sdk/pico/pico-sdk/src/rp2_common/pico_double/double_v1_rom_shim.S.obj
                0x1000477c                dunpacks
 .text.__aeabi_lmul
                0x100047b8       0x32 CMakeFiles/plc-cleaner.dir/C_/VSARM/sdk/pico/pico-sdk/src/rp2_common/pico_int64_ops/pico_int64_ops_aeabi.S.obj
                0x100047b8                __wrap___aeabi_lmul
 *fill*         0x100047ea        0x2 
 .text.__wrap___aeabi_farithmetic
                0x100047ec       0x58 CMakeFiles/plc-cleaner.dir/C_/VSARM/sdk/pico/pico-sdk/src/rp2_common/pico_float/float_aeabi.S.obj
                0x100047ec                __wrap___aeabi_frsub
                0x100047f2                __wrap___aeabi_fsub
                0x100047fc                __wrap___aeabi_fadd
                0x10004806                __wrap___aeabi_fdiv
                0x10004832                __wrap___aeabi_fmul
 .text.__wrap___aeabi_cfcmple
                0x10004844       0x50 CMakeFiles/plc-cleaner.dir/C_/VSARM/sdk/pico/pico-sdk/src/rp2_common/pico_float/float_aeabi.S.obj
                0x10004844                __wrap___aeabi_cfrcmple
                0x10004850                __wrap___aeabi_cfcmple
                0x10004850                __wrap___aeabi_cfcmpeq
 .text.__wrap___aeabi_fcmpgt
                0x10004894        0xa CMakeFiles/plc-cleaner.dir/C_/VSARM/sdk/pico/pico-sdk/src/rp2_common/pico_float/float_aeabi.S.obj
                0x10004894                __wrap___aeabi_fcmpgt
 *fill*         0x1000489e        0x2 
 .text.__wrap___aeabi_i2f
                0x100048a0       0x44 CMakeFiles/plc-cleaner.dir/C_/VSARM/sdk/pico/pico-sdk/src/rp2_common/pico_float/float_aeabi.S.obj
                0x100048a0                __wrap___aeabi_i2f
 .text.__wrap___aeabi_l2f
                0x100048e4       0x20 CMakeFiles/plc-cleaner.dir/C_/VSARM/sdk/pico/pico-sdk/src/rp2_common/pico_float/float_aeabi.S.obj
                0x100048e8                __wrap___aeabi_l2f
 .text.__wrap___aeabi_f2d
                0x10004904       0x14 CMakeFiles/plc-cleaner.dir/C_/VSARM/sdk/pico/pico-sdk/src/rp2_common/pico_float/float_aeabi.S.obj
                0x10004904                __wrap___aeabi_f2d
 .text.__aeabi_float_init
                0x10004918       0xfc CMakeFiles/plc-cleaner.dir/C_/VSARM/sdk/pico/pico-sdk/src/rp2_common/pico_float/float_init_rom.c.obj
                0x10004918                __aeabi_float_init
 .text.float_table_shim_on_use_helper
                0x10004a14       0x34 CMakeFiles/plc-cleaner.dir/C_/VSARM/sdk/pico/pico-sdk/src/rp2_common/pico_float/float_v1_rom_shim.S.obj
                0x10004a14                float_table_shim_on_use_helper
 .text.642float_shims
                0x10004a48       0x44 CMakeFiles/plc-cleaner.dir/C_/VSARM/sdk/pico/pico-sdk/src/rp2_common/pico_float/float_v1_rom_shim.S.obj
                0x10004a48                uint642float_shim
                0x10004a4a                ufix642float_shim
                0x10004a5a                int642float_shim
                0x10004a5c                fix642float_shim
 .text.float2double_shim
                0x10004a8c       0x30 CMakeFiles/plc-cleaner.dir/C_/VSARM/sdk/pico/pico-sdk/src/rp2_common/pico_float/float_v1_rom_shim.S.obj
                0x10004a8c                float2double_shim
 .text          0x10004abc       0x10 CMakeFiles/plc-cleaner.dir/C_/VSARM/sdk/pico/pico-sdk/src/rp2_common/pico_mem_ops/mem_ops_aeabi.S.obj
                0x10004abc                __aeabi_mem_init
 .text.memset   0x10004acc        0xc CMakeFiles/plc-cleaner.dir/C_/VSARM/sdk/pico/pico-sdk/src/rp2_common/pico_mem_ops/mem_ops_aeabi.S.obj
                0x10004acc                __wrap_memset
 .text.memcpy   0x10004ad8        0xc CMakeFiles/plc-cleaner.dir/C_/VSARM/sdk/pico/pico-sdk/src/rp2_common/pico_mem_ops/mem_ops_aeabi.S.obj
                0x10004ad8                __wrap_memcpy
                0x10004ad8                __wrap___aeabi_memcpy
 .text.stdio_out_chars_no_crlf
                0x10004ae4        0xe CMakeFiles/plc-cleaner.dir/C_/VSARM/sdk/pico/pico-sdk/src/rp2_common/pico_stdio/stdio.c.obj
 *fill*         0x10004af2        0x2 
 .text.stdio_out_chars_crlf
                0x10004af4       0x80 CMakeFiles/plc-cleaner.dir/C_/VSARM/sdk/pico/pico-sdk/src/rp2_common/pico_stdio/stdio.c.obj
 .text.stdio_stack_buffer_flush
                0x10004b74       0x44 CMakeFiles/plc-cleaner.dir/C_/VSARM/sdk/pico/pico-sdk/src/rp2_common/pico_stdio/stdio.c.obj
 .text.stdio_buffered_printer
                0x10004bb8       0x20 CMakeFiles/plc-cleaner.dir/C_/VSARM/sdk/pico/pico-sdk/src/rp2_common/pico_stdio/stdio.c.obj
 .text.stdout_serialize_begin
                0x10004bd8       0x5c CMakeFiles/plc-cleaner.dir/C_/VSARM/sdk/pico/pico-sdk/src/rp2_common/pico_stdio/stdio.c.obj
                0x10004bd8                stdout_serialize_begin
 .text.stdout_serialize_end
                0x10004c34       0x10 CMakeFiles/plc-cleaner.dir/C_/VSARM/sdk/pico/pico-sdk/src/rp2_common/pico_stdio/stdio.c.obj
                0x10004c34                stdout_serialize_end
 .text.stdio_put_string
                0x10004c44       0x98 CMakeFiles/plc-cleaner.dir/C_/VSARM/sdk/pico/pico-sdk/src/rp2_common/pico_stdio/stdio.c.obj
 .text.stdio_set_driver_enabled
                0x10004cdc       0x2c CMakeFiles/plc-cleaner.dir/C_/VSARM/sdk/pico/pico-sdk/src/rp2_common/pico_stdio/stdio.c.obj
                0x10004cdc                stdio_set_driver_enabled
 .text.stdio_flush
                0x10004d08       0x20 CMakeFiles/plc-cleaner.dir/C_/VSARM/sdk/pico/pico-sdk/src/rp2_common/pico_stdio/stdio.c.obj
                0x10004d08                stdio_flush
 .text.__wrap_puts
                0x10004d28       0x1e CMakeFiles/plc-cleaner.dir/C_/VSARM/sdk/pico/pico-sdk/src/rp2_common/pico_stdio/stdio.c.obj
                0x10004d28                __wrap_puts
 *fill*         0x10004d46        0x2 
 .text.__wrap_vprintf
                0x10004d48       0x40 CMakeFiles/plc-cleaner.dir/C_/VSARM/sdk/pico/pico-sdk/src/rp2_common/pico_stdio/stdio.c.obj
                0x10004d48                __wrap_vprintf
 .text.__wrap_printf
                0x10004d88       0x18 CMakeFiles/plc-cleaner.dir/C_/VSARM/sdk/pico/pico-sdk/src/rp2_common/pico_stdio/stdio.c.obj
                0x10004d88                __wrap_printf
 .text.stdio_init_all
                0x10004da0        0x8 CMakeFiles/plc-cleaner.dir/C_/VSARM/sdk/pico/pico-sdk/src/rp2_common/pico_stdio/stdio.c.obj
                0x10004da0                stdio_init_all
 .text.resetd_init
                0x10004da8        0x2 CMakeFiles/plc-cleaner.dir/C_/VSARM/sdk/pico/pico-sdk/src/rp2_common/pico_stdio_usb/reset_interface.c.obj
 *fill*         0x10004daa        0x2 
 .text.resetd_reset
                0x10004dac        0xc CMakeFiles/plc-cleaner.dir/C_/VSARM/sdk/pico/pico-sdk/src/rp2_common/pico_stdio_usb/reset_interface.c.obj
 .text.resetd_open
                0x10004db8       0x34 CMakeFiles/plc-cleaner.dir/C_/VSARM/sdk/pico/pico-sdk/src/rp2_common/pico_stdio_usb/reset_interface.c.obj
 .text.resetd_xfer_cb
                0x10004dec        0x4 CMakeFiles/plc-cleaner.dir/C_/VSARM/sdk/pico/pico-sdk/src/rp2_common/pico_stdio_usb/reset_interface.c.obj
 .text.reset_usb_boot
                0x10004df0       0x18 CMakeFiles/plc-cleaner.dir/C_/VSARM/sdk/pico/pico-sdk/src/rp2_common/pico_stdio_usb/reset_interface.c.obj
 .text.resetd_control_xfer_cb
                0x10004e08       0x5c CMakeFiles/plc-cleaner.dir/C_/VSARM/sdk/pico/pico-sdk/src/rp2_common/pico_stdio_usb/reset_interface.c.obj
 .text.usbd_app_driver_get_cb
                0x10004e64        0xc CMakeFiles/plc-cleaner.dir/C_/VSARM/sdk/pico/pico-sdk/src/rp2_common/pico_stdio_usb/reset_interface.c.obj
                0x10004e64                usbd_app_driver_get_cb
 .text.tud_cdc_line_coding_cb
                0x10004e70       0x28 CMakeFiles/plc-cleaner.dir/C_/VSARM/sdk/pico/pico-sdk/src/rp2_common/pico_stdio_usb/reset_interface.c.obj
                0x10004e70                tud_cdc_line_coding_cb
 .text.stdio_usb_set_chars_available_callback
                0x10004e98       0x14 CMakeFiles/plc-cleaner.dir/C_/VSARM/sdk/pico/pico-sdk/src/rp2_common/pico_stdio_usb/stdio_usb.c.obj
                0x10004e98                stdio_usb_set_chars_available_callback
 .text.usb_irq  0x10004eac       0x10 CMakeFiles/plc-cleaner.dir/C_/VSARM/sdk/pico/pico-sdk/src/rp2_common/pico_stdio_usb/stdio_usb.c.obj
 .text.timer_task
                0x10004ebc       0x5c CMakeFiles/plc-cleaner.dir/C_/VSARM/sdk/pico/pico-sdk/src/rp2_common/pico_stdio_usb/stdio_usb.c.obj
 .text.low_priority_worker_irq
                0x10004f18       0xdc CMakeFiles/plc-cleaner.dir/C_/VSARM/sdk/pico/pico-sdk/src/rp2_common/pico_stdio_usb/stdio_usb.c.obj
 .text.tud_cdc_rx_cb
                0x10004ff4       0x20 CMakeFiles/plc-cleaner.dir/C_/VSARM/sdk/pico/pico-sdk/src/rp2_common/pico_stdio_usb/stdio_usb.c.obj
                0x10004ff4                tud_cdc_rx_cb
 .text.stdio_usb_init
                0x10005014      0x120 CMakeFiles/plc-cleaner.dir/C_/VSARM/sdk/pico/pico-sdk/src/rp2_common/pico_stdio_usb/stdio_usb.c.obj
                0x10005014                stdio_usb_init
 .text.stdio_usb_connected
                0x10005134        0xa CMakeFiles/plc-cleaner.dir/C_/VSARM/sdk/pico/pico-sdk/src/rp2_common/pico_stdio_usb/stdio_usb.c.obj
                0x10005134                stdio_usb_connected
 *fill*         0x1000513e        0x2 
 .text.stdio_usb_in_chars
                0x10005140       0xc4 CMakeFiles/plc-cleaner.dir/C_/VSARM/sdk/pico/pico-sdk/src/rp2_common/pico_stdio_usb/stdio_usb.c.obj
                0x10005140                stdio_usb_in_chars
 .text.stdio_usb_out_chars
                0x10005204      0x114 CMakeFiles/plc-cleaner.dir/C_/VSARM/sdk/pico/pico-sdk/src/rp2_common/pico_stdio_usb/stdio_usb.c.obj
 .text.tud_descriptor_device_cb
                0x10005318        0x8 CMakeFiles/plc-cleaner.dir/C_/VSARM/sdk/pico/pico-sdk/src/rp2_common/pico_stdio_usb/stdio_usb_descriptors.c.obj
                0x10005318                tud_descriptor_device_cb
 .text.tud_descriptor_configuration_cb
                0x10005320        0x8 CMakeFiles/plc-cleaner.dir/C_/VSARM/sdk/pico/pico-sdk/src/rp2_common/pico_stdio_usb/stdio_usb_descriptors.c.obj
                0x10005320                tud_descriptor_configuration_cb
 .text.tud_descriptor_string_cb
                0x10005328       0x6c CMakeFiles/plc-cleaner.dir/C_/VSARM/sdk/pico/pico-sdk/src/rp2_common/pico_stdio_usb/stdio_usb_descriptors.c.obj
                0x10005328                tud_descriptor_string_cb
 .text._retrieve_unique_id_on_boot
                0x10005394       0x10 CMakeFiles/plc-cleaner.dir/C_/VSARM/sdk/pico/pico-sdk/src/rp2_common/pico_unique_id/unique_id.c.obj
 .text.pico_get_unique_board_id_string
                0x100053a4       0x5c CMakeFiles/plc-cleaner.dir/C_/VSARM/sdk/pico/pico-sdk/src/rp2_common/pico_unique_id/unique_id.c.obj
                0x100053a4                pico_get_unique_board_id_string
 .text.flash_get_unique_id
                0x10005400       0x46 CMakeFiles/plc-cleaner.dir/C_/VSARM/sdk/pico/pico-sdk/src/rp2_common/hardware_flash/flash.c.obj
                0x10005400                flash_get_unique_id
 *fill*         0x10005446        0x2 
 .text.hw_endpoint_get_by_addr
                0x10005448       0x18 CMakeFiles/plc-cleaner.dir/C_/VSARM/sdk/pico/pico-sdk/lib/tinyusb/src/portable/raspberrypi/rp2040/dcd_rp2040.c.obj
 .text._hw_endpoint_alloc
                0x10005460       0x70 CMakeFiles/plc-cleaner.dir/C_/VSARM/sdk/pico/pico-sdk/lib/tinyusb/src/portable/raspberrypi/rp2040/dcd_rp2040.c.obj
 .text.hw_endpoint_init
                0x100054d0       0x88 CMakeFiles/plc-cleaner.dir/C_/VSARM/sdk/pico/pico-sdk/lib/tinyusb/src/portable/raspberrypi/rp2040/dcd_rp2040.c.obj
 .text.hw_endpoint_xfer
                0x10005558       0x14 CMakeFiles/plc-cleaner.dir/C_/VSARM/sdk/pico/pico-sdk/lib/tinyusb/src/portable/raspberrypi/rp2040/dcd_rp2040.c.obj
 .text.dcd_int_enable
                0x1000556c       0x2c CMakeFiles/plc-cleaner.dir/C_/VSARM/sdk/pico/pico-sdk/lib/tinyusb/src/portable/raspberrypi/rp2040/dcd_rp2040.c.obj
                0x1000556c                dcd_int_enable
 .text.dcd_set_address
                0x10005598       0x2c CMakeFiles/plc-cleaner.dir/C_/VSARM/sdk/pico/pico-sdk/lib/tinyusb/src/portable/raspberrypi/rp2040/dcd_rp2040.c.obj
                0x10005598                dcd_set_address
 .text.dcd_connect
                0x100055c4       0x10 CMakeFiles/plc-cleaner.dir/C_/VSARM/sdk/pico/pico-sdk/lib/tinyusb/src/portable/raspberrypi/rp2040/dcd_rp2040.c.obj
                0x100055c4                dcd_connect
 .text.dcd_init
                0x100055d4       0x80 CMakeFiles/plc-cleaner.dir/C_/VSARM/sdk/pico/pico-sdk/lib/tinyusb/src/portable/raspberrypi/rp2040/dcd_rp2040.c.obj
                0x100055d4                dcd_init
 .text.dcd_edpt0_status_complete
                0x10005654       0x1c CMakeFiles/plc-cleaner.dir/C_/VSARM/sdk/pico/pico-sdk/lib/tinyusb/src/portable/raspberrypi/rp2040/dcd_rp2040.c.obj
                0x10005654                dcd_edpt0_status_complete
 .text.dcd_edpt_open
                0x10005670       0x40 CMakeFiles/plc-cleaner.dir/C_/VSARM/sdk/pico/pico-sdk/lib/tinyusb/src/portable/raspberrypi/rp2040/dcd_rp2040.c.obj
                0x10005670                dcd_edpt_open
 .text.dcd_edpt_close_all
                0x100056b0        0x8 CMakeFiles/plc-cleaner.dir/C_/VSARM/sdk/pico/pico-sdk/lib/tinyusb/src/portable/raspberrypi/rp2040/dcd_rp2040.c.obj
                0x100056b0                dcd_edpt_close_all
 .text.dcd_edpt_xfer
                0x100056b8       0x34 CMakeFiles/plc-cleaner.dir/C_/VSARM/sdk/pico/pico-sdk/lib/tinyusb/src/portable/raspberrypi/rp2040/dcd_rp2040.c.obj
                0x100056b8                dcd_edpt_xfer
 .text.dcd_edpt_stall
                0x100056ec       0x2c CMakeFiles/plc-cleaner.dir/C_/VSARM/sdk/pico/pico-sdk/lib/tinyusb/src/portable/raspberrypi/rp2040/dcd_rp2040.c.obj
                0x100056ec                dcd_edpt_stall
 .text.dcd_edpt_clear_stall
                0x10005718       0x20 CMakeFiles/plc-cleaner.dir/C_/VSARM/sdk/pico/pico-sdk/lib/tinyusb/src/portable/raspberrypi/rp2040/dcd_rp2040.c.obj
                0x10005718                dcd_edpt_clear_stall
 .text.rp2040_usb_init
                0x10005738       0x4c CMakeFiles/plc-cleaner.dir/C_/VSARM/sdk/pico/pico-sdk/lib/tinyusb/src/portable/raspberrypi/rp2040/rp2040_usb.c.obj
                0x10005738                rp2040_usb_init
 .text.hw_endpoint_xfer_start
                0x10005784       0x50 CMakeFiles/plc-cleaner.dir/C_/VSARM/sdk/pico/pico-sdk/lib/tinyusb/src/portable/raspberrypi/rp2040/rp2040_usb.c.obj
                0x10005784                hw_endpoint_xfer_start
 .text.configuration_reset
                0x100057d4       0x84 CMakeFiles/plc-cleaner.dir/C_/VSARM/sdk/pico/pico-sdk/lib/tinyusb/src/device/usbd.c.obj
 .text.usbd_reset
                0x10005858        0xc CMakeFiles/plc-cleaner.dir/C_/VSARM/sdk/pico/pico-sdk/lib/tinyusb/src/device/usbd.c.obj
 .text.invoke_class_control
                0x10005864       0x1a CMakeFiles/plc-cleaner.dir/C_/VSARM/sdk/pico/pico-sdk/lib/tinyusb/src/device/usbd.c.obj
 *fill*         0x1000587e        0x2 
 .text.process_set_config
                0x10005880      0x178 CMakeFiles/plc-cleaner.dir/C_/VSARM/sdk/pico/pico-sdk/lib/tinyusb/src/device/usbd.c.obj
 .text.process_get_descriptor
                0x100059f8       0xdc CMakeFiles/plc-cleaner.dir/C_/VSARM/sdk/pico/pico-sdk/lib/tinyusb/src/device/usbd.c.obj
 .text.tud_mounted
                0x10005ad4       0x10 CMakeFiles/plc-cleaner.dir/C_/VSARM/sdk/pico/pico-sdk/lib/tinyusb/src/device/usbd.c.obj
                0x10005ad4                tud_mounted
 .text.tud_suspended
                0x10005ae4       0x10 CMakeFiles/plc-cleaner.dir/C_/VSARM/sdk/pico/pico-sdk/lib/tinyusb/src/device/usbd.c.obj
                0x10005ae4                tud_suspended
 .text.tud_inited
                0x10005af4       0x14 CMakeFiles/plc-cleaner.dir/C_/VSARM/sdk/pico/pico-sdk/lib/tinyusb/src/device/usbd.c.obj
                0x10005af4                tud_inited
 .text.tud_init
                0x10005b08       0xcc CMakeFiles/plc-cleaner.dir/C_/VSARM/sdk/pico/pico-sdk/lib/tinyusb/src/device/usbd.c.obj
                0x10005b08                tud_init
 .text.usbd_defer_func
                0x10005bd4       0x2a CMakeFiles/plc-cleaner.dir/C_/VSARM/sdk/pico/pico-sdk/lib/tinyusb/src/device/usbd.c.obj
                0x10005bd4                usbd_defer_func
 *fill*         0x10005bfe        0x2 
 .text.usbd_edpt_open
                0x10005c00       0x34 CMakeFiles/plc-cleaner.dir/C_/VSARM/sdk/pico/pico-sdk/lib/tinyusb/src/device/usbd.c.obj
                0x10005c00                usbd_edpt_open
 .text.usbd_open_edpt_pair
                0x10005c34       0x62 CMakeFiles/plc-cleaner.dir/C_/VSARM/sdk/pico/pico-sdk/lib/tinyusb/src/device/usbd.c.obj
                0x10005c34                usbd_open_edpt_pair
 *fill*         0x10005c96        0x2 
 .text.usbd_edpt_claim
                0x10005c98       0x28 CMakeFiles/plc-cleaner.dir/C_/VSARM/sdk/pico/pico-sdk/lib/tinyusb/src/device/usbd.c.obj
                0x10005c98                usbd_edpt_claim
 .text.usbd_edpt_release
                0x10005cc0       0x28 CMakeFiles/plc-cleaner.dir/C_/VSARM/sdk/pico/pico-sdk/lib/tinyusb/src/device/usbd.c.obj
                0x10005cc0                usbd_edpt_release
 .text.usbd_edpt_xfer
                0x10005ce8       0x7c CMakeFiles/plc-cleaner.dir/C_/VSARM/sdk/pico/pico-sdk/lib/tinyusb/src/device/usbd.c.obj
                0x10005ce8                usbd_edpt_xfer
 .text.usbd_edpt_stall
                0x10005d64       0x48 CMakeFiles/plc-cleaner.dir/C_/VSARM/sdk/pico/pico-sdk/lib/tinyusb/src/device/usbd.c.obj
                0x10005d64                usbd_edpt_stall
 .text.usbd_edpt_clear_stall
                0x10005dac       0x48 CMakeFiles/plc-cleaner.dir/C_/VSARM/sdk/pico/pico-sdk/lib/tinyusb/src/device/usbd.c.obj
                0x10005dac                usbd_edpt_clear_stall
 .text.usbd_edpt_stalled
                0x10005df4       0x1c CMakeFiles/plc-cleaner.dir/C_/VSARM/sdk/pico/pico-sdk/lib/tinyusb/src/device/usbd.c.obj
                0x10005df4                usbd_edpt_stalled
 .text.process_control_request
                0x10005e10      0x37c CMakeFiles/plc-cleaner.dir/C_/VSARM/sdk/pico/pico-sdk/lib/tinyusb/src/device/usbd.c.obj
 .text.tud_task_ext
                0x1000618c      0x1b8 CMakeFiles/plc-cleaner.dir/C_/VSARM/sdk/pico/pico-sdk/lib/tinyusb/src/device/usbd.c.obj
                0x1000618c                tud_task_ext
 .text._data_stage_xact
                0x10006344       0x58 CMakeFiles/plc-cleaner.dir/C_/VSARM/sdk/pico/pico-sdk/lib/tinyusb/src/device/usbd_control.c.obj
 .text.tud_control_status
                0x1000639c       0x38 CMakeFiles/plc-cleaner.dir/C_/VSARM/sdk/pico/pico-sdk/lib/tinyusb/src/device/usbd_control.c.obj
                0x1000639c                tud_control_status
 .text.tud_control_xfer
                0x100063d4       0x78 CMakeFiles/plc-cleaner.dir/C_/VSARM/sdk/pico/pico-sdk/lib/tinyusb/src/device/usbd_control.c.obj
                0x100063d4                tud_control_xfer
 .text.usbd_control_reset
                0x1000644c       0x14 CMakeFiles/plc-cleaner.dir/C_/VSARM/sdk/pico/pico-sdk/lib/tinyusb/src/device/usbd_control.c.obj
                0x1000644c                usbd_control_reset
 .text.usbd_control_set_complete_callback
                0x10006460        0xc CMakeFiles/plc-cleaner.dir/C_/VSARM/sdk/pico/pico-sdk/lib/tinyusb/src/device/usbd_control.c.obj
                0x10006460                usbd_control_set_complete_callback
 .text.usbd_control_set_request
                0x1000646c       0x1c CMakeFiles/plc-cleaner.dir/C_/VSARM/sdk/pico/pico-sdk/lib/tinyusb/src/device/usbd_control.c.obj
                0x1000646c                usbd_control_set_request
 .text.usbd_control_xfer_cb
                0x10006488       0xcc CMakeFiles/plc-cleaner.dir/C_/VSARM/sdk/pico/pico-sdk/lib/tinyusb/src/device/usbd_control.c.obj
                0x10006488                usbd_control_xfer_cb
 .text._prep_out_transaction
                0x10006554       0x4a CMakeFiles/plc-cleaner.dir/C_/VSARM/sdk/pico/pico-sdk/lib/tinyusb/src/class/cdc/cdc_device.c.obj
 *fill*         0x1000659e        0x2 
 .text.tud_cdc_n_connected
                0x100065a0       0x44 CMakeFiles/plc-cleaner.dir/C_/VSARM/sdk/pico/pico-sdk/lib/tinyusb/src/class/cdc/cdc_device.c.obj
                0x100065a0                tud_cdc_n_connected
 .text.tud_cdc_n_available
                0x100065e4       0x18 CMakeFiles/plc-cleaner.dir/C_/VSARM/sdk/pico/pico-sdk/lib/tinyusb/src/class/cdc/cdc_device.c.obj
                0x100065e4                tud_cdc_n_available
 .text.tud_cdc_n_read
                0x100065fc       0x28 CMakeFiles/plc-cleaner.dir/C_/VSARM/sdk/pico/pico-sdk/lib/tinyusb/src/class/cdc/cdc_device.c.obj
                0x100065fc                tud_cdc_n_read
 .text.tud_cdc_n_write_flush
                0x10006624       0xb8 CMakeFiles/plc-cleaner.dir/C_/VSARM/sdk/pico/pico-sdk/lib/tinyusb/src/class/cdc/cdc_device.c.obj
                0x10006624                tud_cdc_n_write_flush
 .text.tud_cdc_n_write
                0x100066dc       0x38 CMakeFiles/plc-cleaner.dir/C_/VSARM/sdk/pico/pico-sdk/lib/tinyusb/src/class/cdc/cdc_device.c.obj
                0x100066dc                tud_cdc_n_write
 .text.tud_cdc_n_write_available
                0x10006714       0x1c CMakeFiles/plc-cleaner.dir/C_/VSARM/sdk/pico/pico-sdk/lib/tinyusb/src/class/cdc/cdc_device.c.obj
                0x10006714                tud_cdc_n_write_available
 .text.cdcd_init
                0x10006730       0xbc CMakeFiles/plc-cleaner.dir/C_/VSARM/sdk/pico/pico-sdk/lib/tinyusb/src/class/cdc/cdc_device.c.obj
                0x10006730                cdcd_init
 .text.cdcd_reset
                0x100067ec       0x44 CMakeFiles/plc-cleaner.dir/C_/VSARM/sdk/pico/pico-sdk/lib/tinyusb/src/class/cdc/cdc_device.c.obj
                0x100067ec                cdcd_reset
 .text.cdcd_open
                0x10006830       0xcc CMakeFiles/plc-cleaner.dir/C_/VSARM/sdk/pico/pico-sdk/lib/tinyusb/src/class/cdc/cdc_device.c.obj
                0x10006830                cdcd_open
 .text.cdcd_control_xfer_cb
                0x100068fc      0x134 CMakeFiles/plc-cleaner.dir/C_/VSARM/sdk/pico/pico-sdk/lib/tinyusb/src/class/cdc/cdc_device.c.obj
                0x100068fc                cdcd_control_xfer_cb
 .text.cdcd_xfer_cb
                0x10006a30      0x130 CMakeFiles/plc-cleaner.dir/C_/VSARM/sdk/pico/pico-sdk/lib/tinyusb/src/class/cdc/cdc_device.c.obj
                0x10006a30                cdcd_xfer_cb
 .text.tusb_init
                0x10006b60        0xa CMakeFiles/plc-cleaner.dir/C_/VSARM/sdk/pico/pico-sdk/lib/tinyusb/src/tusb.c.obj
                0x10006b60                tusb_init
 .text.tusb_inited
                0x10006b6a        0xe CMakeFiles/plc-cleaner.dir/C_/VSARM/sdk/pico/pico-sdk/lib/tinyusb/src/tusb.c.obj
                0x10006b6a                tusb_inited
 .text.tu_edpt_claim
                0x10006b78       0x50 CMakeFiles/plc-cleaner.dir/C_/VSARM/sdk/pico/pico-sdk/lib/tinyusb/src/tusb.c.obj
                0x10006b78                tu_edpt_claim
 .text.tu_edpt_release
                0x10006bc8       0x3c CMakeFiles/plc-cleaner.dir/C_/VSARM/sdk/pico/pico-sdk/lib/tinyusb/src/tusb.c.obj
                0x10006bc8                tu_edpt_release
 .text.tu_edpt_validate
                0x10006c04       0x78 CMakeFiles/plc-cleaner.dir/C_/VSARM/sdk/pico/pico-sdk/lib/tinyusb/src/tusb.c.obj
                0x10006c04                tu_edpt_validate
 .text.tu_edpt_bind_driver
                0x10006c7c       0x26 CMakeFiles/plc-cleaner.dir/C_/VSARM/sdk/pico/pico-sdk/lib/tinyusb/src/tusb.c.obj
                0x10006c7c                tu_edpt_bind_driver
 .text.advance_index
                0x10006ca2       0x1a CMakeFiles/plc-cleaner.dir/C_/VSARM/sdk/pico/pico-sdk/lib/tinyusb/src/common/tusb_fifo.c.obj
 .text._tu_fifo_peek
                0x10006cbc       0x56 CMakeFiles/plc-cleaner.dir/C_/VSARM/sdk/pico/pico-sdk/lib/tinyusb/src/common/tusb_fifo.c.obj
 .text._ff_pull_const_addr
                0x10006d12       0x4c CMakeFiles/plc-cleaner.dir/C_/VSARM/sdk/pico/pico-sdk/lib/tinyusb/src/common/tusb_fifo.c.obj
 .text._ff_pull_n
                0x10006d5e      0x110 CMakeFiles/plc-cleaner.dir/C_/VSARM/sdk/pico/pico-sdk/lib/tinyusb/src/common/tusb_fifo.c.obj
 .text._tu_fifo_peek_n
                0x10006e6e       0x6a CMakeFiles/plc-cleaner.dir/C_/VSARM/sdk/pico/pico-sdk/lib/tinyusb/src/common/tusb_fifo.c.obj
 .text._tu_fifo_read_n
                0x10006ed8       0x4e CMakeFiles/plc-cleaner.dir/C_/VSARM/sdk/pico/pico-sdk/lib/tinyusb/src/common/tusb_fifo.c.obj
 .text._ff_push_const_addr
                0x10006f26       0x40 CMakeFiles/plc-cleaner.dir/C_/VSARM/sdk/pico/pico-sdk/lib/tinyusb/src/common/tusb_fifo.c.obj
 .text._ff_push_n
                0x10006f66      0x10c CMakeFiles/plc-cleaner.dir/C_/VSARM/sdk/pico/pico-sdk/lib/tinyusb/src/common/tusb_fifo.c.obj
 .text._tu_fifo_write_n
                0x10007072       0xf0 CMakeFiles/plc-cleaner.dir/C_/VSARM/sdk/pico/pico-sdk/lib/tinyusb/src/common/tusb_fifo.c.obj
 .text.tu_fifo_config
                0x10007162       0x7c CMakeFiles/plc-cleaner.dir/C_/VSARM/sdk/pico/pico-sdk/lib/tinyusb/src/common/tusb_fifo.c.obj
                0x10007162                tu_fifo_config
 .text.tu_fifo_count
                0x100071de       0x2a CMakeFiles/plc-cleaner.dir/C_/VSARM/sdk/pico/pico-sdk/lib/tinyusb/src/common/tusb_fifo.c.obj
                0x100071de                tu_fifo_count
 .text.tu_fifo_empty
                0x10007208        0xe CMakeFiles/plc-cleaner.dir/C_/VSARM/sdk/pico/pico-sdk/lib/tinyusb/src/common/tusb_fifo.c.obj
                0x10007208                tu_fifo_empty
 .text.tu_fifo_full
                0x10007216       0x28 CMakeFiles/plc-cleaner.dir/C_/VSARM/sdk/pico/pico-sdk/lib/tinyusb/src/common/tusb_fifo.c.obj
                0x10007216                tu_fifo_full
 .text.tu_fifo_remaining
                0x1000723e       0x2c CMakeFiles/plc-cleaner.dir/C_/VSARM/sdk/pico/pico-sdk/lib/tinyusb/src/common/tusb_fifo.c.obj
                0x1000723e                tu_fifo_remaining
 .text.tu_fifo_read
                0x1000726a       0x42 CMakeFiles/plc-cleaner.dir/C_/VSARM/sdk/pico/pico-sdk/lib/tinyusb/src/common/tusb_fifo.c.obj
                0x1000726a                tu_fifo_read
 .text.tu_fifo_read_n
                0x100072ac        0xa CMakeFiles/plc-cleaner.dir/C_/VSARM/sdk/pico/pico-sdk/lib/tinyusb/src/common/tusb_fifo.c.obj
                0x100072ac                tu_fifo_read_n
 .text.tu_fifo_write
                0x100072b6       0x64 CMakeFiles/plc-cleaner.dir/C_/VSARM/sdk/pico/pico-sdk/lib/tinyusb/src/common/tusb_fifo.c.obj
                0x100072b6                tu_fifo_write
 .text.tu_fifo_write_n
                0x1000731a        0xa CMakeFiles/plc-cleaner.dir/C_/VSARM/sdk/pico/pico-sdk/lib/tinyusb/src/common/tusb_fifo.c.obj
                0x1000731a                tu_fifo_write_n
 .text.tu_fifo_clear
                0x10007324       0x3e CMakeFiles/plc-cleaner.dir/C_/VSARM/sdk/pico/pico-sdk/lib/tinyusb/src/common/tusb_fifo.c.obj
                0x10007324                tu_fifo_clear
 .text.tu_fifo_set_overwritable
                0x10007362       0x46 CMakeFiles/plc-cleaner.dir/C_/VSARM/sdk/pico/pico-sdk/lib/tinyusb/src/common/tusb_fifo.c.obj
                0x10007362                tu_fifo_set_overwritable
 .text.i2c_write_blocking_internal
                0x100073a8      0x140 CMakeFiles/plc-cleaner.dir/C_/VSARM/sdk/pico/pico-sdk/src/rp2_common/hardware_i2c/i2c.c.obj
 .text.i2c_read_blocking_internal
                0x100074e8       0xea CMakeFiles/plc-cleaner.dir/C_/VSARM/sdk/pico/pico-sdk/src/rp2_common/hardware_i2c/i2c.c.obj
 *fill*         0x100075d2        0x2 
 .text.i2c_set_baudrate
                0x100075d4       0xf0 CMakeFiles/plc-cleaner.dir/C_/VSARM/sdk/pico/pico-sdk/src/rp2_common/hardware_i2c/i2c.c.obj
                0x100075d4                i2c_set_baudrate
 .text.i2c_init
                0x100076c4       0x58 CMakeFiles/plc-cleaner.dir/C_/VSARM/sdk/pico/pico-sdk/src/rp2_common/hardware_i2c/i2c.c.obj
                0x100076c4                i2c_init
 .text.i2c_write_blocking
                0x1000771c       0x18 CMakeFiles/plc-cleaner.dir/C_/VSARM/sdk/pico/pico-sdk/src/rp2_common/hardware_i2c/i2c.c.obj
                0x1000771c                i2c_write_blocking
 .text.i2c_read_blocking
                0x10007734       0x18 CMakeFiles/plc-cleaner.dir/C_/VSARM/sdk/pico/pico-sdk/src/rp2_common/hardware_i2c/i2c.c.obj
                0x10007734                i2c_read_blocking
 .text.prvHeapInit
                0x1000774c       0x58 CMakeFiles/plc-cleaner.dir/C_/VSARM/FreeRTOS-Kernel/portable/MemMang/heap_4.c.obj
 .text.prvInsertBlockIntoFreeList
                0x100077a4       0x88 CMakeFiles/plc-cleaner.dir/C_/VSARM/FreeRTOS-Kernel/portable/MemMang/heap_4.c.obj
 .text.pvPortMalloc
                0x1000782c      0x188 CMakeFiles/plc-cleaner.dir/C_/VSARM/FreeRTOS-Kernel/portable/MemMang/heap_4.c.obj
                0x1000782c                pvPortMalloc
 .text.vPortFree
                0x100079b4       0xa4 CMakeFiles/plc-cleaner.dir/C_/VSARM/FreeRTOS-Kernel/portable/MemMang/heap_4.c.obj
                0x100079b4                vPortFree
 .text.vPortSVCHandler
                0x10007a58        0x2 CMakeFiles/plc-cleaner.dir/C_/VSARM/FreeRTOS-Kernel/portable/ThirdParty/GCC/RP2040/port.c.obj
                0x10007a58                vPortSVCHandler
 *fill*         0x10007a5a        0x6 
 .text.vPortStartFirstTask
                0x10007a60       0x34 CMakeFiles/plc-cleaner.dir/C_/VSARM/FreeRTOS-Kernel/portable/ThirdParty/GCC/RP2040/port.c.obj
 *fill*         0x10007a94        0xc 
 .text.xPortPendSVHandler
                0x10007aa0       0x64 CMakeFiles/plc-cleaner.dir/C_/VSARM/FreeRTOS-Kernel/portable/ThirdParty/GCC/RP2040/port.c.obj
                0x10007aa0                xPortPendSVHandler
 .text.prvTaskExitError
                0x10007b04        0x6 CMakeFiles/plc-cleaner.dir/C_/VSARM/FreeRTOS-Kernel/portable/ThirdParty/GCC/RP2040/port.c.obj
 *fill*         0x10007b0a        0x2 
 .text.prvFIFOInterruptHandler
                0x10007b0c       0x78 CMakeFiles/plc-cleaner.dir/C_/VSARM/FreeRTOS-Kernel/portable/ThirdParty/GCC/RP2040/port.c.obj
 .text.prvGetTicksToWaitBefore
                0x10007b84       0x5c CMakeFiles/plc-cleaner.dir/C_/VSARM/FreeRTOS-Kernel/portable/ThirdParty/GCC/RP2040/port.c.obj
 .text.pxPortInitialiseStack
                0x10007be0       0x24 CMakeFiles/plc-cleaner.dir/C_/VSARM/FreeRTOS-Kernel/portable/ThirdParty/GCC/RP2040/port.c.obj
                0x10007be0                pxPortInitialiseStack
 .text.vPortYield
                0x10007c04       0x18 CMakeFiles/plc-cleaner.dir/C_/VSARM/FreeRTOS-Kernel/portable/ThirdParty/GCC/RP2040/port.c.obj
                0x10007c04                vPortYield
 .text.vPortEnterCritical
                0x10007c1c       0x18 CMakeFiles/plc-cleaner.dir/C_/VSARM/FreeRTOS-Kernel/portable/ThirdParty/GCC/RP2040/port.c.obj
                0x10007c1c                vPortEnterCritical
 .text.vPortExitCritical
                0x10007c34       0x38 CMakeFiles/plc-cleaner.dir/C_/VSARM/FreeRTOS-Kernel/portable/ThirdParty/GCC/RP2040/port.c.obj
                0x10007c34                vPortExitCritical
 .text.ulSetInterruptMaskFromISR
                0x10007c6c        0x8 CMakeFiles/plc-cleaner.dir/C_/VSARM/FreeRTOS-Kernel/portable/ThirdParty/GCC/RP2040/port.c.obj
                0x10007c6c                ulSetInterruptMaskFromISR
 .text.vClearInterruptMaskFromISR
                0x10007c74        0x6 CMakeFiles/plc-cleaner.dir/C_/VSARM/FreeRTOS-Kernel/portable/ThirdParty/GCC/RP2040/port.c.obj
                0x10007c74                vClearInterruptMaskFromISR
 *fill*         0x10007c7a        0x2 
 .text.xPortSysTickHandler
                0x10007c7c       0x24 CMakeFiles/plc-cleaner.dir/C_/VSARM/FreeRTOS-Kernel/portable/ThirdParty/GCC/RP2040/port.c.obj
                0x10007c7c                xPortSysTickHandler
 .text.vPortSetupTimerInterrupt
                0x10007ca0       0x34 CMakeFiles/plc-cleaner.dir/C_/VSARM/FreeRTOS-Kernel/portable/ThirdParty/GCC/RP2040/port.c.obj
                0x10007ca0                vPortSetupTimerInterrupt
 .text.xPortStartScheduler
                0x10007cd4       0xa8 CMakeFiles/plc-cleaner.dir/C_/VSARM/FreeRTOS-Kernel/portable/ThirdParty/GCC/RP2040/port.c.obj
                0x10007cd4                xPortStartScheduler
 .text.ulPortLockGetCurrentOwnerId
                0x10007d7c       0x2c CMakeFiles/plc-cleaner.dir/C_/VSARM/FreeRTOS-Kernel/portable/ThirdParty/GCC/RP2040/port.c.obj
                0x10007d7c                ulPortLockGetCurrentOwnerId
 .text.vPortLockInternalSpinUnlockWithNotify
                0x10007da8       0xd4 CMakeFiles/plc-cleaner.dir/C_/VSARM/FreeRTOS-Kernel/portable/ThirdParty/GCC/RP2040/port.c.obj
                0x10007da8                vPortLockInternalSpinUnlockWithNotify
 .text.xPortLockInternalSpinUnlockWithBestEffortWaitOrTimeout
                0x10007e7c      0x104 CMakeFiles/plc-cleaner.dir/C_/VSARM/FreeRTOS-Kernel/portable/ThirdParty/GCC/RP2040/port.c.obj
                0x10007e7c                xPortLockInternalSpinUnlockWithBestEffortWaitOrTimeout
 .text.prvRuntimeInitializer
                0x10007f80       0x28 CMakeFiles/plc-cleaner.dir/C_/VSARM/FreeRTOS-Kernel/portable/ThirdParty/GCC/RP2040/port.c.obj
 .text.prvTestWaitCondition
                0x10007fa8       0x1e CMakeFiles/plc-cleaner.dir/C_/VSARM/FreeRTOS-Kernel/event_groups.c.obj
 .text.xEventGroupCreate
                0x10007fc6       0x18 CMakeFiles/plc-cleaner.dir/C_/VSARM/FreeRTOS-Kernel/event_groups.c.obj
                0x10007fc6                xEventGroupCreate
 *fill*         0x10007fde        0x2 
 .text.xEventGroupWaitBits
                0x10007fe0      0x124 CMakeFiles/plc-cleaner.dir/C_/VSARM/FreeRTOS-Kernel/event_groups.c.obj
                0x10007fe0                xEventGroupWaitBits
 .text.xEventGroupSetBits
                0x10008104       0x98 CMakeFiles/plc-cleaner.dir/C_/VSARM/FreeRTOS-Kernel/event_groups.c.obj
                0x10008104                xEventGroupSetBits
 .text.vEventGroupSetBitsCallback
                0x1000819c        0x8 CMakeFiles/plc-cleaner.dir/C_/VSARM/FreeRTOS-Kernel/event_groups.c.obj
                0x1000819c                vEventGroupSetBitsCallback
 .text.xEventGroupSetBitsFromISR
                0x100081a4       0x18 CMakeFiles/plc-cleaner.dir/C_/VSARM/FreeRTOS-Kernel/event_groups.c.obj
                0x100081a4                xEventGroupSetBitsFromISR
 .text.vListInitialise
                0x100081bc       0x16 CMakeFiles/plc-cleaner.dir/C_/VSARM/FreeRTOS-Kernel/list.c.obj
                0x100081bc                vListInitialise
 .text.vListInitialiseItem
                0x100081d2        0x6 CMakeFiles/plc-cleaner.dir/C_/VSARM/FreeRTOS-Kernel/list.c.obj
                0x100081d2                vListInitialiseItem
 .text.vListInsert
                0x100081d8       0x2e CMakeFiles/plc-cleaner.dir/C_/VSARM/FreeRTOS-Kernel/list.c.obj
                0x100081d8                vListInsert
 .text.uxListRemove
                0x10008206       0x24 CMakeFiles/plc-cleaner.dir/C_/VSARM/FreeRTOS-Kernel/list.c.obj
                0x10008206                uxListRemove
 .text.prvIsQueueEmpty
                0x1000822a       0x1c CMakeFiles/plc-cleaner.dir/C_/VSARM/FreeRTOS-Kernel/queue.c.obj
 .text.prvCopyDataToQueue
                0x10008246       0x7e CMakeFiles/plc-cleaner.dir/C_/VSARM/FreeRTOS-Kernel/queue.c.obj
 .text.prvCopyDataFromQueue
                0x100082c4       0x24 CMakeFiles/plc-cleaner.dir/C_/VSARM/FreeRTOS-Kernel/queue.c.obj
 .text.prvNotifyQueueSetContainer
                0x100082e8       0xa8 CMakeFiles/plc-cleaner.dir/C_/VSARM/FreeRTOS-Kernel/queue.c.obj
 .text.prvUnlockQueue
                0x10008390       0x88 CMakeFiles/plc-cleaner.dir/C_/VSARM/FreeRTOS-Kernel/queue.c.obj
 .text.xQueueGenericReset
                0x10008418       0xd8 CMakeFiles/plc-cleaner.dir/C_/VSARM/FreeRTOS-Kernel/queue.c.obj
                0x10008418                xQueueGenericReset
 .text.prvInitialiseNewQueue
                0x100084f0       0x26 CMakeFiles/plc-cleaner.dir/C_/VSARM/FreeRTOS-Kernel/queue.c.obj
 *fill*         0x10008516        0x2 
 .text.xQueueGenericCreate
                0x10008518       0x90 CMakeFiles/plc-cleaner.dir/C_/VSARM/FreeRTOS-Kernel/queue.c.obj
                0x10008518                xQueueGenericCreate
 .text.xQueueGenericSendFromISR
                0x100085a8      0x13c CMakeFiles/plc-cleaner.dir/C_/VSARM/FreeRTOS-Kernel/queue.c.obj
                0x100085a8                xQueueGenericSendFromISR
 .text.xQueueReceive
                0x100086e4      0x150 CMakeFiles/plc-cleaner.dir/C_/VSARM/FreeRTOS-Kernel/queue.c.obj
                0x100086e4                xQueueReceive
 .text.vQueueAddToRegistry
                0x10008834       0x64 CMakeFiles/plc-cleaner.dir/C_/VSARM/FreeRTOS-Kernel/queue.c.obj
                0x10008834                vQueueAddToRegistry
 .text.vQueueWaitForMessageRestricted
                0x10008898       0x50 CMakeFiles/plc-cleaner.dir/C_/VSARM/FreeRTOS-Kernel/queue.c.obj
                0x10008898                vQueueWaitForMessageRestricted
 .text.prvResetNextTaskUnblockTime
                0x100088e8       0x2c CMakeFiles/plc-cleaner.dir/C_/VSARM/FreeRTOS-Kernel/tasks.c.obj
 .text.prvDeleteTCB
                0x10008914       0x12 CMakeFiles/plc-cleaner.dir/C_/VSARM/FreeRTOS-Kernel/tasks.c.obj
 *fill*         0x10008926        0x2 
 .text.prvInitialiseNewTask
                0x10008928       0xb0 CMakeFiles/plc-cleaner.dir/C_/VSARM/FreeRTOS-Kernel/tasks.c.obj
 .text.prvCreateTask
                0x100089d8       0x5a CMakeFiles/plc-cleaner.dir/C_/VSARM/FreeRTOS-Kernel/tasks.c.obj
 *fill*         0x10008a32        0x2 
 .text.prvInitialiseTaskLists
                0x10008a34       0x68 CMakeFiles/plc-cleaner.dir/C_/VSARM/FreeRTOS-Kernel/tasks.c.obj
 .text.prvAddNewTaskToReadyList
                0x10008a9c       0xc4 CMakeFiles/plc-cleaner.dir/C_/VSARM/FreeRTOS-Kernel/tasks.c.obj
 .text.prvCheckTasksWaitingTermination
                0x10008b60       0x44 CMakeFiles/plc-cleaner.dir/C_/VSARM/FreeRTOS-Kernel/tasks.c.obj
 .text.prvIdleTask
                0x10008ba4       0x18 CMakeFiles/plc-cleaner.dir/C_/VSARM/FreeRTOS-Kernel/tasks.c.obj
 .text.prvAddCurrentTaskToDelayedList
                0x10008bbc       0xa8 CMakeFiles/plc-cleaner.dir/C_/VSARM/FreeRTOS-Kernel/tasks.c.obj
 .text.xTaskCreate
                0x10008c64       0x24 CMakeFiles/plc-cleaner.dir/C_/VSARM/FreeRTOS-Kernel/tasks.c.obj
                0x10008c64                xTaskCreate
 .text.prvCreateIdleTasks
                0x10008c88       0x68 CMakeFiles/plc-cleaner.dir/C_/VSARM/FreeRTOS-Kernel/tasks.c.obj
 .text.vTaskStartScheduler
                0x10008cf0       0x68 CMakeFiles/plc-cleaner.dir/C_/VSARM/FreeRTOS-Kernel/tasks.c.obj
                0x10008cf0                vTaskStartScheduler
 .text.vTaskSuspendAll
                0x10008d58       0x10 CMakeFiles/plc-cleaner.dir/C_/VSARM/FreeRTOS-Kernel/tasks.c.obj
                0x10008d58                vTaskSuspendAll
 .text.xTaskGetTickCount
                0x10008d68        0xc CMakeFiles/plc-cleaner.dir/C_/VSARM/FreeRTOS-Kernel/tasks.c.obj
                0x10008d68                xTaskGetTickCount
 .text.uxTaskGetNumberOfTasks
                0x10008d74        0xc CMakeFiles/plc-cleaner.dir/C_/VSARM/FreeRTOS-Kernel/tasks.c.obj
                0x10008d74                uxTaskGetNumberOfTasks
 .text.xTaskIncrementTick
                0x10008d80      0x17c CMakeFiles/plc-cleaner.dir/C_/VSARM/FreeRTOS-Kernel/tasks.c.obj
                0x10008d80                xTaskIncrementTick
 .text.xTaskResumeAll
                0x10008efc      0x160 CMakeFiles/plc-cleaner.dir/C_/VSARM/FreeRTOS-Kernel/tasks.c.obj
                0x10008efc                xTaskResumeAll
 .text.vTaskDelay
                0x1000905c       0x48 CMakeFiles/plc-cleaner.dir/C_/VSARM/FreeRTOS-Kernel/tasks.c.obj
                0x1000905c                vTaskDelay
 .text.vTaskSwitchContext
                0x100090a4       0xa8 CMakeFiles/plc-cleaner.dir/C_/VSARM/FreeRTOS-Kernel/tasks.c.obj
                0x100090a4                vTaskSwitchContext
 .text.vTaskPlaceOnEventList
                0x1000914c       0x3c CMakeFiles/plc-cleaner.dir/C_/VSARM/FreeRTOS-Kernel/tasks.c.obj
                0x1000914c                vTaskPlaceOnEventList
 .text.vTaskPlaceOnUnorderedEventList
                0x10009188       0x80 CMakeFiles/plc-cleaner.dir/C_/VSARM/FreeRTOS-Kernel/tasks.c.obj
                0x10009188                vTaskPlaceOnUnorderedEventList
 .text.vTaskPlaceOnEventListRestricted
                0x10009208       0x60 CMakeFiles/plc-cleaner.dir/C_/VSARM/FreeRTOS-Kernel/tasks.c.obj
                0x10009208                vTaskPlaceOnEventListRestricted
 .text.xTaskRemoveFromEventList
                0x10009268      0x100 CMakeFiles/plc-cleaner.dir/C_/VSARM/FreeRTOS-Kernel/tasks.c.obj
                0x10009268                xTaskRemoveFromEventList
 .text.vTaskRemoveFromUnorderedEventList
                0x10009368       0xf8 CMakeFiles/plc-cleaner.dir/C_/VSARM/FreeRTOS-Kernel/tasks.c.obj
                0x10009368                vTaskRemoveFromUnorderedEventList
 .text.vTaskInternalSetTimeOutState
                0x10009460       0x18 CMakeFiles/plc-cleaner.dir/C_/VSARM/FreeRTOS-Kernel/tasks.c.obj
                0x10009460                vTaskInternalSetTimeOutState
 .text.xTaskCheckForTimeOut
                0x10009478       0xb4 CMakeFiles/plc-cleaner.dir/C_/VSARM/FreeRTOS-Kernel/tasks.c.obj
                0x10009478                xTaskCheckForTimeOut
 .text.vTaskMissedYield
                0x1000952c        0xc CMakeFiles/plc-cleaner.dir/C_/VSARM/FreeRTOS-Kernel/tasks.c.obj
                0x1000952c                vTaskMissedYield
 .text.xTaskGetCurrentTaskHandle
                0x10009538        0xc CMakeFiles/plc-cleaner.dir/C_/VSARM/FreeRTOS-Kernel/tasks.c.obj
                0x10009538                xTaskGetCurrentTaskHandle
 .text.xTaskGetSchedulerState
                0x10009544       0x24 CMakeFiles/plc-cleaner.dir/C_/VSARM/FreeRTOS-Kernel/tasks.c.obj
                0x10009544                xTaskGetSchedulerState
 .text.xTaskPriorityDisinherit
                0x10009568       0xc0 CMakeFiles/plc-cleaner.dir/C_/VSARM/FreeRTOS-Kernel/tasks.c.obj
                0x10009568                xTaskPriorityDisinherit
 .text.uxTaskResetEventItemValue
                0x10009628       0x18 CMakeFiles/plc-cleaner.dir/C_/VSARM/FreeRTOS-Kernel/tasks.c.obj
                0x10009628                uxTaskResetEventItemValue
 .text.prvGetNextExpireTime
                0x10009640       0x24 CMakeFiles/plc-cleaner.dir/C_/VSARM/FreeRTOS-Kernel/timers.c.obj
 .text.prvInsertTimerInActiveList
                0x10009664       0x48 CMakeFiles/plc-cleaner.dir/C_/VSARM/FreeRTOS-Kernel/timers.c.obj
 .text.prvReloadTimer
                0x100096ac       0x28 CMakeFiles/plc-cleaner.dir/C_/VSARM/FreeRTOS-Kernel/timers.c.obj
 .text.prvProcessExpiredTimer
                0x100096d4       0x3c CMakeFiles/plc-cleaner.dir/C_/VSARM/FreeRTOS-Kernel/timers.c.obj
 .text.prvSwitchTimerLists
                0x10009710       0x30 CMakeFiles/plc-cleaner.dir/C_/VSARM/FreeRTOS-Kernel/timers.c.obj
 .text.prvSampleTimeNow
                0x10009740       0x2c CMakeFiles/plc-cleaner.dir/C_/VSARM/FreeRTOS-Kernel/timers.c.obj
 .text.prvProcessTimerOrBlockTask
                0x1000976c       0x70 CMakeFiles/plc-cleaner.dir/C_/VSARM/FreeRTOS-Kernel/timers.c.obj
 .text.prvProcessReceivedCommands
                0x100097dc      0x110 CMakeFiles/plc-cleaner.dir/C_/VSARM/FreeRTOS-Kernel/timers.c.obj
 .text.prvTimerTask
                0x100098ec       0x16 CMakeFiles/plc-cleaner.dir/C_/VSARM/FreeRTOS-Kernel/timers.c.obj
 *fill*         0x10009902        0x2 
 .text.prvCheckForValidListAndQueue
                0x10009904       0x60 CMakeFiles/plc-cleaner.dir/C_/VSARM/FreeRTOS-Kernel/timers.c.obj
 .text.xTimerCreateTimerTask
                0x10009964       0x58 CMakeFiles/plc-cleaner.dir/C_/VSARM/FreeRTOS-Kernel/timers.c.obj
                0x10009964                xTimerCreateTimerTask
 .text.xTimerPendFunctionCallFromISR
                0x100099bc       0x28 CMakeFiles/plc-cleaner.dir/C_/VSARM/FreeRTOS-Kernel/timers.c.obj
                0x100099bc                xTimerPendFunctionCallFromISR
 .text.exception_is_compile_time_default
                0x100099e4       0x20 CMakeFiles/plc-cleaner.dir/C_/VSARM/sdk/pico/pico-sdk/src/rp2_common/hardware_exception/exception.c.obj
 .text.set_raw_exception_handler_and_restore_interrupts
                0x10009a04       0x18 CMakeFiles/plc-cleaner.dir/C_/VSARM/sdk/pico/pico-sdk/src/rp2_common/hardware_exception/exception.c.obj
 .text.exception_get_vtable_handler
                0x10009a1c       0x10 CMakeFiles/plc-cleaner.dir/C_/VSARM/sdk/pico/pico-sdk/src/rp2_common/hardware_exception/exception.c.obj
                0x10009a1c                exception_get_vtable_handler
 .text.exception_set_exclusive_handler
                0x10009a2c       0x44 CMakeFiles/plc-cleaner.dir/C_/VSARM/sdk/pico/pico-sdk/src/rp2_common/hardware_exception/exception.c.obj
                0x10009a2c                exception_set_exclusive_handler
 .text.strlen   0x10009a70       0x5c c:/vsarm/armcc/112202~1.02/bin/../lib/gcc/arm-none-eabi/11.2.1/thumb/v6-m/nofp\libg.a(lib_a-strlen-stub.o)
                0x10009a70                strlen
 *(.fini)
 .fini          0x10009acc        0x4 c:/vsarm/armcc/112202~1.02/bin/../lib/gcc/arm-none-eabi/11.2.1/thumb/v6-m/nofp/crti.o
                0x10009acc                _fini
 .fini.__stub   0x10009ad0       0xe0 linker stubs
 *crtbegin.o(.ctors)
 *crtbegin?.o(.ctors)
 *(EXCLUDE_FILE(*crtend.o *crtend?.o) .ctors)
 *(SORT_BY_NAME(.ctors.*))
 *(.ctors)
 *crtbegin.o(.dtors)
 *crtbegin?.o(.dtors)
 *(EXCLUDE_FILE(*crtend.o *crtend?.o) .dtors)
 *(SORT_BY_NAME(.dtors.*))
 *(.dtors)
 *(.eh_frame*)
 .eh_frame      0x10009bb0        0x0 c:/vsarm/armcc/112202~1.02/bin/../lib/gcc/arm-none-eabi/11.2.1/thumb/v6-m/nofp/crtbegin.o
                0x10009bb0                . = ALIGN (0x4)

.glue_7         0x10009bb0        0x0
 .glue_7        0x10009bb0        0x0 linker stubs

.glue_7t        0x10009bb0        0x0
 .glue_7t       0x10009bb0        0x0 linker stubs

.vfp11_veneer   0x10009bb0        0x0
 .vfp11_veneer  0x10009bb0        0x0 linker stubs

.v4_bx          0x10009bb0        0x0
 .v4_bx         0x10009bb0        0x0 linker stubs

.iplt           0x10009bb0        0x0
 .iplt          0x10009bb0        0x0 c:/vsarm/armcc/112202~1.02/bin/../lib/gcc/arm-none-eabi/11.2.1/thumb/v6-m/nofp/crtbegin.o

.rodata         0x10009bb0     0x2434
 *(EXCLUDE_FILE(*libm.a: *libc.a:*lib_a-mem*.o *libgcc.a:) .rodata*)
 .rodata.CleanTankTask.str1.4
                0x10009bb0        0x3 CMakeFiles/plc-cleaner.dir/src/main.c.obj
 *fill*         0x10009bb3        0x1 
 .rodata.CleaningSettingTask.str1.4
                0x10009bb4       0x16 CMakeFiles/plc-cleaner.dir/src/main.c.obj
 *fill*         0x10009bca        0x2 
 .rodata.PressureTask.str1.4
                0x10009bcc      0x13b CMakeFiles/plc-cleaner.dir/src/main.c.obj
 *fill*         0x10009d07        0x1 
 .rodata.main.str1.4
                0x10009d08       0xe7 CMakeFiles/plc-cleaner.dir/src/main.c.obj
 *fill*         0x10009def        0x1 
 .rodata        0x10009df0        0x3 CMakeFiles/plc-cleaner.dir/src/main.c.obj
 *fill*         0x10009df3        0x1 
 .rodata.__func__.0
                0x10009df4       0x15 CMakeFiles/plc-cleaner.dir/src/main.c.obj
 *fill*         0x10009e09        0x3 
 .rodata.spin_lock_claim_unused.str1.4
                0x10009e0c       0x1b CMakeFiles/plc-cleaner.dir/C_/VSARM/sdk/pico/pico-sdk/src/rp2_common/hardware_sync/sync.c.obj
 *fill*         0x10009e27        0x1 
 .rodata.make_branch.str1.4
                0x10009e28       0x6d CMakeFiles/plc-cleaner.dir/C_/VSARM/sdk/pico/pico-sdk/src/rp2_common/hardware_irq/irq.c.obj
 *fill*         0x10009e95        0x3 
 .rodata.insert_branch_and_link.str1.4
                0x10009e98       0x10 CMakeFiles/plc-cleaner.dir/C_/VSARM/sdk/pico/pico-sdk/src/rp2_common/hardware_irq/irq.c.obj
 .rodata.irq_set_exclusive_handler.str1.4
                0x10009ea8       0x36 CMakeFiles/plc-cleaner.dir/C_/VSARM/sdk/pico/pico-sdk/src/rp2_common/hardware_irq/irq.c.obj
 *fill*         0x10009ede        0x2 
 .rodata.irq_add_shared_handler.str1.4
                0x10009ee0       0xd9 CMakeFiles/plc-cleaner.dir/C_/VSARM/sdk/pico/pico-sdk/src/rp2_common/hardware_irq/irq.c.obj
 *fill*         0x10009fb9        0x3 
 .rodata.irq_remove_handler.str1.4
                0x10009fbc       0x3a CMakeFiles/plc-cleaner.dir/C_/VSARM/sdk/pico/pico-sdk/src/rp2_common/hardware_irq/irq.c.obj
 *fill*         0x10009ff6        0x2 
 .rodata.irq_add_tail_to_free_list.str1.4
                0x10009ff8       0x3a CMakeFiles/plc-cleaner.dir/C_/VSARM/sdk/pico/pico-sdk/src/rp2_common/hardware_irq/irq.c.obj
 *fill*         0x1000a032        0x2 
 .rodata.user_irq_claim_unused.str1.4
                0x1000a034       0x1b CMakeFiles/plc-cleaner.dir/C_/VSARM/sdk/pico/pico-sdk/src/rp2_common/hardware_irq/irq.c.obj
 *fill*         0x1000a04f        0x1 
 .rodata.__func__.0
                0x1000a050       0x1a CMakeFiles/plc-cleaner.dir/C_/VSARM/sdk/pico/pico-sdk/src/rp2_common/hardware_irq/irq.c.obj
 *fill*         0x1000a06a        0x2 
 .rodata.__func__.1
                0x1000a06c       0x17 CMakeFiles/plc-cleaner.dir/C_/VSARM/sdk/pico/pico-sdk/src/rp2_common/hardware_irq/irq.c.obj
 *fill*         0x1000a083        0x1 
 .rodata.__func__.2
                0x1000a084       0x13 CMakeFiles/plc-cleaner.dir/C_/VSARM/sdk/pico/pico-sdk/src/rp2_common/hardware_irq/irq.c.obj
 *fill*         0x1000a097        0x1 
 .rodata.__func__.3
                0x1000a098        0xc CMakeFiles/plc-cleaner.dir/C_/VSARM/sdk/pico/pico-sdk/src/rp2_common/hardware_irq/irq.c.obj
 .rodata.__func__.4
                0x1000a0a4        0xf CMakeFiles/plc-cleaner.dir/C_/VSARM/sdk/pico/pico-sdk/src/rp2_common/hardware_irq/irq.c.obj
 *fill*         0x1000a0b3        0x1 
 .rodata.__func__.5
                0x1000a0b4       0x17 CMakeFiles/plc-cleaner.dir/C_/VSARM/sdk/pico/pico-sdk/src/rp2_common/hardware_irq/irq.c.obj
 *fill*         0x1000a0cb        0x1 
 .rodata.__func__.6
                0x1000a0cc       0x1a CMakeFiles/plc-cleaner.dir/C_/VSARM/sdk/pico/pico-sdk/src/rp2_common/hardware_irq/irq.c.obj
 *fill*         0x1000a0e6        0x2 
 .rodata.str1.4
                0x1000a0e8       0x89 CMakeFiles/plc-cleaner.dir/C_/VSARM/sdk/pico/pico-sdk/src/common/pico_sync/mutex.c.obj
                                 0xed (size before relaxing)
 *fill*         0x1000a171        0x3 
 .rodata.__func__.1
                0x1000a174        0xb CMakeFiles/plc-cleaner.dir/C_/VSARM/sdk/pico/pico-sdk/src/common/pico_sync/mutex.c.obj
 *fill*         0x1000a17f        0x1 
 .rodata.__func__.3
                0x1000a180       0x18 CMakeFiles/plc-cleaner.dir/C_/VSARM/sdk/pico/pico-sdk/src/common/pico_sync/mutex.c.obj
 .rodata.__func__.4
                0x1000a198       0x15 CMakeFiles/plc-cleaner.dir/C_/VSARM/sdk/pico/pico-sdk/src/common/pico_sync/mutex.c.obj
 *fill*         0x1000a1ad        0x3 
 .rodata.repeating_timer_callback.str1.4
                0x1000a1b0       0x4b CMakeFiles/plc-cleaner.dir/C_/VSARM/sdk/pico/pico-sdk/src/common/pico_time/time.c.obj
 *fill*         0x1000a1fb        0x1 
 .rodata.timer_pool_entry_comparator.str1.4
                0x1000a1fc       0x22 CMakeFiles/plc-cleaner.dir/C_/VSARM/sdk/pico/pico-sdk/src/common/pico_time/time.c.obj
 *fill*         0x1000a21e        0x2 
 .rodata.ph_add_child_node.str1.4
                0x1000a220       0x96 CMakeFiles/plc-cleaner.dir/C_/VSARM/sdk/pico/pico-sdk/src/common/pico_time/time.c.obj
 *fill*         0x1000a2b6        0x2 
 .rodata.add_alarm_under_lock.str1.4
                0x1000a2b8       0x28 CMakeFiles/plc-cleaner.dir/C_/VSARM/sdk/pico/pico-sdk/src/common/pico_time/time.c.obj
                                 0x2b (size before relaxing)
 .rodata.alarm_pool_alarm_callback.str1.4
                0x1000a2e0       0x98 CMakeFiles/plc-cleaner.dir/C_/VSARM/sdk/pico/pico-sdk/src/common/pico_time/time.c.obj
                                 0xfc (size before relaxing)
 .rodata.alarm_pool_get_default.str1.4
                0x1000a378       0x21 CMakeFiles/plc-cleaner.dir/C_/VSARM/sdk/pico/pico-sdk/src/common/pico_time/time.c.obj
 *fill*         0x1000a399        0x3 
 .rodata.alarm_pool_cancel_alarm.str1.4
                0x1000a39c       0x27 CMakeFiles/plc-cleaner.dir/C_/VSARM/sdk/pico/pico-sdk/src/common/pico_time/time.c.obj
 *fill*         0x1000a3c3        0x1 
 .rodata.__func__.1
                0x1000a3c4       0x18 CMakeFiles/plc-cleaner.dir/C_/VSARM/sdk/pico/pico-sdk/src/common/pico_time/time.c.obj
 .rodata.__func__.10
                0x1000a3dc       0x15 CMakeFiles/plc-cleaner.dir/C_/VSARM/sdk/pico/pico-sdk/src/common/pico_time/time.c.obj
 *fill*         0x1000a3f1        0x3 
 .rodata.__func__.11
                0x1000a3f4       0x1a CMakeFiles/plc-cleaner.dir/C_/VSARM/sdk/pico/pico-sdk/src/common/pico_time/time.c.obj
 *fill*         0x1000a40e        0x2 
 .rodata.__func__.12
                0x1000a410        0xa CMakeFiles/plc-cleaner.dir/C_/VSARM/sdk/pico/pico-sdk/src/common/pico_time/time.c.obj
 *fill*         0x1000a41a        0x2 
 .rodata.__func__.3
                0x1000a41c       0x17 CMakeFiles/plc-cleaner.dir/C_/VSARM/sdk/pico/pico-sdk/src/common/pico_time/time.c.obj
 *fill*         0x1000a433        0x1 
 .rodata.__func__.4
                0x1000a434       0x12 CMakeFiles/plc-cleaner.dir/C_/VSARM/sdk/pico/pico-sdk/src/common/pico_time/time.c.obj
 *fill*         0x1000a446        0x2 
 .rodata.__func__.5
                0x1000a448        0xd CMakeFiles/plc-cleaner.dir/C_/VSARM/sdk/pico/pico-sdk/src/common/pico_time/time.c.obj
 *fill*         0x1000a455        0x3 
 .rodata.__func__.6
                0x1000a458       0x12 CMakeFiles/plc-cleaner.dir/C_/VSARM/sdk/pico/pico-sdk/src/common/pico_time/time.c.obj
 *fill*         0x1000a46a        0x2 
 .rodata.__func__.7
                0x1000a46c        0xf CMakeFiles/plc-cleaner.dir/C_/VSARM/sdk/pico/pico-sdk/src/common/pico_time/time.c.obj
 *fill*         0x1000a47b        0x1 
 .rodata.__func__.8
                0x1000a47c        0xc CMakeFiles/plc-cleaner.dir/C_/VSARM/sdk/pico/pico-sdk/src/common/pico_time/time.c.obj
 .rodata.__func__.9
                0x1000a488       0x15 CMakeFiles/plc-cleaner.dir/C_/VSARM/sdk/pico/pico-sdk/src/common/pico_time/time.c.obj
 *fill*         0x1000a49d        0x3 
 .rodata.hardware_alarm_claim.str1.4
                0x1000a4a0       0x22 CMakeFiles/plc-cleaner.dir/C_/VSARM/sdk/pico/pico-sdk/src/rp2_common/hardware_timer/timer.c.obj
 *fill*         0x1000a4c2        0x2 
 .rodata.hardware_alarm_set_target.str1.4
                0x1000a4c4       0x65 CMakeFiles/plc-cleaner.dir/C_/VSARM/sdk/pico/pico-sdk/src/rp2_common/hardware_timer/timer.c.obj
 *fill*         0x1000a529        0x3 
 .rodata.__func__.0
                0x1000a52c       0x1a CMakeFiles/plc-cleaner.dir/C_/VSARM/sdk/pico/pico-sdk/src/rp2_common/hardware_timer/timer.c.obj
 .rodata.ph_add_child_node.str1.4
                0x1000a546       0x96 CMakeFiles/plc-cleaner.dir/C_/VSARM/sdk/pico/pico-sdk/src/common/pico_util/pheap.c.obj
 *fill*         0x1000a546        0x2 
 .rodata.ph_remove_any_head.str1.4
                0x1000a548       0x8c CMakeFiles/plc-cleaner.dir/C_/VSARM/sdk/pico/pico-sdk/src/common/pico_util/pheap.c.obj
                                 0xa0 (size before relaxing)
 .rodata.ph_remove_and_free_node.str1.4
                0x1000a5d4       0x1e CMakeFiles/plc-cleaner.dir/C_/VSARM/sdk/pico/pico-sdk/src/common/pico_util/pheap.c.obj
                                 0x26 (size before relaxing)
 *fill*         0x1000a5f2        0x2 
 .rodata.__func__.0
                0x1000a5f4       0x18 CMakeFiles/plc-cleaner.dir/C_/VSARM/sdk/pico/pico-sdk/src/common/pico_util/pheap.c.obj
 .rodata.__func__.1
                0x1000a60c       0x13 CMakeFiles/plc-cleaner.dir/C_/VSARM/sdk/pico/pico-sdk/src/common/pico_util/pheap.c.obj
 *fill*         0x1000a61f        0x1 
 .rodata.__func__.2
                0x1000a620       0x12 CMakeFiles/plc-cleaner.dir/C_/VSARM/sdk/pico/pico-sdk/src/common/pico_util/pheap.c.obj
 *fill*         0x1000a632        0x2 
 .rodata.__func__.3
                0x1000a634        0xc CMakeFiles/plc-cleaner.dir/C_/VSARM/sdk/pico/pico-sdk/src/common/pico_util/pheap.c.obj
 .rodata.clock_configure.str1.4
                0x1000a640       0x57 CMakeFiles/plc-cleaner.dir/C_/VSARM/sdk/pico/pico-sdk/src/rp2_common/hardware_clocks/clocks.c.obj
 *fill*         0x1000a697        0x1 
 .rodata.__func__.1
                0x1000a698       0x10 CMakeFiles/plc-cleaner.dir/C_/VSARM/sdk/pico/pico-sdk/src/rp2_common/hardware_clocks/clocks.c.obj
 .rodata.pll_init.str1.4
                0x1000a6a8      0x124 CMakeFiles/plc-cleaner.dir/C_/VSARM/sdk/pico/pico-sdk/src/rp2_common/hardware_pll/pll.c.obj
 .rodata.__func__.0
                0x1000a7cc        0x9 CMakeFiles/plc-cleaner.dir/C_/VSARM/sdk/pico/pico-sdk/src/rp2_common/hardware_pll/pll.c.obj
 *fill*         0x1000a7d5        0x3 
 .rodata.__assert_func.str1.4
                0x1000a7d8       0x3f CMakeFiles/plc-cleaner.dir/C_/VSARM/sdk/pico/pico-sdk/src/rp2_common/pico_runtime/runtime.c.obj
                                 0x43 (size before relaxing)
 *fill*         0x1000a817        0x1 
 .rodata.runtime_init.str1.4
                0x1000a818       0x61 CMakeFiles/plc-cleaner.dir/C_/VSARM/sdk/pico/pico-sdk/src/rp2_common/pico_runtime/runtime.c.obj
 *fill*         0x1000a879        0x3 
 .rodata.panic.str1.4
                0x1000a87c       0x10 CMakeFiles/plc-cleaner.dir/C_/VSARM/sdk/pico/pico-sdk/src/rp2_common/pico_runtime/runtime.c.obj
                                 0x12 (size before relaxing)
 .rodata.panic_unsupported.str1.4
                0x1000a88c        0xe CMakeFiles/plc-cleaner.dir/C_/VSARM/sdk/pico/pico-sdk/src/rp2_common/pico_runtime/runtime.c.obj
 *fill*         0x1000a89a        0x2 
 .rodata.__func__.2
                0x1000a89c        0xd CMakeFiles/plc-cleaner.dir/C_/VSARM/sdk/pico/pico-sdk/src/rp2_common/pico_runtime/runtime.c.obj
 *fill*         0x1000a8a9        0x3 
 .rodata._ftoa.str1.4
                0x1000a8ac       0x15 CMakeFiles/plc-cleaner.dir/C_/VSARM/sdk/pico/pico-sdk/src/rp2_common/pico_printf/printf.c.obj
 *fill*         0x1000a8c1        0x3 
 .rodata._vsnprintf
                0x1000a8c4      0x19c CMakeFiles/plc-cleaner.dir/C_/VSARM/sdk/pico/pico-sdk/src/rp2_common/pico_printf/printf.c.obj
 .rodata.pow10.0
                0x1000aa60       0x50 CMakeFiles/plc-cleaner.dir/C_/VSARM/sdk/pico/pico-sdk/src/rp2_common/pico_printf/printf.c.obj
 .rodata.__aeabi_double_init.str1.4
                0x1000aab0       0x9c CMakeFiles/plc-cleaner.dir/C_/VSARM/sdk/pico/pico-sdk/src/rp2_common/pico_double/double_init_rom.c.obj
 .rodata.__func__.0
                0x1000ab4c       0x14 CMakeFiles/plc-cleaner.dir/C_/VSARM/sdk/pico/pico-sdk/src/rp2_common/pico_double/double_init_rom.c.obj
 .rodata.__aeabi_float_init.str1.4
                0x1000ab60       0x7a CMakeFiles/plc-cleaner.dir/C_/VSARM/sdk/pico/pico-sdk/src/rp2_common/pico_float/float_init_rom.c.obj
                                 0x7e (size before relaxing)
 *fill*         0x1000abda        0x2 
 .rodata.__func__.0
                0x1000abdc       0x13 CMakeFiles/plc-cleaner.dir/C_/VSARM/sdk/pico/pico-sdk/src/rp2_common/pico_float/float_init_rom.c.obj
 *fill*         0x1000abef        0x1 
 .rodata.str1.4
                0x1000abf0       0x40 CMakeFiles/plc-cleaner.dir/C_/VSARM/sdk/pico/pico-sdk/src/rp2_common/pico_standard_link/binary_info.c.obj
 .rodata.__bi_44
                0x1000ac30        0xc CMakeFiles/plc-cleaner.dir/C_/VSARM/sdk/pico/pico-sdk/src/rp2_common/pico_standard_link/binary_info.c.obj
 .rodata.__bi_75
                0x1000ac3c        0xc CMakeFiles/plc-cleaner.dir/C_/VSARM/sdk/pico/pico-sdk/src/rp2_common/pico_standard_link/binary_info.c.obj
 .rodata.__bi_81
                0x1000ac48        0xc CMakeFiles/plc-cleaner.dir/C_/VSARM/sdk/pico/pico-sdk/src/rp2_common/pico_standard_link/binary_info.c.obj
 .rodata.stdout_serialize_begin.str1.4
                0x1000ac54       0x61 CMakeFiles/plc-cleaner.dir/C_/VSARM/sdk/pico/pico-sdk/src/rp2_common/pico_stdio/stdio.c.obj
 .rodata.__func__.3
                0x1000ac54       0x15 CMakeFiles/plc-cleaner.dir/C_/VSARM/sdk/pico/pico-sdk/src/rp2_common/pico_stdio/stdio.c.obj
 *fill*         0x1000ac69        0x3 
 .rodata.crlf_str.2
                0x1000ac6c        0x2 CMakeFiles/plc-cleaner.dir/C_/VSARM/sdk/pico/pico-sdk/src/rp2_common/pico_stdio/stdio.c.obj
 *fill*         0x1000ac6e        0x2 
 .rodata._resetd_driver
                0x1000ac70       0x18 CMakeFiles/plc-cleaner.dir/C_/VSARM/sdk/pico/pico-sdk/src/rp2_common/pico_stdio_usb/reset_interface.c.obj
 .rodata.low_priority_worker_irq.str1.4
                0x1000ac88       0x61 CMakeFiles/plc-cleaner.dir/C_/VSARM/sdk/pico/pico-sdk/src/rp2_common/pico_stdio_usb/stdio_usb.c.obj
 .rodata.stdio_usb_init.str1.4
                0x1000ac88       0x45 CMakeFiles/plc-cleaner.dir/C_/VSARM/sdk/pico/pico-sdk/src/rp2_common/pico_stdio_usb/stdio_usb.c.obj
                                 0x4d (size before relaxing)
 *fill*         0x1000accd        0x3 
 .rodata.str1.4
                0x1000acd0       0x13 CMakeFiles/plc-cleaner.dir/C_/VSARM/sdk/pico/pico-sdk/src/rp2_common/pico_stdio_usb/stdio_usb.c.obj
 *fill*         0x1000ace3        0x1 
 .rodata.__bi_182.0
                0x1000ace4        0xc CMakeFiles/plc-cleaner.dir/C_/VSARM/sdk/pico/pico-sdk/src/rp2_common/pico_stdio_usb/stdio_usb.c.obj
 .rodata.__func__.1
                0x1000acf0        0xf CMakeFiles/plc-cleaner.dir/C_/VSARM/sdk/pico/pico-sdk/src/rp2_common/pico_stdio_usb/stdio_usb.c.obj
 *fill*         0x1000acff        0x1 
 .rodata.__func__.3
                0x1000ad00       0x15 CMakeFiles/plc-cleaner.dir/C_/VSARM/sdk/pico/pico-sdk/src/rp2_common/pico_stdio_usb/stdio_usb.c.obj
 *fill*         0x1000ad15        0x3 
 .rodata.str1.4
                0x1000ad18       0x2a CMakeFiles/plc-cleaner.dir/C_/VSARM/sdk/pico/pico-sdk/src/rp2_common/pico_stdio_usb/stdio_usb_descriptors.c.obj
 *fill*         0x1000ad42        0x2 
 .rodata.usbd_desc_cfg
                0x1000ad44       0x54 CMakeFiles/plc-cleaner.dir/C_/VSARM/sdk/pico/pico-sdk/src/rp2_common/pico_stdio_usb/stdio_usb_descriptors.c.obj
 .rodata.usbd_desc_device
                0x1000ad98       0x12 CMakeFiles/plc-cleaner.dir/C_/VSARM/sdk/pico/pico-sdk/src/rp2_common/pico_stdio_usb/stdio_usb_descriptors.c.obj
 *fill*         0x1000adaa        0x2 
 .rodata.usbd_desc_str