Archive member included to satisfy reference by file (symbol)

c:/vsarm/armcc/112202~1.02/bin/../lib/gcc/arm-none-eabi/11.2.1/thumb/v6-m/nofp\libgcc.a(_dvmd_tls.o)
                              CMakeFiles/plc-cleaner.dir/C_/VSARM/sdk/pico/pico-sdk/src/rp2_common/pico_divider/divider.S.obj (__aeabi_idiv0)
c:/vsarm/armcc/112202~1.02/bin/../lib/gcc/arm-none-eabi/11.2.1/thumb/v6-m/nofp\libg.a(lib_a-calloc.o)
                              CMakeFiles/plc-cleaner.dir/C_/VSARM/sdk/pico/pico-sdk/src/rp2_common/pico_malloc/pico_malloc.c.obj (calloc)
c:/vsarm/armcc/112202~1.02/bin/../lib/gcc/arm-none-eabi/11.2.1/thumb/v6-m/nofp\libg.a(lib_a-callocr.o)
                              c:/vsarm/armcc/112202~1.02/bin/../lib/gcc/arm-none-eabi/11.2.1/thumb/v6-m/nofp\libg.a(lib_a-calloc.o) (_calloc_r)
c:/vsarm/armcc/112202~1.02/bin/../lib/gcc/arm-none-eabi/11.2.1/thumb/v6-m/nofp\libg.a(lib_a-errno.o)
                              c:/vsarm/armcc/112202~1.02/bin/../lib/gcc/arm-none-eabi/11.2.1/thumb/v6-m/nofp\libg.a(lib_a-callocr.o) (__errno)
c:/vsarm/armcc/112202~1.02/bin/../lib/gcc/arm-none-eabi/11.2.1/thumb/v6-m/nofp\libg.a(lib_a-impure.o)
                              c:/vsarm/armcc/112202~1.02/bin/../lib/gcc/arm-none-eabi/11.2.1/thumb/v6-m/nofp\libg.a(lib_a-calloc.o) (_impure_ptr)
c:/vsarm/armcc/112202~1.02/bin/../lib/gcc/arm-none-eabi/11.2.1/thumb/v6-m/nofp\libg.a(lib_a-init.o)
                              c:/vsarm/armcc/112202~1.02/bin/../lib/gcc/arm-none-eabi/11.2.1/thumb/v6-m/nofp/crt0.o (__libc_init_array)
c:/vsarm/armcc/112202~1.02/bin/../lib/gcc/arm-none-eabi/11.2.1/thumb/v6-m/nofp\libg.a(lib_a-malloc.o)
                              CMakeFiles/plc-cleaner.dir/C_/VSARM/sdk/pico/pico-sdk/src/rp2_common/pico_malloc/pico_malloc.c.obj (malloc)
c:/vsarm/armcc/112202~1.02/bin/../lib/gcc/arm-none-eabi/11.2.1/thumb/v6-m/nofp\libg.a(lib_a-mallocr.o)
                              c:/vsarm/armcc/112202~1.02/bin/../lib/gcc/arm-none-eabi/11.2.1/thumb/v6-m/nofp\libg.a(lib_a-callocr.o) (_malloc_r)
c:/vsarm/armcc/112202~1.02/bin/../lib/gcc/arm-none-eabi/11.2.1/thumb/v6-m/nofp\libg.a(lib_a-mlock.o)
                              c:/vsarm/armcc/112202~1.02/bin/../lib/gcc/arm-none-eabi/11.2.1/thumb/v6-m/nofp\libg.a(lib_a-mallocr.o) (__malloc_lock)
c:/vsarm/armcc/112202~1.02/bin/../lib/gcc/arm-none-eabi/11.2.1/thumb/v6-m/nofp\libg.a(lib_a-realloc.o)
                              CMakeFiles/plc-cleaner.dir/C_/VSARM/sdk/pico/pico-sdk/src/rp2_common/pico_malloc/pico_malloc.c.obj (realloc)
c:/vsarm/armcc/112202~1.02/bin/../lib/gcc/arm-none-eabi/11.2.1/thumb/v6-m/nofp\libg.a(lib_a-reallocr.o)
                              c:/vsarm/armcc/112202~1.02/bin/../lib/gcc/arm-none-eabi/11.2.1/thumb/v6-m/nofp\libg.a(lib_a-realloc.o) (_realloc_r)
c:/vsarm/armcc/112202~1.02/bin/../lib/gcc/arm-none-eabi/11.2.1/thumb/v6-m/nofp\libg.a(lib_a-sbrkr.o)
                              c:/vsarm/armcc/112202~1.02/bin/../lib/gcc/arm-none-eabi/11.2.1/thumb/v6-m/nofp\libg.a(lib_a-mallocr.o) (_sbrk_r)
c:/vsarm/armcc/112202~1.02/bin/../lib/gcc/arm-none-eabi/11.2.1/thumb/v6-m/nofp\libg.a(lib_a-strlen-stub.o)
                              CMakeFiles/plc-cleaner.dir/C_/VSARM/sdk/pico/pico-sdk/src/rp2_common/pico_stdio/stdio.c.obj (strlen)
c:/vsarm/armcc/112202~1.02/bin/../lib/gcc/arm-none-eabi/11.2.1/thumb/v6-m/nofp\libg.a(lib_a-freer.o)
                              c:/vsarm/armcc/112202~1.02/bin/../lib/gcc/arm-none-eabi/11.2.1/thumb/v6-m/nofp\libg.a(lib_a-malloc.o) (_free_r)
c:/vsarm/armcc/112202~1.02/bin/../lib/gcc/arm-none-eabi/11.2.1/thumb/v6-m/nofp\libg.a(lib_a-memmove.o)
                              c:/vsarm/armcc/112202~1.02/bin/../lib/gcc/arm-none-eabi/11.2.1/thumb/v6-m/nofp\libg.a(lib_a-reallocr.o) (memmove)
c:/vsarm/armcc/112202~1.02/bin/../lib/gcc/arm-none-eabi/11.2.1/thumb/v6-m/nofp\libg.a(lib_a-reent.o)
                              c:/vsarm/armcc/112202~1.02/bin/../lib/gcc/arm-none-eabi/11.2.1/thumb/v6-m/nofp\libg.a(lib_a-sbrkr.o) (errno)

Discarded input sections

 .text          0x00000000        0x0 c:/vsarm/armcc/112202~1.02/bin/../lib/gcc/arm-none-eabi/11.2.1/thumb/v6-m/nofp/crti.o
 .data          0x00000000        0x0 c:/vsarm/armcc/112202~1.02/bin/../lib/gcc/arm-none-eabi/11.2.1/thumb/v6-m/nofp/crti.o
 .bss           0x00000000        0x0 c:/vsarm/armcc/112202~1.02/bin/../lib/gcc/arm-none-eabi/11.2.1/thumb/v6-m/nofp/crti.o
 .text          0x00000000        0x0 c:/vsarm/armcc/112202~1.02/bin/../lib/gcc/arm-none-eabi/11.2.1/thumb/v6-m/nofp/crtbegin.o
 .data          0x00000000        0x0 c:/vsarm/armcc/112202~1.02/bin/../lib/gcc/arm-none-eabi/11.2.1/thumb/v6-m/nofp/crtbegin.o
 .bss           0x00000000        0x0 c:/vsarm/armcc/112202~1.02/bin/../lib/gcc/arm-none-eabi/11.2.1/thumb/v6-m/nofp/crtbegin.o
 .rodata.all_implied_fbits
                0x00000000       0x24 c:/vsarm/armcc/112202~1.02/bin/../lib/gcc/arm-none-eabi/11.2.1/thumb/v6-m/nofp/crtbegin.o
[...]
Memory Configuration

Name             Origin             Length             Attributes
FLASH            0x10000000         0x00200000         xr
RAM              0x20000000         0x00040000         xrw
SCRATCH_X        0x20040000         0x00001000         xrw
SCRATCH_Y        0x20041000         0x00001000         xrw
*default*        0x00000000         0xffffffff

Linker script and memory map

LOAD c:/vsarm/armcc/112202~1.02/bin/../lib/gcc/arm-none-eabi/11.2.1/thumb/v6-m/nofp/crti.o
LOAD c:/vsarm/armcc/112202~1.02/bin/../lib/gcc/arm-none-eabi/11.2.1/thumb/v6-m/nofp/crtbegin.o
LOAD c:/vsarm/armcc/112202~1.02/bin/../lib/gcc/arm-none-eabi/11.2.1/thumb/v6-m/nofp/crt0.o

.flash_begin    0x10000000        0x0
                0x10000000                __flash_binary_start = .

.boot2          0x10000000      0x100
                0x10000000                __boot2_start__ = .
 *(.boot2)
 .boot2         0x10000000      0x100 C:\Users\jacob\AppData\Local\Temp\ccuVUoYm.o
                0x10000100                __boot2_end__ = .
                0x00000001                ASSERT (((__boot2_end__ - __boot2_start__) == 0x100), ERROR: Pico second stage bootloader must be 256 bytes in size)

.text           0x10000100     0x9dc0
                0x10000100                __logical_binary_start = .
 *(.vectors)
 .vectors       0x10000100       0xd4 CMakeFiles/plc-cleaner.dir/C_/VSARM/sdk/pico/pico-sdk/src/rp2_common/pico_standard_link/crt0.S.obj
                0x10000100                __VECTOR_TABLE
                0x10000100                __vectors
                0x100001c0                isr_invalid
                0x100001c0                __default_isrs_start
                0x100001c2                isr_nmi
                0x100001c4                isr_hardfault
                0x100001c6                isr_svcall
                0x100001c8                isr_pendsv
                0x100001ca                isr_systick
                0x100001cc                isr_irq23
                0x100001cc                isr_irq18
                0x100001cc                isr_irq11
                0x100001cc                isr_irq28
                0x100001cc                isr_irq19
                0x100001cc                isr_irq0
                0x100001cc                isr_irq6
                0x100001cc                isr_irq5
                0x100001cc                isr_irq12
                0x100001cc                isr_irq22
                0x100001cc                isr_irq31
                0x100001cc                isr_irq17
                0x100001cc                isr_irq27
                0x100001cc                isr_irq30
                0x100001cc                isr_irq2
                0x100001cc                isr_irq10
                0x100001cc                isr_irq8
                0x100001cc                isr_irq24
                0x100001cc                isr_irq1
                0x100001cc                isr_irq7
                0x100001cc                isr_irq21
                0x100001cc                isr_irq20
                0x100001cc                isr_irq15
                0x100001cc                isr_irq25
                0x100001cc                isr_irq13
                0x100001cc                __unhandled_user_irq
                0x100001cc                isr_irq4
                0x100001cc                isr_irq16
                0x100001cc                isr_irq29
                0x100001cc                isr_irq26
                0x100001cc                __default_isrs_end
                0x100001cc                isr_irq3
                0x100001cc                isr_irq14
                0x100001cc                isr_irq9
                0x100001d2                unhandled_user_irq_num_in_r0
 *(.binary_info_header)
 .binary_info_header
                0x100001d4       0x14 CMakeFiles/plc-cleaner.dir/C_/VSARM/sdk/pico/pico-sdk/src/rp2_common/pico_standard_link/crt0.S.obj
                0x100001e8                __binary_info_header_end = .
 *(.reset)
 .reset         0x100001e8       0xa0 CMakeFiles/plc-cleaner.dir/C_/VSARM/sdk/pico/pico-sdk/src/rp2_common/pico_standard_link/crt0.S.obj
                0x100001e8                _entry_point
 .reset         0x10000288       0x30 CMakeFiles/plc-cleaner.dir/C_/VSARM/sdk/pico/pico-sdk/src/rp2_common/pico_standard_link/binary_info.c.obj
 *(.init)
 .init          0x100002b8        0x4 c:/vsarm/armcc/112202~1.02/bin/../lib/gcc/arm-none-eabi/11.2.1/thumb/v6-m/nofp/crti.o
                0x100002b8                _init
 *(EXCLUDE_FILE(*libm.a: *libc.a:*lib_a-mem*.o *libgcc.a:) .text*)
 .text.register_tm_clones
                0x100002bc       0x28 c:/vsarm/armcc/112202~1.02/bin/../lib/gcc/arm-none-eabi/11.2.1/thumb/v6-m/nofp/crtbegin.o
 .text.frame_dummy
                0x100002e4       0x24 c:/vsarm/armcc/112202~1.02/bin/../lib/gcc/arm-none-eabi/11.2.1/thumb/v6-m/nofp/crtbegin.o
 .text.PowerTask
                0x10000308       0x68 CMakeFiles/plc-cleaner.dir/src/main.c.obj
                0x10000308                PowerTask
 .text.CleanTankTask
                0x10000370       0x44 CMakeFiles/plc-cleaner.dir/src/main.c.obj
                0x10000370                CleanTankTask
 .text.CleaningSettingLED
                0x100003b4       0x44 CMakeFiles/plc-cleaner.dir/src/main.c.obj
                0x100003b4                CleaningSettingLED
 .text.CleanTask
                0x100003f8       0x74 CMakeFiles/plc-cleaner.dir/src/main.c.obj
                0x100003f8                CleanTask
 .text.ErrorTask
                0x1000046c       0xfc CMakeFiles/plc-cleaner.dir/src/main.c.obj
                0x1000046c                ErrorTask
 .text.CleaningSettingTask
                0x10000568       0x50 CMakeFiles/plc-cleaner.dir/src/main.c.obj
                0x10000568                CleaningSettingTask
 .text.PressureTask
                0x100005b8      0x1dc CMakeFiles/plc-cleaner.dir/src/main.c.obj
                0x100005b8                PressureTask
 .text.SendTriggerPulse
                0x10000794       0x14 CMakeFiles/plc-cleaner.dir/src/main.c.obj
                0x10000794                SendTriggerPulse
 .text.GetDistance
                0x100007a8      0x154 CMakeFiles/plc-cleaner.dir/src/main.c.obj
                0x100007a8                GetDistance
 .text.DirtyTankTask
                0x100008fc       0x64 CMakeFiles/plc-cleaner.dir/src/main.c.obj
                0x100008fc                DirtyTankTask
 .text.main     0x10000960      0x17c CMakeFiles/plc-cleaner.dir/src/main.c.obj
                0x10000960                main
 .text.gpio_set_function
                0x10000adc       0x30 CMakeFiles/plc-cleaner.dir/C_/VSARM/sdk/pico/pico-sdk/src/rp2_common/hardware_gpio/gpio.c.obj
                0x10000adc                gpio_set_function
 .text.gpio_set_pulls
                0x10000b0c       0x34 CMakeFiles/plc-cleaner.dir/C_/VSARM/sdk/pico/pico-sdk/src/rp2_common/hardware_gpio/gpio.c.obj
                0x10000b0c                gpio_set_pulls
 .text.gpio_init
                0x10000b40       0x16 CMakeFiles/plc-cleaner.dir/C_/VSARM/sdk/pico/pico-sdk/src/rp2_common/hardware_gpio/gpio.c.obj
                0x10000b40                gpio_init
 .text.gpio_init_mask
                0x10000b56       0x1e CMakeFiles/plc-cleaner.dir/C_/VSARM/sdk/pico/pico-sdk/src/rp2_common/hardware_gpio/gpio.c.obj
                0x10000b56                gpio_init_mask
 .text.running_on_fpga
                0x10000b74       0x14 CMakeFiles/plc-cleaner.dir/C_/VSARM/sdk/pico/pico-sdk/src/rp2_common/pico_platform/platform.c.obj
                0x10000b74                running_on_fpga
 .text.hw_claim_lock
                0x10000b88       0x18 CMakeFiles/plc-cleaner.dir/C_/VSARM/sdk/pico/pico-sdk/src/rp2_common/hardware_claim/claim.c.obj
                0x10000b88                hw_claim_lock
 .text.hw_claim_unlock
                0x10000ba0       0x14 CMakeFiles/plc-cleaner.dir/C_/VSARM/sdk/pico/pico-sdk/src/rp2_common/hardware_claim/claim.c.obj
                0x10000ba0                hw_claim_unlock
 .text.hw_claim_or_assert
                0x10000bb4       0x32 CMakeFiles/plc-cleaner.dir/C_/VSARM/sdk/pico/pico-sdk/src/rp2_common/hardware_claim/claim.c.obj
                0x10000bb4                hw_claim_or_assert
 .text.hw_claim_unused_from_range
                0x10000be6       0x50 CMakeFiles/plc-cleaner.dir/C_/VSARM/sdk/pico/pico-sdk/src/rp2_common/hardware_claim/claim.c.obj
                0x10000be6                hw_claim_unused_from_range
 *fill*         0x10000c36        0x2 
 .text.spin_locks_reset
                0x10000c38       0x20 CMakeFiles/plc-cleaner.dir/C_/VSARM/sdk/pico/pico-sdk/src/rp2_common/hardware_sync/sync.c.obj
                0x10000c38                spin_locks_reset
 .text.next_striped_spin_lock_num
                0x10000c58       0x1c CMakeFiles/plc-cleaner.dir/C_/VSARM/sdk/pico/pico-sdk/src/rp2_common/hardware_sync/sync.c.obj
                0x10000c58                next_striped_spin_lock_num
 .text.spin_lock_claim_unused
                0x10000c74       0x24 CMakeFiles/plc-cleaner.dir/C_/VSARM/sdk/pico/pico-sdk/src/rp2_common/hardware_sync/sync.c.obj
                0x10000c74                spin_lock_claim_unused
 .text.set_raw_irq_handler_and_unlock
                0x10000c98       0x28 CMakeFiles/plc-cleaner.dir/C_/VSARM/sdk/pico/pico-sdk/src/rp2_common/hardware_irq/irq.c.obj
 .text.make_branch
                0x10000cc0       0x48 CMakeFiles/plc-cleaner.dir/C_/VSARM/sdk/pico/pico-sdk/src/rp2_common/hardware_irq/irq.c.obj
 .text.insert_branch_and_link
                0x10000d08       0x40 CMakeFiles/plc-cleaner.dir/C_/VSARM/sdk/pico/pico-sdk/src/rp2_common/hardware_irq/irq.c.obj
 .text.irq_is_enabled
                0x10000d48       0x18 CMakeFiles/plc-cleaner.dir/C_/VSARM/sdk/pico/pico-sdk/src/rp2_common/hardware_irq/irq.c.obj
                0x10000d48                irq_is_enabled
 .text.irq_set_mask_enabled
                0x10000d60       0x20 CMakeFiles/plc-cleaner.dir/C_/VSARM/sdk/pico/pico-sdk/src/rp2_common/hardware_irq/irq.c.obj
                0x10000d60                irq_set_mask_enabled
 .text.irq_set_enabled
                0x10000d80        0xe CMakeFiles/plc-cleaner.dir/C_/VSARM/sdk/pico/pico-sdk/src/rp2_common/hardware_irq/irq.c.obj
                0x10000d80                irq_set_enabled
 *fill*         0x10000d8e        0x2 
 .text.irq_set_pending
                0x10000d90       0x10 CMakeFiles/plc-cleaner.dir/C_/VSARM/sdk/pico/pico-sdk/src/rp2_common/hardware_irq/irq.c.obj
                0x10000d90                irq_set_pending
 .text.irq_get_vtable_handler
                0x10000da0       0x10 CMakeFiles/plc-cleaner.dir/C_/VSARM/sdk/pico/pico-sdk/src/rp2_common/hardware_irq/irq.c.obj
                0x10000da0                irq_get_vtable_handler
 .text.irq_has_shared_handler
                0x10000db0       0x24 CMakeFiles/plc-cleaner.dir/C_/VSARM/sdk/pico/pico-sdk/src/rp2_common/hardware_irq/irq.c.obj
                0x10000db0                irq_has_shared_handler
 .text.irq_set_exclusive_handler
                0x10000dd4       0x54 CMakeFiles/plc-cleaner.dir/C_/VSARM/sdk/pico/pico-sdk/src/rp2_common/hardware_irq/irq.c.obj
                0x10000dd4                irq_set_exclusive_handler
 .text.irq_add_shared_handler
                0x10000e28      0x230 CMakeFiles/plc-cleaner.dir/C_/VSARM/sdk/pico/pico-sdk/src/rp2_common/hardware_irq/irq.c.obj
                0x10000e28                irq_add_shared_handler
 .text.irq_remove_handler
                0x10001058      0x1a8 CMakeFiles/plc-cleaner.dir/C_/VSARM/sdk/pico/pico-sdk/src/rp2_common/hardware_irq/irq.c.obj
                0x10001058                irq_remove_handler
 .text.irq_set_priority
                0x10001200       0x28 CMakeFiles/plc-cleaner.dir/C_/VSARM/sdk/pico/pico-sdk/src/rp2_common/hardware_irq/irq.c.obj
                0x10001200                irq_set_priority
 .text.irq_add_tail_to_free_list
                0x10001228       0xf0 CMakeFiles/plc-cleaner.dir/C_/VSARM/sdk/pico/pico-sdk/src/rp2_common/hardware_irq/irq.c.obj
                0x10001228                irq_add_tail_to_free_list
 .text.irq_init_priorities
                0x10001318       0x1c CMakeFiles/plc-cleaner.dir/C_/VSARM/sdk/pico/pico-sdk/src/rp2_common/hardware_irq/irq.c.obj
                0x10001318                irq_init_priorities
 .text.user_irq_claim_unused
                0x10001334       0x2c CMakeFiles/plc-cleaner.dir/C_/VSARM/sdk/pico/pico-sdk/src/rp2_common/hardware_irq/irq.c.obj
                0x10001334                user_irq_claim_unused
 .text.lock_init
                0x10001360       0x10 CMakeFiles/plc-cleaner.dir/C_/VSARM/sdk/pico/pico-sdk/src/common/pico_sync/lock_core.c.obj
                0x10001360                lock_init
 .text.mutex_init
                0x10001370       0x1c CMakeFiles/plc-cleaner.dir/C_/VSARM/sdk/pico/pico-sdk/src/common/pico_sync/mutex.c.obj
                0x10001370                mutex_init
 .text.recursive_mutex_init
                0x1000138c       0x20 CMakeFiles/plc-cleaner.dir/C_/VSARM/sdk/pico/pico-sdk/src/common/pico_sync/mutex.c.obj
                0x1000138c                recursive_mutex_init
 .text.critical_section_init_with_lock_num
                0x100013ac       0x14 CMakeFiles/plc-cleaner.dir/C_/VSARM/sdk/pico/pico-sdk/src/common/pico_sync/critical_section.c.obj
                0x100013ac                critical_section_init_with_lock_num
 .text.critical_section_init
                0x100013c0       0x14 CMakeFiles/plc-cleaner.dir/C_/VSARM/sdk/pico/pico-sdk/src/common/pico_sync/critical_section.c.obj
                0x100013c0                critical_section_init
 .text.alarm_pool_post_alloc_init
                0x100013d4       0x40 CMakeFiles/plc-cleaner.dir/C_/VSARM/sdk/pico/pico-sdk/src/common/pico_time/time.c.obj
 .text.sleep_until_callback
                0x10001414       0x28 CMakeFiles/plc-cleaner.dir/C_/VSARM/sdk/pico/pico-sdk/src/common/pico_time/time.c.obj
 .text.timer_pool_entry_comparator
                0x1000143c       0x78 CMakeFiles/plc-cleaner.dir/C_/VSARM/sdk/pico/pico-sdk/src/common/pico_time/time.c.obj
                0x1000143c                timer_pool_entry_comparator
 .text.ph_add_child_node
                0x100014b4       0xa0 CMakeFiles/plc-cleaner.dir/C_/VSARM/sdk/pico/pico-sdk/src/common/pico_time/time.c.obj
 .text.ph_merge_nodes
                0x10001554       0x3e CMakeFiles/plc-cleaner.dir/C_/VSARM/sdk/pico/pico-sdk/src/common/pico_time/time.c.obj
 *fill*         0x10001592        0x2 
 .text.add_alarm_under_lock
                0x10001594      0x16c CMakeFiles/plc-cleaner.dir/C_/VSARM/sdk/pico/pico-sdk/src/common/pico_time/time.c.obj
 .text.alarm_pool_alarm_callback
                0x10001700      0x33c CMakeFiles/plc-cleaner.dir/C_/VSARM/sdk/pico/pico-sdk/src/common/pico_time/time.c.obj
 .text.alarm_pool_init_default
                0x10001a3c       0x40 CMakeFiles/plc-cleaner.dir/C_/VSARM/sdk/pico/pico-sdk/src/common/pico_time/time.c.obj
                0x10001a3c                alarm_pool_init_default
 .text.alarm_pool_get_default
                0x10001a7c       0x2c CMakeFiles/plc-cleaner.dir/C_/VSARM/sdk/pico/pico-sdk/src/common/pico_time/time.c.obj
                0x10001a7c                alarm_pool_get_default
 .text.alarm_pool_add_alarm_at
                0x10001aa8      0x16c CMakeFiles/plc-cleaner.dir/C_/VSARM/sdk/pico/pico-sdk/src/common/pico_time/time.c.obj
                0x10001aa8                alarm_pool_add_alarm_at
 .text.alarm_pool_cancel_alarm
                0x10001c14       0xf4 CMakeFiles/plc-cleaner.dir/C_/VSARM/sdk/pico/pico-sdk/src/common/pico_time/time.c.obj
                0x10001c14                alarm_pool_cancel_alarm
 .text.alarm_pool_core_num
                0x10001d08        0x4 CMakeFiles/plc-cleaner.dir/C_/VSARM/sdk/pico/pico-sdk/src/common/pico_time/time.c.obj
                0x10001d08                alarm_pool_core_num
 .text.best_effort_wfe_or_timeout
                0x10001d0c       0xac CMakeFiles/plc-cleaner.dir/C_/VSARM/sdk/pico/pico-sdk/src/common/pico_time/time.c.obj
                0x10001d0c                best_effort_wfe_or_timeout
 .text.hardware_alarm_irq_handler
                0x10001db8       0x8c CMakeFiles/plc-cleaner.dir/C_/VSARM/sdk/pico/pico-sdk/src/rp2_common/hardware_timer/timer.c.obj
 .text.hardware_alarm_claim
                0x10001e44       0x18 CMakeFiles/plc-cleaner.dir/C_/VSARM/sdk/pico/pico-sdk/src/rp2_common/hardware_timer/timer.c.obj
                0x10001e44                hardware_alarm_claim
 .text.time_us_64
                0x10001e5c       0x18 CMakeFiles/plc-cleaner.dir/C_/VSARM/sdk/pico/pico-sdk/src/rp2_common/hardware_timer/timer.c.obj
                0x10001e5c                time_us_64
 .text.hardware_alarm_set_callback
                0x10001e74       0x90 CMakeFiles/plc-cleaner.dir/C_/VSARM/sdk/pico/pico-sdk/src/rp2_common/hardware_timer/timer.c.obj
                0x10001e74                hardware_alarm_set_callback
 .text.hardware_alarm_set_target
                0x10001f04       0xe8 CMakeFiles/plc-cleaner.dir/C_/VSARM/sdk/pico/pico-sdk/src/rp2_common/hardware_timer/timer.c.obj
                0x10001f04                hardware_alarm_set_target
 .text.hardware_alarm_cancel
                0x10001fec       0x40 CMakeFiles/plc-cleaner.dir/C_/VSARM/sdk/pico/pico-sdk/src/rp2_common/hardware_timer/timer.c.obj
                0x10001fec                hardware_alarm_cancel
 .text.ph_add_child_node
                0x1000202c       0xa0 CMakeFiles/plc-cleaner.dir/C_/VSARM/sdk/pico/pico-sdk/src/common/pico_util/pheap.c.obj
 .text.ph_merge_nodes
                0x100020cc       0x3e CMakeFiles/plc-cleaner.dir/C_/VSARM/sdk/pico/pico-sdk/src/common/pico_util/pheap.c.obj
 *fill*         0x1000210a        0x2 
 .text.ph_clear
                0x1000210c       0x70 CMakeFiles/plc-cleaner.dir/C_/VSARM/sdk/pico/pico-sdk/src/common/pico_util/pheap.c.obj
                0x1000210c                ph_clear
 .text.ph_post_alloc_init
                0x1000217c        0xe CMakeFiles/plc-cleaner.dir/C_/VSARM/sdk/pico/pico-sdk/src/common/pico_util/pheap.c.obj
                0x1000217c                ph_post_alloc_init
 *fill*         0x1000218a        0x2 
 .text.ph_merge_two_pass
                0x1000218c       0xa4 CMakeFiles/plc-cleaner.dir/C_/VSARM/sdk/pico/pico-sdk/src/common/pico_util/pheap.c.obj
                0x1000218c                ph_merge_two_pass
 .text.ph_remove_any_head
                0x10002230      0x120 CMakeFiles/plc-cleaner.dir/C_/VSARM/sdk/pico/pico-sdk/src/common/pico_util/pheap.c.obj
 .text.ph_remove_head
                0x10002350       0x14 CMakeFiles/plc-cleaner.dir/C_/VSARM/sdk/pico/pico-sdk/src/common/pico_util/pheap.c.obj
                0x10002350                ph_remove_head
 .text.ph_remove_and_free_node
                0x10002364       0xf8 CMakeFiles/plc-cleaner.dir/C_/VSARM/sdk/pico/pico-sdk/src/common/pico_util/pheap.c.obj
                0x10002364                ph_remove_and_free_node
 .text.clock_configure
                0x1000245c      0x108 CMakeFiles/plc-cleaner.dir/C_/VSARM/sdk/pico/pico-sdk/src/rp2_common/hardware_clocks/clocks.c.obj
                0x1000245c                clock_configure
 .text.clocks_init
                0x10002564      0x100 CMakeFiles/plc-cleaner.dir/C_/VSARM/sdk/pico/pico-sdk/src/rp2_common/hardware_clocks/clocks.c.obj
                0x10002564                clocks_init
 .text.clock_get_hz
                0x10002664        0xc CMakeFiles/plc-cleaner.dir/C_/VSARM/sdk/pico/pico-sdk/src/rp2_common/hardware_clocks/clocks.c.obj
                0x10002664                clock_get_hz
 .text.pll_init
                0x10002670      0x120 CMakeFiles/plc-cleaner.dir/C_/VSARM/sdk/pico/pico-sdk/src/rp2_common/hardware_pll/pll.c.obj
                0x10002670                pll_init
 .text.watchdog_start_tick
                0x10002790       0x10 CMakeFiles/plc-cleaner.dir/C_/VSARM/sdk/pico/pico-sdk/src/rp2_common/hardware_watchdog/watchdog.c.obj
                0x10002790                watchdog_start_tick
 .text.watchdog_update
                0x100027a0       0x14 CMakeFiles/plc-cleaner.dir/C_/VSARM/sdk/pico/pico-sdk/src/rp2_common/hardware_watchdog/watchdog.c.obj
                0x100027a0                watchdog_update
 .text._watchdog_enable
                0x100027b4       0x78 CMakeFiles/plc-cleaner.dir/C_/VSARM/sdk/pico/pico-sdk/src/rp2_common/hardware_watchdog/watchdog.c.obj
                0x100027b4                _watchdog_enable
 .text.watchdog_reboot
                0x1000282c       0x48 CMakeFiles/plc-cleaner.dir/C_/VSARM/sdk/pico/pico-sdk/src/rp2_common/hardware_watchdog/watchdog.c.obj
                0x1000282c                watchdog_reboot
 .text.xosc_init
                0x10002874       0x28 CMakeFiles/plc-cleaner.dir/C_/VSARM/sdk/pico/pico-sdk/src/rp2_common/hardware_xosc/xosc.c.obj
                0x10002874                xosc_init
 .text._exit    0x1000289c        0x4 CMakeFiles/plc-cleaner.dir/C_/VSARM/sdk/pico/pico-sdk/src/rp2_common/pico_runtime/runtime.c.obj
                0x1000289c                _exit
 .text.exit     0x100028a0        0x6 CMakeFiles/plc-cleaner.dir/C_/VSARM/sdk/pico/pico-sdk/src/rp2_common/pico_runtime/runtime.c.obj
                0x100028a0                exit
 *fill*         0x100028a6        0x2 
 .text.__assert_func
                0x100028a8       0x3c CMakeFiles/plc-cleaner.dir/C_/VSARM/sdk/pico/pico-sdk/src/rp2_common/pico_runtime/runtime.c.obj
                0x100028a8                __assert_func
 .text.runtime_init
                0x100028e4       0xf8 CMakeFiles/plc-cleaner.dir/C_/VSARM/sdk/pico/pico-sdk/src/rp2_common/pico_runtime/runtime.c.obj
                0x100028e4                runtime_init
 .text.panic    0x100029dc       0x30 CMakeFiles/plc-cleaner.dir/C_/VSARM/sdk/pico/pico-sdk/src/rp2_common/pico_runtime/runtime.c.obj
                0x100029dc                panic
 .text.panic_unsupported
                0x10002a0c        0xc CMakeFiles/plc-cleaner.dir/C_/VSARM/sdk/pico/pico-sdk/src/rp2_common/pico_runtime/runtime.c.obj
                0x10002a0c                panic_unsupported
 .text._out_null
                0x10002a18        0x2 CMakeFiles/plc-cleaner.dir/C_/VSARM/sdk/pico/pico-sdk/src/rp2_common/pico_printf/printf.c.obj
 .text._out_fct
                0x10002a1a        0xe CMakeFiles/plc-cleaner.dir/C_/VSARM/sdk/pico/pico-sdk/src/rp2_common/pico_printf/printf.c.obj
 .text._atoi    0x10002a28       0x24 CMakeFiles/plc-cleaner.dir/C_/VSARM/sdk/pico/pico-sdk/src/rp2_common/pico_printf/printf.c.obj
 .text._out_rev
                0x10002a4c       0xae CMakeFiles/plc-cleaner.dir/C_/VSARM/sdk/pico/pico-sdk/src/rp2_common/pico_printf/printf.c.obj
 .text._ntoa_format
                0x10002afa      0x112 CMakeFiles/plc-cleaner.dir/C_/VSARM/sdk/pico/pico-sdk/src/rp2_common/pico_printf/printf.c.obj
 .text._ntoa_long
                0x10002c0c       0xbc CMakeFiles/plc-cleaner.dir/C_/VSARM/sdk/pico/pico-sdk/src/rp2_common/pico_printf/printf.c.obj
 .text._ntoa_long_long
                0x10002cc8       0xe2 CMakeFiles/plc-cleaner.dir/C_/VSARM/sdk/pico/pico-sdk/src/rp2_common/pico_printf/printf.c.obj
 *fill*         0x10002daa        0x2 
 .text._etoa    0x10002dac      0x414 CMakeFiles/plc-cleaner.dir/C_/VSARM/sdk/pico/pico-sdk/src/rp2_common/pico_printf/printf.c.obj
 .text._ftoa    0x100031c0      0x354 CMakeFiles/plc-cleaner.dir/C_/VSARM/sdk/pico/pico-sdk/src/rp2_common/pico_printf/printf.c.obj
 .text._vsnprintf
                0x10003514      0x650 CMakeFiles/plc-cleaner.dir/C_/VSARM/sdk/pico/pico-sdk/src/rp2_common/pico_printf/printf.c.obj
 .text.vfctprintf
                0x10003b64       0x20 CMakeFiles/plc-cleaner.dir/C_/VSARM/sdk/pico/pico-sdk/src/rp2_common/pico_printf/printf.c.obj
                0x10003b64                vfctprintf
 .text          0x10003b84       0x10 CMakeFiles/plc-cleaner.dir/C_/VSARM/sdk/pico/pico-sdk/src/rp2_common/pico_bit_ops/bit_ops_aeabi.S.obj
 .text.rom_func_lookup
                0x10003b94       0x10 CMakeFiles/plc-cleaner.dir/C_/VSARM/sdk/pico/pico-sdk/src/rp2_common/pico_bootrom/bootrom.c.obj
                0x10003b94                rom_func_lookup
 .text.rom_data_lookup
                0x10003ba4       0x10 CMakeFiles/plc-cleaner.dir/C_/VSARM/sdk/pico/pico-sdk/src/rp2_common/pico_bootrom/bootrom.c.obj
                0x10003ba4                rom_data_lookup
 .text.rom_funcs_lookup
                0x10003bb4       0x36 CMakeFiles/plc-cleaner.dir/C_/VSARM/sdk/pico/pico-sdk/src/rp2_common/pico_bootrom/bootrom.c.obj
                0x10003bb4                rom_funcs_lookup
 *fill*         0x10003bea        0x2 
 .text.__wrap___aeabi_idiv
                0x10003bec       0x50 CMakeFiles/plc-cleaner.dir/C_/VSARM/sdk/pico/pico-sdk/src/rp2_common/pico_divider/divider.S.obj
                0x10003bec                __wrap___aeabi_idivmod
                0x10003bec                divmod_s32s32
                0x10003bec                div_s32s32
                0x10003bec                __wrap___aeabi_idiv
                0x10003bf4                divmod_s32s32_unsafe
                0x10003c20                divmod_s32s32_savestate
 .text.__wrap___aeabi_uidiv
                0x10003c3c       0x4c CMakeFiles/plc-cleaner.dir/C_/VSARM/sdk/pico/pico-sdk/src/rp2_common/pico_divider/divider.S.obj
                0x10003c3c                __wrap___aeabi_uidiv
                0x10003c3c                __wrap___aeabi_uidivmod
                0x10003c3c                div_u32u32
                0x10003c3c                divmod_u32u32
                0x10003c44                divmod_u32u32_unsafe
                0x10003c6c                divmod_u32u32_savestate
 .text.__wrap___aeabi_ldiv
                0x10003c88      0x424 CMakeFiles/plc-cleaner.dir/C_/VSARM/sdk/pico/pico-sdk/src/rp2_common/pico_divider/divider.S.obj
                0x10003c88                div_s64s64
                0x10003c88                divmod_s64s64
                0x10003c88                __wrap___aeabi_ldivmod
                0x10003cb8                divmod_u64u64
                0x10003cb8                div_u64u64
                0x10003cb8                __wrap___aeabi_uldivmod
                0x10003cc8                divmod_u64u64_savestate
                0x10003ce8                divmod_s64s64_unsafe
                0x10003d70                divmod_u64u64_unsafe
 .text.__wrap___aeabi_darithmetic
                0x100040ac       0x80 CMakeFiles/plc-cleaner.dir/C_/VSARM/sdk/pico/pico-sdk/src/rp2_common/pico_double/double_aeabi.S.obj
                0x100040ac                __wrap___aeabi_drsub
                0x100040b2                __wrap___aeabi_dsub
                0x100040c4                __wrap___aeabi_dadd
                0x100040d6                __wrap___aeabi_ddiv
                0x10004112                __wrap___aeabi_dmul
 .text.__wrap___aeabi_cdcmple
                0x1000412c       0x6c CMakeFiles/plc-cleaner.dir/C_/VSARM/sdk/pico/pico-sdk/src/rp2_common/pico_double/double_aeabi.S.obj
                0x1000412c                __wrap___aeabi_cdrcmple
                0x1000413c                __wrap___aeabi_cdcmpeq
                0x1000413c                __wrap___aeabi_cdcmple
 .text.__wrap___aeabi_dcmplt
                0x10004198        0xc CMakeFiles/plc-cleaner.dir/C_/VSARM/sdk/pico/pico-sdk/src/rp2_common/pico_double/double_aeabi.S.obj
                0x10004198                __wrap___aeabi_dcmplt
 .text.__wrap___aeabi_dcmple
                0x100041a4       0x10 CMakeFiles/plc-cleaner.dir/C_/VSARM/sdk/pico/pico-sdk/src/rp2_common/pico_double/double_aeabi.S.obj
                0x100041a4                __wrap___aeabi_dcmple
 .text.__wrap___aeabi_dcmpge
                0x100041b4       0x10 CMakeFiles/plc-cleaner.dir/C_/VSARM/sdk/pico/pico-sdk/src/rp2_common/pico_double/double_aeabi.S.obj
                0x100041b4                __wrap___aeabi_dcmpge
 .text.__wrap___aeabi_dcmpgt
                0x100041c4        0xa CMakeFiles/plc-cleaner.dir/C_/VSARM/sdk/pico/pico-sdk/src/rp2_common/pico_double/double_aeabi.S.obj
                0x100041c4                __wrap___aeabi_dcmpgt
 .text.__wrap___aeabi_dcmpun
                0x100041ce       0x1c CMakeFiles/plc-cleaner.dir/C_/VSARM/sdk/pico/pico-sdk/src/rp2_common/pico_double/double_aeabi.S.obj
                0x100041ce                __wrap___aeabi_dcmpun
 *fill*         0x100041ea        0x2 
 .text.__wrap___aeabi_i2d
                0x100041ec       0x38 CMakeFiles/plc-cleaner.dir/C_/VSARM/sdk/pico/pico-sdk/src/rp2_common/pico_double/double_aeabi.S.obj
                0x100041ec                __wrap___aeabi_ui2d
                0x100041f4                __wrap___aeabi_i2d
 .text.__wrap___aeabi_d2iz
                0x10004224       0x48 CMakeFiles/plc-cleaner.dir/C_/VSARM/sdk/pico/pico-sdk/src/rp2_common/pico_double/double_aeabi.S.obj
                0x10004224                double2int_z
                0x10004224                __wrap___aeabi_d2iz
 .text.__wrap___aeabi_d2uiz
                0x1000426c       0x18 CMakeFiles/plc-cleaner.dir/C_/VSARM/sdk/pico/pico-sdk/src/rp2_common/pico_double/double_aeabi.S.obj
                0x1000426c                __wrap___aeabi_d2uiz
                0x1000426c                double2uint
 .text.__aeabi_double_init
                0x10004284       0xc8 CMakeFiles/plc-cleaner.dir/C_/VSARM/sdk/pico/pico-sdk/src/rp2_common/pico_double/double_init_rom.c.obj
                0x10004284                __aeabi_double_init
 .text.double_table_shim_on_use_helper
                0x1000434c       0x34 CMakeFiles/plc-cleaner.dir/C_/VSARM/sdk/pico/pico-sdk/src/rp2_common/pico_double/double_v1_rom_shim.S.obj
                0x1000434c                double_table_shim_on_use_helper
 .text.__wrap___aeabi_dsub
                0x10004380       0x10 CMakeFiles/plc-cleaner.dir/C_/VSARM/sdk/pico/pico-sdk/src/rp2_common/pico_double/double_v1_rom_shim.S.obj
                0x10004380                drsub_shim
                0x10004386                dsub_shim
 .text.dadd_shim
                0x10004390      0x15c CMakeFiles/plc-cleaner.dir/C_/VSARM/sdk/pico/pico-sdk/src/rp2_common/pico_double/double_v1_rom_shim.S.obj
                0x10004390                dadd_shim
 .text.dmul_shim
                0x100044ec      0x15c CMakeFiles/plc-cleaner.dir/C_/VSARM/sdk/pico/pico-sdk/src/rp2_common/pico_double/double_v1_rom_shim.S.obj
                0x100044ec                dmul_shim
 .text.ddiv_shim
                0x10004648      0x1b0 CMakeFiles/plc-cleaner.dir/C_/VSARM/sdk/pico/pico-sdk/src/rp2_common/pico_double/double_v1_rom_shim.S.obj
                0x10004648                ddiv_shim
 .text.double2uint_shim
                0x100047f8        0xe CMakeFiles/plc-cleaner.dir/C_/VSARM/sdk/pico/pico-sdk/src/rp2_common/pico_double/double_v1_rom_shim.S.obj
                0x100047f8                double2uint_shim
                0x100047fa                double2ufix_shim
 *fill*         0x10004806        0x2 
 .text.double2uint64_shim
                0x10004808       0x70 CMakeFiles/plc-cleaner.dir/C_/VSARM/sdk/pico/pico-sdk/src/rp2_common/pico_double/double_v1_rom_shim.S.obj
                0x10004808                double2uint64_shim
                0x1000480a                double2ufix64_shim
                0x1000482a                d2fix_a
 .text.dunpacks
                0x10004878       0x3c CMakeFiles/plc-cleaner.dir/C_/VSARM/sdk/pico/pico-sdk/src/rp2_common/pico_double/double_v1_rom_shim.S.obj
                0x10004878                dunpacks
 .text.__aeabi_lmul
                0x100048b4       0x32 CMakeFiles/plc-cleaner.dir/C_/VSARM/sdk/pico/pico-sdk/src/rp2_common/pico_int64_ops/pico_int64_ops_aeabi.S.obj
                0x100048b4                __wrap___aeabi_lmul
 *fill*         0x100048e6        0x2 
 .text.__wrap___aeabi_farithmetic
                0x100048e8       0x58 CMakeFiles/plc-cleaner.dir/C_/VSARM/sdk/pico/pico-sdk/src/rp2_common/pico_float/float_aeabi.S.obj
                0x100048e8                __wrap___aeabi_frsub
                0x100048ee                __wrap___aeabi_fsub
                0x100048f8                __wrap___aeabi_fadd
                0x10004902                __wrap___aeabi_fdiv
                0x1000492e                __wrap___aeabi_fmul
 .text.__wrap___aeabi_cfcmple
                0x10004940       0x50 CMakeFiles/plc-cleaner.dir/C_/VSARM/sdk/pico/pico-sdk/src/rp2_common/pico_float/float_aeabi.S.obj
                0x10004940                __wrap___aeabi_cfrcmple
                0x1000494c                __wrap___aeabi_cfcmple
                0x1000494c                __wrap___aeabi_cfcmpeq
 .text.__wrap___aeabi_fcmpgt
                0x10004990        0xa CMakeFiles/plc-cleaner.dir/C_/VSARM/sdk/pico/pico-sdk/src/rp2_common/pico_float/float_aeabi.S.obj
                0x10004990                __wrap___aeabi_fcmpgt
 *fill*         0x1000499a        0x2 
 .text.__wrap___aeabi_i2f
                0x1000499c       0x44 CMakeFiles/plc-cleaner.dir/C_/VSARM/sdk/pico/pico-sdk/src/rp2_common/pico_float/float_aeabi.S.obj
                0x1000499c                __wrap___aeabi_i2f
 .text.__wrap___aeabi_l2f
                0x100049e0       0x20 CMakeFiles/plc-cleaner.dir/C_/VSARM/sdk/pico/pico-sdk/src/rp2_common/pico_float/float_aeabi.S.obj
                0x100049e4                __wrap___aeabi_l2f
 .text.__wrap___aeabi_f2d
                0x10004a00       0x14 CMakeFiles/plc-cleaner.dir/C_/VSARM/sdk/pico/pico-sdk/src/rp2_common/pico_float/float_aeabi.S.obj
                0x10004a00                __wrap___aeabi_f2d
 .text.__aeabi_float_init
                0x10004a14       0xfc CMakeFiles/plc-cleaner.dir/C_/VSARM/sdk/pico/pico-sdk/src/rp2_common/pico_float/float_init_rom.c.obj
                0x10004a14                __aeabi_float_init
 .text.float_table_shim_on_use_helper
                0x10004b10       0x34 CMakeFiles/plc-cleaner.dir/C_/VSARM/sdk/pico/pico-sdk/src/rp2_common/pico_float/float_v1_rom_shim.S.obj
                0x10004b10                float_table_shim_on_use_helper
 .text.642float_shims
                0x10004b44       0x44 CMakeFiles/plc-cleaner.dir/C_/VSARM/sdk/pico/pico-sdk/src/rp2_common/pico_float/float_v1_rom_shim.S.obj
                0x10004b44                uint642float_shim
                0x10004b46                ufix642float_shim
                0x10004b56                int642float_shim
                0x10004b58                fix642float_shim
 .text.float2double_shim
                0x10004b88       0x30 CMakeFiles/plc-cleaner.dir/C_/VSARM/sdk/pico/pico-sdk/src/rp2_common/pico_float/float_v1_rom_shim.S.obj
                0x10004b88                float2double_shim
 .text          0x10004bb8       0x10 CMakeFiles/plc-cleaner.dir/C_/VSARM/sdk/pico/pico-sdk/src/rp2_common/pico_mem_ops/mem_ops_aeabi.S.obj
                0x10004bb8                __aeabi_mem_init
 .text.memset   0x10004bc8        0xc CMakeFiles/plc-cleaner.dir/C_/VSARM/sdk/pico/pico-sdk/src/rp2_common/pico_mem_ops/mem_ops_aeabi.S.obj
                0x10004bc8                __wrap_memset
 .text.memcpy   0x10004bd4        0xc CMakeFiles/plc-cleaner.dir/C_/VSARM/sdk/pico/pico-sdk/src/rp2_common/pico_mem_ops/mem_ops_aeabi.S.obj
                0x10004bd4                __wrap_memcpy
                0x10004bd4                __wrap___aeabi_memcpy
 .text.stdio_out_chars_no_crlf
                0x10004be0        0xe CMakeFiles/plc-cleaner.dir/C_/VSARM/sdk/pico/pico-sdk/src/rp2_common/pico_stdio/stdio.c.obj
 *fill*         0x10004bee        0x2 
 .text.stdio_out_chars_crlf
                0x10004bf0       0x80 CMakeFiles/plc-cleaner.dir/C_/VSARM/sdk/pico/pico-sdk/src/rp2_common/pico_stdio/stdio.c.obj
 .text.stdio_stack_buffer_flush
                0x10004c70       0x44 CMakeFiles/plc-cleaner.dir/C_/VSARM/sdk/pico/pico-sdk/src/rp2_common/pico_stdio/stdio.c.obj
 .text.stdio_buffered_printer
                0x10004cb4       0x20 CMakeFiles/plc-cleaner.dir/C_/VSARM/sdk/pico/pico-sdk/src/rp2_common/pico_stdio/stdio.c.obj
 .text.stdout_serialize_begin
                0x10004cd4       0x5c CMakeFiles/plc-cleaner.dir/C_/VSARM/sdk/pico/pico-sdk/src/rp2_common/pico_stdio/stdio.c.obj
                0x10004cd4                stdout_serialize_begin
 .text.stdout_serialize_end
                0x10004d30       0x10 CMakeFiles/plc-cleaner.dir/C_/VSARM/sdk/pico/pico-sdk/src/rp2_common/pico_stdio/stdio.c.obj
                0x10004d30                stdout_serialize_end
 .text.stdio_put_string
                0x10004d40       0x98 CMakeFiles/plc-cleaner.dir/C_/VSARM/sdk/pico/pico-sdk/src/rp2_common/pico_stdio/stdio.c.obj
 .text.stdio_set_driver_enabled
                0x10004dd8       0x2c CMakeFiles/plc-cleaner.dir/C_/VSARM/sdk/pico/pico-sdk/src/rp2_common/pico_stdio/stdio.c.obj
                0x10004dd8                stdio_set_driver_enabled
 .text.stdio_flush
                0x10004e04       0x20 CMakeFiles/plc-cleaner.dir/C_/VSARM/sdk/pico/pico-sdk/src/rp2_common/pico_stdio/stdio.c.obj
                0x10004e04                stdio_flush
 .text.__wrap_puts
                0x10004e24       0x1e CMakeFiles/plc-cleaner.dir/C_/VSARM/sdk/pico/pico-sdk/src/rp2_common/pico_stdio/stdio.c.obj
                0x10004e24                __wrap_puts
 *fill*         0x10004e42        0x2 
 .text.__wrap_vprintf
                0x10004e44       0x40 CMakeFiles/plc-cleaner.dir/C_/VSARM/sdk/pico/pico-sdk/src/rp2_common/pico_stdio/stdio.c.obj
                0x10004e44                __wrap_vprintf
 .text.__wrap_printf
                0x10004e84       0x18 CMakeFiles/plc-cleaner.dir/C_/VSARM/sdk/pico/pico-sdk/src/rp2_common/pico_stdio/stdio.c.obj
                0x10004e84                __wrap_printf
 .text.stdio_init_all
                0x10004e9c        0x8 CMakeFiles/plc-cleaner.dir/C_/VSARM/sdk/pico/pico-sdk/src/rp2_common/pico_stdio/stdio.c.obj
                0x10004e9c                stdio_init_all
 .text.resetd_init
                0x10004ea4        0x2 CMakeFiles/plc-cleaner.dir/C_/VSARM/sdk/pico/pico-sdk/src/rp2_common/pico_stdio_usb/reset_interface.c.obj
 *fill*         0x10004ea6        0x2 
 .text.resetd_reset
                0x10004ea8        0xc CMakeFiles/plc-cleaner.dir/C_/VSARM/sdk/pico/pico-sdk/src/rp2_common/pico_stdio_usb/reset_interface.c.obj
 .text.resetd_open
                0x10004eb4       0x34 CMakeFiles/plc-cleaner.dir/C_/VSARM/sdk/pico/pico-sdk/src/rp2_common/pico_stdio_usb/reset_interface.c.obj
 .text.resetd_xfer_cb
                0x10004ee8        0x4 CMakeFiles/plc-cleaner.dir/C_/VSARM/sdk/pico/pico-sdk/src/rp2_common/pico_stdio_usb/reset_interface.c.obj
 .text.reset_usb_boot
                0x10004eec       0x18 CMakeFiles/plc-cleaner.dir/C_/VSARM/sdk/pico/pico-sdk/src/rp2_common/pico_stdio_usb/reset_interface.c.obj
 .text.resetd_control_xfer_cb
                0x10004f04       0x5c CMakeFiles/plc-cleaner.dir/C_/VSARM/sdk/pico/pico-sdk/src/rp2_common/pico_stdio_usb/reset_interface.c.obj
 .text.usbd_app_driver_get_cb
                0x10004f60        0xc CMakeFiles/plc-cleaner.dir/C_/VSARM/sdk/pico/pico-sdk/src/rp2_common/pico_stdio_usb/reset_interface.c.obj
                0x10004f60                usbd_app_driver_get_cb
 .text.tud_cdc_line_coding_cb
                0x10004f6c       0x28 CMakeFiles/plc-cleaner.dir/C_/VSARM/sdk/pico/pico-sdk/src/rp2_common/pico_stdio_usb/reset_interface.c.obj
                0x10004f6c                tud_cdc_line_coding_cb
 .text.stdio_usb_set_chars_available_callback
                0x10004f94       0x14 CMakeFiles/plc-cleaner.dir/C_/VSARM/sdk/pico/pico-sdk/src/rp2_common/pico_stdio_usb/stdio_usb.c.obj
                0x10004f94                stdio_usb_set_chars_available_callback
 .text.usb_irq  0x10004fa8       0x10 CMakeFiles/plc-cleaner.dir/C_/VSARM/sdk/pico/pico-sdk/src/rp2_common/pico_stdio_usb/stdio_usb.c.obj
 .text.timer_task
                0x10004fb8       0x5c CMakeFiles/plc-cleaner.dir/C_/VSARM/sdk/pico/pico-sdk/src/rp2_common/pico_stdio_usb/stdio_usb.c.obj
 .text.low_priority_worker_irq
                0x10005014       0xdc CMakeFiles/plc-cleaner.dir/C_/VSARM/sdk/pico/pico-sdk/src/rp2_common/pico_stdio_usb/stdio_usb.c.obj
 .text.tud_cdc_rx_cb
                0x100050f0       0x20 CMakeFiles/plc-cleaner.dir/C_/VSARM/sdk/pico/pico-sdk/src/rp2_common/pico_stdio_usb/stdio_usb.c.obj
                0x100050f0                tud_cdc_rx_cb
 .text.stdio_usb_init
                0x10005110      0x120 CMakeFiles/plc-cleaner.dir/C_/VSARM/sdk/pico/pico-sdk/src/rp2_common/pico_stdio_usb/stdio_usb.c.obj
                0x10005110                stdio_usb_init
 .text.stdio_usb_connected
                0x10005230        0xa CMakeFiles/plc-cleaner.dir/C_/VSARM/sdk/pico/pico-sdk/src/rp2_common/pico_stdio_usb/stdio_usb.c.obj
                0x10005230                stdio_usb_connected
 *fill*         0x1000523a        0x2 
 .text.stdio_usb_in_chars
                0x1000523c       0xc4 CMakeFiles/plc-cleaner.dir/C_/VSARM/sdk/pico/pico-sdk/src/rp2_common/pico_stdio_usb/stdio_usb.c.obj
                0x1000523c                stdio_usb_in_chars
 .text.stdio_usb_out_chars
                0x10005300      0x114 CMakeFiles/plc-cleaner.dir/C_/VSARM/sdk/pico/pico-sdk/src/rp2_common/pico_stdio_usb/stdio_usb.c.obj
 .text.tud_descriptor_device_cb
                0x10005414        0x8 CMakeFiles/plc-cleaner.dir/C_/VSARM/sdk/pico/pico-sdk/src/rp2_common/pico_stdio_usb/stdio_usb_descriptors.c.obj
                0x10005414                tud_descriptor_device_cb
 .text.tud_descriptor_configuration_cb
                0x1000541c        0x8 CMakeFiles/plc-cleaner.dir/C_/VSARM/sdk/pico/pico-sdk/src/rp2_common/pico_stdio_usb/stdio_usb_descriptors.c.obj
                0x1000541c                tud_descriptor_configuration_cb
 .text.tud_descriptor_string_cb
                0x10005424       0x6c CMakeFiles/plc-cleaner.dir/C_/VSARM/sdk/pico/pico-sdk/src/rp2_common/pico_stdio_usb/stdio_usb_descriptors.c.obj
                0x10005424                tud_descriptor_string_cb
 .text._retrieve_unique_id_on_boot
                0x10005490       0x10 CMakeFiles/plc-cleaner.dir/C_/VSARM/sdk/pico/pico-sdk/src/rp2_common/pico_unique_id/unique_id.c.obj
 .text.pico_get_unique_board_id_string
                0x100054a0       0x5c CMakeFiles/plc-cleaner.dir/C_/VSARM/sdk/pico/pico-sdk/src/rp2_common/pico_unique_id/unique_id.c.obj
                0x100054a0                pico_get_unique_board_id_string
 .text.flash_get_unique_id
                0x100054fc       0x46 CMakeFiles/plc-cleaner.dir/C_/VSARM/sdk/pico/pico-sdk/src/rp2_common/hardware_flash/flash.c.obj
                0x100054fc                flash_get_unique_id
 *fill*         0x10005542        0x2 
 .text.hw_endpoint_get_by_addr
                0x10005544       0x18 CMakeFiles/plc-cleaner.dir/C_/VSARM/sdk/pico/pico-sdk/lib/tinyusb/src/portable/raspberrypi/rp2040/dcd_rp2040.c.obj
 .text._hw_endpoint_alloc
                0x1000555c       0x70 CMakeFiles/plc-cleaner.dir/C_/VSARM/sdk/pico/pico-sdk/lib/tinyusb/src/portable/raspberrypi/rp2040/dcd_rp2040.c.obj
 .text.hw_endpoint_init
                0x100055cc       0x88 CMakeFiles/plc-cleaner.dir/C_/VSARM/sdk/pico/pico-sdk/lib/tinyusb/src/portable/raspberrypi/rp2040/dcd_rp2040.c.obj
 .text.hw_endpoint_xfer
                0x10005654       0x14 CMakeFiles/plc-cleaner.dir/C_/VSARM/sdk/pico/pico-sdk/lib/tinyusb/src/portable/raspberrypi/rp2040/dcd_rp2040.c.obj
 .text.dcd_int_enable
                0x10005668       0x2c CMakeFiles/plc-cleaner.dir/C_/VSARM/sdk/pico/pico-sdk/lib/tinyusb/src/portable/raspberrypi/rp2040/dcd_rp2040.c.obj
                0x10005668                dcd_int_enable
 .text.dcd_set_address
                0x10005694       0x2c CMakeFiles/plc-cleaner.dir/C_/VSARM/sdk/pico/pico-sdk/lib/tinyusb/src/portable/raspberrypi/rp2040/dcd_rp2040.c.obj
                0x10005694                dcd_set_address
 .text.dcd_connect
                0x100056c0       0x10 CMakeFiles/plc-cleaner.dir/C_/VSARM/sdk/pico/pico-sdk/lib/tinyusb/src/portable/raspberrypi/rp2040/dcd_rp2040.c.obj
                0x100056c0                dcd_connect
 .text.dcd_init
                0x100056d0       0x80 CMakeFiles/plc-cleaner.dir/C_/VSARM/sdk/pico/pico-sdk/lib/tinyusb/src/portable/raspberrypi/rp2040/dcd_rp2040.c.obj
                0x100056d0                dcd_init
 .text.dcd_edpt0_status_complete
                0x10005750       0x1c CMakeFiles/plc-cleaner.dir/C_/VSARM/sdk/pico/pico-sdk/lib/tinyusb/src/portable/raspberrypi/rp2040/dcd_rp2040.c.obj
                0x10005750                dcd_edpt0_status_complete
 .text.dcd_edpt_open
                0x1000576c       0x40 CMakeFiles/plc-cleaner.dir/C_/VSARM/sdk/pico/pico-sdk/lib/tinyusb/src/portable/raspberrypi/rp2040/dcd_rp2040.c.obj
                0x1000576c                dcd_edpt_open
 .text.dcd_edpt_close_all
                0x100057ac        0x8 CMakeFiles/plc-cleaner.dir/C_/VSARM/sdk/pico/pico-sdk/lib/tinyusb/src/portable/raspberrypi/rp2040/dcd_rp2040.c.obj
                0x100057ac                dcd_edpt_close_all
 .text.dcd_edpt_xfer
                0x100057b4       0x34 CMakeFiles/plc-cleaner.dir/C_/VSARM/sdk/pico/pico-sdk/lib/tinyusb/src/portable/raspberrypi/rp2040/dcd_rp2040.c.obj
                0x100057b4                dcd_edpt_xfer
 .text.dcd_edpt_stall
                0x100057e8       0x2c CMakeFiles/plc-cleaner.dir/C_/VSARM/sdk/pico/pico-sdk/lib/tinyusb/src/portable/raspberrypi/rp2040/dcd_rp2040.c.obj
                0x100057e8                dcd_edpt_stall
 .text.dcd_edpt_clear_stall
                0x10005814       0x20 CMakeFiles/plc-cleaner.dir/C_/VSARM/sdk/pico/pico-sdk/lib/tinyusb/src/portable/raspberrypi/rp2040/dcd_rp2040.c.obj
                0x10005814                dcd_edpt_clear_stall
 .text.rp2040_usb_init
                0x10005834       0x4c CMakeFiles/plc-cleaner.dir/C_/VSARM/sdk/pico/pico-sdk/lib/tinyusb/src/portable/raspberrypi/rp2040/rp2040_usb.c.obj
                0x10005834                rp2040_usb_init
 .text.hw_endpoint_xfer_start
                0x10005880       0x50 CMakeFiles/plc-cleaner.dir/C_/VSARM/sdk/pico/pico-sdk/lib/tinyusb/src/portable/raspberrypi/rp2040/rp2040_usb.c.obj
                0x10005880                hw_endpoint_xfer_start
 .text.configuration_reset
                0x100058d0       0x84 CMakeFiles/plc-cleaner.dir/C_/VSARM/sdk/pico/pico-sdk/lib/tinyusb/src/device/usbd.c.obj
 .text.usbd_reset
                0x10005954        0xc CMakeFiles/plc-cleaner.dir/C_/VSARM/sdk/pico/pico-sdk/lib/tinyusb/src/device/usbd.c.obj
 .text.invoke_class_control
                0x10005960       0x1a CMakeFiles/plc-cleaner.dir/C_/VSARM/sdk/pico/pico-sdk/lib/tinyusb/src/device/usbd.c.obj
 *fill*         0x1000597a        0x2 
 .text.process_set_config
                0x1000597c      0x178 CMakeFiles/plc-cleaner.dir/C_/VSARM/sdk/pico/pico-sdk/lib/tinyusb/src/device/usbd.c.obj
 .text.process_get_descriptor
                0x10005af4       0xdc CMakeFiles/plc-cleaner.dir/C_/VSARM/sdk/pico/pico-sdk/lib/tinyusb/src/device/usbd.c.obj
 .text.tud_mounted
                0x10005bd0       0x10 CMakeFiles/plc-cleaner.dir/C_/VSARM/sdk/pico/pico-sdk/lib/tinyusb/src/device/usbd.c.obj
                0x10005bd0                tud_mounted
 .text.tud_suspended
                0x10005be0       0x10 CMakeFiles/plc-cleaner.dir/C_/VSARM/sdk/pico/pico-sdk/lib/tinyusb/src/device/usbd.c.obj
                0x10005be0                tud_suspended
 .text.tud_inited
                0x10005bf0       0x14 CMakeFiles/plc-cleaner.dir/C_/VSARM/sdk/pico/pico-sdk/lib/tinyusb/src/device/usbd.c.obj
                0x10005bf0                tud_inited
 .text.tud_init
                0x10005c04       0xcc CMakeFiles/plc-cleaner.dir/C_/VSARM/sdk/pico/pico-sdk/lib/tinyusb/src/device/usbd.c.obj
                0x10005c04                tud_init
 .text.usbd_defer_func
                0x10005cd0       0x2a CMakeFiles/plc-cleaner.dir/C_/VSARM/sdk/pico/pico-sdk/lib/tinyusb/src/device/usbd.c.obj
                0x10005cd0                usbd_defer_func
 *fill*         0x10005cfa        0x2 
 .text.usbd_edpt_open
                0x10005cfc       0x34 CMakeFiles/plc-cleaner.dir/C_/VSARM/sdk/pico/pico-sdk/lib/tinyusb/src/device/usbd.c.obj
                0x10005cfc                usbd_edpt_open
 .text.usbd_open_edpt_pair
                0x10005d30       0x62 CMakeFiles/plc-cleaner.dir/C_/VSARM/sdk/pico/pico-sdk/lib/tinyusb/src/device/usbd.c.obj
                0x10005d30                usbd_open_edpt_pair
 *fill*         0x10005d92        0x2 
 .text.usbd_edpt_claim
                0x10005d94       0x28 CMakeFiles/plc-cleaner.dir/C_/VSARM/sdk/pico/pico-sdk/lib/tinyusb/src/device/usbd.c.obj
                0x10005d94                usbd_edpt_claim
 .text.usbd_edpt_release
                0x10005dbc       0x28 CMakeFiles/plc-cleaner.dir/C_/VSARM/sdk/pico/pico-sdk/lib/tinyusb/src/device/usbd.c.obj
                0x10005dbc                usbd_edpt_release
 .text.usbd_edpt_xfer
                0x10005de4       0x7c CMakeFiles/plc-cleaner.dir/C_/VSARM/sdk/pico/pico-sdk/lib/tinyusb/src/device/usbd.c.obj
                0x10005de4                usbd_edpt_xfer
 .text.usbd_edpt_stall
                0x10005e60       0x48 CMakeFiles/plc-cleaner.dir/C_/VSARM/sdk/pico/pico-sdk/lib/tinyusb/src/device/usbd.c.obj
                0x10005e60                usbd_edpt_stall
 .text.usbd_edpt_clear_stall
                0x10005ea8       0x48 CMakeFiles/plc-cleaner.dir/C_/VSARM/sdk/pico/pico-sdk/lib/tinyusb/src/device/usbd.c.obj
                0x10005ea8                usbd_edpt_clear_stall
 .text.usbd_edpt_stalled
                0x10005ef0       0x1c CMakeFiles/plc-cleaner.dir/C_/VSARM/sdk/pico/pico-sdk/lib/tinyusb/src/device/usbd.c.obj
                0x10005ef0                usbd_edpt_stalled
 .text.process_control_request
                0x10005f0c      0x37c CMakeFiles/plc-cleaner.dir/C_/VSARM/sdk/pico/pico-sdk/lib/tinyusb/src/device/usbd.c.obj
 .text.tud_task_ext
                0x10006288      0x1b8 CMakeFiles/plc-cleaner.dir/C_/VSARM/sdk/pico/pico-sdk/lib/tinyusb/src/device/usbd.c.obj
                0x10006288                tud_task_ext
 .text._data_stage_xact
                0x10006440       0x58 CMakeFiles/plc-cleaner.dir/C_/VSARM/sdk/pico/pico-sdk/lib/tinyusb/src/device/usbd_control.c.obj
 .text.tud_control_status
                0x10006498       0x38 CMakeFiles/plc-cleaner.dir/C_/VSARM/sdk/pico/pico-sdk/lib/tinyusb/src/device/usbd_control.c.obj
                0x10006498                tud_control_status
 .text.tud_control_xfer
                0x100064d0       0x78 CMakeFiles/plc-cleaner.dir/C_/VSARM/sdk/pico/pico-sdk/lib/tinyusb/src/device/usbd_control.c.obj
                0x100064d0                tud_control_xfer
 .text.usbd_control_reset
                0x10006548       0x14 CMakeFiles/plc-cleaner.dir/C_/VSARM/sdk/pico/pico-sdk/lib/tinyusb/src/device/usbd_control.c.obj
                0x10006548                usbd_control_reset
 .text.usbd_control_set_complete_callback
                0x1000655c        0xc CMakeFiles/plc-cleaner.dir/C_/VSARM/sdk/pico/pico-sdk/lib/tinyusb/src/device/usbd_control.c.obj
                0x1000655c                usbd_control_set_complete_callback
 .text.usbd_control_set_request
                0x10006568       0x1c CMakeFiles/plc-cleaner.dir/C_/VSARM/sdk/pico/pico-sdk/lib/tinyusb/src/device/usbd_control.c.obj
                0x10006568                usbd_control_set_request
 .text.usbd_control_xfer_cb
                0x10006584       0xcc CMakeFiles/plc-cleaner.dir/C_/VSARM/sdk/pico/pico-sdk/lib/tinyusb/src/device/usbd_control.c.obj
                0x10006584                usbd_control_xfer_cb
 .text._prep_out_transaction
                0x10006650       0x4a CMakeFiles/plc-cleaner.dir/C_/VSARM/sdk/pico/pico-sdk/lib/tinyusb/src/class/cdc/cdc_device.c.obj
 *fill*         0x1000669a        0x2 
 .text.tud_cdc_n_connected
                0x1000669c       0x44 CMakeFiles/plc-cleaner.dir/C_/VSARM/sdk/pico/pico-sdk/lib/tinyusb/src/class/cdc/cdc_device.c.obj
                0x1000669c                tud_cdc_n_connected
 .text.tud_cdc_n_available
                0x100066e0       0x18 CMakeFiles/plc-cleaner.dir/C_/VSARM/sdk/pico/pico-sdk/lib/tinyusb/src/class/cdc/cdc_device.c.obj
                0x100066e0                tud_cdc_n_available
 .text.tud_cdc_n_read
                0x100066f8       0x28 CMakeFiles/plc-cleaner.dir/C_/VSARM/sdk/pico/pico-sdk/lib/tinyusb/src/class/cdc/cdc_device.c.obj
                0x100066f8                tud_cdc_n_read
 .text.tud_cdc_n_write_flush
                0x10006720       0xb8 CMakeFiles/plc-cleaner.dir/C_/VSARM/sdk/pico/pico-sdk/lib/tinyusb/src/class/cdc/cdc_device.c.obj
                0x10006720                tud_cdc_n_write_flush
 .text.tud_cdc_n_write
                0x100067d8       0x38 CMakeFiles/plc-cleaner.dir/C_/VSARM/sdk/pico/pico-sdk/lib/tinyusb/src/class/cdc/cdc_device.c.obj
                0x100067d8                tud_cdc_n_write
 .text.tud_cdc_n_write_available
                0x10006810       0x1c CMakeFiles/plc-cleaner.dir/C_/VSARM/sdk/pico/pico-sdk/lib/tinyusb/src/class/cdc/cdc_device.c.obj
                0x10006810                tud_cdc_n_write_available
 .text.cdcd_init
                0x1000682c       0xbc CMakeFiles/plc-cleaner.dir/C_/VSARM/sdk/pico/pico-sdk/lib/tinyusb/src/class/cdc/cdc_device.c.obj
                0x1000682c                cdcd_init
 .text.cdcd_reset
                0x100068e8       0x44 CMakeFiles/plc-cleaner.dir/C_/VSARM/sdk/pico/pico-sdk/lib/tinyusb/src/class/cdc/cdc_device.c.obj
                0x100068e8                cdcd_reset
 .text.cdcd_open
                0x1000692c       0xcc CMakeFiles/plc-cleaner.dir/C_/VSARM/sdk/pico/pico-sdk/lib/tinyusb/src/class/cdc/cdc_device.c.obj
                0x1000692c                cdcd_open
 .text.cdcd_control_xfer_cb
                0x100069f8      0x134 CMakeFiles/plc-cleaner.dir/C_/VSARM/sdk/pico/pico-sdk/lib/tinyusb/src/class/cdc/cdc_device.c.obj
                0x100069f8                cdcd_control_xfer_cb
 .text.cdcd_xfer_cb
                0x10006b2c      0x130 CMakeFiles/plc-cleaner.dir/C_/VSARM/sdk/pico/pico-sdk/lib/tinyusb/src/class/cdc/cdc_device.c.obj
                0x10006b2c                cdcd_xfer_cb
 .text.tusb_init
                0x10006c5c        0xa CMakeFiles/plc-cleaner.dir/C_/VSARM/sdk/pico/pico-sdk/lib/tinyusb/src/tusb.c.obj
                0x10006c5c                tusb_init
 .text.tusb_inited
                0x10006c66        0xe CMakeFiles/plc-cleaner.dir/C_/VSARM/sdk/pico/pico-sdk/lib/tinyusb/src/tusb.c.obj
                0x10006c66                tusb_inited
 .text.tu_edpt_claim
                0x10006c74       0x50 CMakeFiles/plc-cleaner.dir/C_/VSARM/sdk/pico/pico-sdk/lib/tinyusb/src/tusb.c.obj
                0x10006c74                tu_edpt_claim
 .text.tu_edpt_release
                0x10006cc4       0x3c CMakeFiles/plc-cleaner.dir/C_/VSARM/sdk/pico/pico-sdk/lib/tinyusb/src/tusb.c.obj
                0x10006cc4                tu_edpt_release
 .text.tu_edpt_validate
                0x10006d00       0x78 CMakeFiles/plc-cleaner.dir/C_/VSARM/sdk/pico/pico-sdk/lib/tinyusb/src/tusb.c.obj
                0x10006d00                tu_edpt_validate
 .text.tu_edpt_bind_driver
                0x10006d78       0x26 CMakeFiles/plc-cleaner.dir/C_/VSARM/sdk/pico/pico-sdk/lib/tinyusb/src/tusb.c.obj
                0x10006d78                tu_edpt_bind_driver
 .text.advance_index
                0x10006d9e       0x1a CMakeFiles/plc-cleaner.dir/C_/VSARM/sdk/pico/pico-sdk/lib/tinyusb/src/common/tusb_fifo.c.obj
 .text._tu_fifo_peek
                0x10006db8       0x56 CMakeFiles/plc-cleaner.dir/C_/VSARM/sdk/pico/pico-sdk/lib/tinyusb/src/common/tusb_fifo.c.obj
 .text._ff_pull_const_addr
                0x10006e0e       0x4c CMakeFiles/plc-cleaner.dir/C_/VSARM/sdk/pico/pico-sdk/lib/tinyusb/src/common/tusb_fifo.c.obj
 .text._ff_pull_n
                0x10006e5a      0x110 CMakeFiles/plc-cleaner.dir/C_/VSARM/sdk/pico/pico-sdk/lib/tinyusb/src/common/tusb_fifo.c.obj
 .text._tu_fifo_peek_n
                0x10006f6a       0x6a CMakeFiles/plc-cleaner.dir/C_/VSARM/sdk/pico/pico-sdk/lib/tinyusb/src/common/tusb_fifo.c.obj
 .text._tu_fifo_read_n
                0x10006fd4       0x4e CMakeFiles/plc-cleaner.dir/C_/VSARM/sdk/pico/pico-sdk/lib/tinyusb/src/common/tusb_fifo.c.obj
 .text._ff_push_const_addr
                0x10007022       0x40 CMakeFiles/plc-cleaner.dir/C_/VSARM/sdk/pico/pico-sdk/lib/tinyusb/src/common/tusb_fifo.c.obj
 .text._ff_push_n
                0x10007062      0x10c CMakeFiles/plc-cleaner.dir/C_/VSARM/sdk/pico/pico-sdk/lib/tinyusb/src/common/tusb_fifo.c.obj
 .text._tu_fifo_write_n
                0x1000716e       0xf0 CMakeFiles/plc-cleaner.dir/C_/VSARM/sdk/pico/pico-sdk/lib/tinyusb/src/common/tusb_fifo.c.obj
 .text.tu_fifo_config
                0x1000725e       0x7c CMakeFiles/plc-cleaner.dir/C_/VSARM/sdk/pico/pico-sdk/lib/tinyusb/src/common/tusb_fifo.c.obj
                0x1000725e                tu_fifo_config
 .text.tu_fifo_count
                0x100072da       0x2a CMakeFiles/plc-cleaner.dir/C_/VSARM/sdk/pico/pico-sdk/lib/tinyusb/src/common/tusb_fifo.c.obj
                0x100072da                tu_fifo_count
 .text.tu_fifo_empty
                0x10007304        0xe CMakeFiles/plc-cleaner.dir/C_/VSARM/sdk/pico/pico-sdk/lib/tinyusb/src/common/tusb_fifo.c.obj
                0x10007304                tu_fifo_empty
 .text.tu_fifo_full
                0x10007312       0x28 CMakeFiles/plc-cleaner.dir/C_/VSARM/sdk/pico/pico-sdk/lib/tinyusb/src/common/tusb_fifo.c.obj
                0x10007312                tu_fifo_full
 .text.tu_fifo_remaining
                0x1000733a       0x2c CMakeFiles/plc-cleaner.dir/C_/VSARM/sdk/pico/pico-sdk/lib/tinyusb/src/common/tusb_fifo.c.obj
                0x1000733a                tu_fifo_remaining
 .text.tu_fifo_read
                0x10007366       0x42 CMakeFiles/plc-cleaner.dir/C_/VSARM/sdk/pico/pico-sdk/lib/tinyusb/src/common/tusb_fifo.c.obj
                0x10007366                tu_fifo_read
 .text.tu_fifo_read_n
                0x100073a8        0xa CMakeFiles/plc-cleaner.dir/C_/VSARM/sdk/pico/pico-sdk/lib/tinyusb/src/common/tusb_fifo.c.obj
                0x100073a8                tu_fifo_read_n
 .text.tu_fifo_write
                0x100073b2       0x64 CMakeFiles/plc-cleaner.dir/C_/VSARM/sdk/pico/pico-sdk/lib/tinyusb/src/common/tusb_fifo.c.obj
                0x100073b2                tu_fifo_write
 .text.tu_fifo_write_n
                0x10007416        0xa CMakeFiles/plc-cleaner.dir/C_/VSARM/sdk/pico/pico-sdk/lib/tinyusb/src/common/tusb_fifo.c.obj
                0x10007416                tu_fifo_write_n
 .text.tu_fifo_clear
                0x10007420       0x3e CMakeFiles/plc-cleaner.dir/C_/VSARM/sdk/pico/pico-sdk/lib/tinyusb/src/common/tusb_fifo.c.obj
                0x10007420                tu_fifo_clear
 .text.tu_fifo_set_overwritable
                0x1000745e       0x46 CMakeFiles/plc-cleaner.dir/C_/VSARM/sdk/pico/pico-sdk/lib/tinyusb/src/common/tusb_fifo.c.obj
                0x1000745e                tu_fifo_set_overwritable
 .text.i2c_write_blocking_internal
                0x100074a4      0x140 CMakeFiles/plc-cleaner.dir/C_/VSARM/sdk/pico/pico-sdk/src/rp2_common/hardware_i2c/i2c.c.obj
 .text.i2c_read_blocking_internal
                0x100075e4       0xea CMakeFiles/plc-cleaner.dir/C_/VSARM/sdk/pico/pico-sdk/src/rp2_common/hardware_i2c/i2c.c.obj
 *fill*         0x100076ce        0x2 
 .text.i2c_set_baudrate
                0x100076d0       0xf0 CMakeFiles/plc-cleaner.dir/C_/VSARM/sdk/pico/pico-sdk/src/rp2_common/hardware_i2c/i2c.c.obj
                0x100076d0                i2c_set_baudrate
 .text.i2c_init
                0x100077c0       0x58 CMakeFiles/plc-cleaner.dir/C_/VSARM/sdk/pico/pico-sdk/src/rp2_common/hardware_i2c/i2c.c.obj
                0x100077c0                i2c_init
 .text.i2c_write_blocking
                0x10007818       0x18 CMakeFiles/plc-cleaner.dir/C_/VSARM/sdk/pico/pico-sdk/src/rp2_common/hardware_i2c/i2c.c.obj
                0x10007818                i2c_write_blocking
 .text.i2c_read_blocking
                0x10007830       0x18 CMakeFiles/plc-cleaner.dir/C_/VSARM/sdk/pico/pico-sdk/src/rp2_common/hardware_i2c/i2c.c.obj
                0x10007830                i2c_read_blocking
 .text.prvHeapInit
                0x10007848       0x58 CMakeFiles/plc-cleaner.dir/C_/VSARM/FreeRTOS-Kernel/portable/MemMang/heap_4.c.obj
 .text.prvInsertBlockIntoFreeList
                0x100078a0       0x88 CMakeFiles/plc-cleaner.dir/C_/VSARM/FreeRTOS-Kernel/portable/MemMang/heap_4.c.obj
 .text.pvPortMalloc
                0x10007928      0x188 CMakeFiles/plc-cleaner.dir/C_/VSARM/FreeRTOS-Kernel/portable/MemMang/heap_4.c.obj
                0x10007928                pvPortMalloc
 .text.vPortFree
                0x10007ab0       0xa4 CMakeFiles/plc-cleaner.dir/C_/VSARM/FreeRTOS-Kernel/portable/MemMang/heap_4.c.obj
                0x10007ab0                vPortFree
 .text.vPortSVCHandler
                0x10007b54        0x2 CMakeFiles/plc-cleaner.dir/C_/VSARM/FreeRTOS-Kernel/portable/ThirdParty/GCC/RP2040/port.c.obj
                0x10007b54                vPortSVCHandler
 *fill*         0x10007b56        0xa 
 .text.vPortStartFirstTask
                0x10007b60       0x34 CMakeFiles/plc-cleaner.dir/C_/VSARM/FreeRTOS-Kernel/portable/ThirdParty/GCC/RP2040/port.c.obj
 *fill*         0x10007b94        0xc 
 .text.xPortPendSVHandler
                0x10007ba0       0x64 CMakeFiles/plc-cleaner.dir/C_/VSARM/FreeRTOS-Kernel/portable/ThirdParty/GCC/RP2040/port.c.obj
                0x10007ba0                xPortPendSVHandler
 .text.prvTaskExitError
                0x10007c04        0x6 CMakeFiles/plc-cleaner.dir/C_/VSARM/FreeRTOS-Kernel/portable/ThirdParty/GCC/RP2040/port.c.obj
 *fill*         0x10007c0a        0x2 
 .text.prvFIFOInterruptHandler
                0x10007c0c       0x78 CMakeFiles/plc-cleaner.dir/C_/VSARM/FreeRTOS-Kernel/portable/ThirdParty/GCC/RP2040/port.c.obj
 .text.prvGetTicksToWaitBefore
                0x10007c84       0x5c CMakeFiles/plc-cleaner.dir/C_/VSARM/FreeRTOS-Kernel/portable/ThirdParty/GCC/RP2040/port.c.obj
 .text.pxPortInitialiseStack
                0x10007ce0       0x24 CMakeFiles/plc-cleaner.dir/C_/VSARM/FreeRTOS-Kernel/portable/ThirdParty/GCC/RP2040/port.c.obj
                0x10007ce0                pxPortInitialiseStack
 .text.vPortYield
                0x10007d04       0x18 CMakeFiles/plc-cleaner.dir/C_/VSARM/FreeRTOS-Kernel/portable/ThirdParty/GCC/RP2040/port.c.obj
                0x10007d04                vPortYield
 .text.vPortEnterCritical
                0x10007d1c       0x18 CMakeFiles/plc-cleaner.dir/C_/VSARM/FreeRTOS-Kernel/portable/ThirdParty/GCC/RP2040/port.c.obj
                0x10007d1c                vPortEnterCritical
 .text.vPortExitCritical
                0x10007d34       0x38 CMakeFiles/plc-cleaner.dir/C_/VSARM/FreeRTOS-Kernel/portable/ThirdParty/GCC/RP2040/port.c.obj
                0x10007d34                vPortExitCritical
 .text.ulSetInterruptMaskFromISR
                0x10007d6c        0x8 CMakeFiles/plc-cleaner.dir/C_/VSARM/FreeRTOS-Kernel/portable/ThirdParty/GCC/RP2040/port.c.obj
                0x10007d6c                ulSetInterruptMaskFromISR
 .text.vClearInterruptMaskFromISR
                0x10007d74        0x6 CMakeFiles/plc-cleaner.dir/C_/VSARM/FreeRTOS-Kernel/portable/ThirdParty/GCC/RP2040/port.c.obj
                0x10007d74                vClearInterruptMaskFromISR
 *fill*         0x10007d7a        0x2 
 .text.xPortSysTickHandler
                0x10007d7c       0x24 CMakeFiles/plc-cleaner.dir/C_/VSARM/FreeRTOS-Kernel/portable/ThirdParty/GCC/RP2040/port.c.obj
                0x10007d7c                xPortSysTickHandler
 .text.vPortSetupTimerInterrupt
                0x10007da0       0x34 CMakeFiles/plc-cleaner.dir/C_/VSARM/FreeRTOS-Kernel/portable/ThirdParty/GCC/RP2040/port.c.obj
                0x10007da0                vPortSetupTimerInterrupt
 .text.xPortStartScheduler
                0x10007dd4       0xa8 CMakeFiles/plc-cleaner.dir/C_/VSARM/FreeRTOS-Kernel/portable/ThirdParty/GCC/RP2040/port.c.obj
                0x10007dd4                xPortStartScheduler
 .text.ulPortLockGetCurrentOwnerId
                0x10007e7c       0x2c CMakeFiles/plc-cleaner.dir/C_/VSARM/FreeRTOS-Kernel/portable/ThirdParty/GCC/RP2040/port.c.obj
                0x10007e7c                ulPortLockGetCurrentOwnerId
 .text.vPortLockInternalSpinUnlockWithNotify
                0x10007ea8       0xd4 CMakeFiles/plc-cleaner.dir/C_/VSARM/FreeRTOS-Kernel/portable/ThirdParty/GCC/RP2040/port.c.obj
                0x10007ea8                vPortLockInternalSpinUnlockWithNotify
 .text.xPortLockInternalSpinUnlockWithBestEffortWaitOrTimeout
                0x10007f7c      0x104 CMakeFiles/plc-cleaner.dir/C_/VSARM/FreeRTOS-Kernel/portable/ThirdParty/GCC/RP2040/port.c.obj
                0x10007f7c                xPortLockInternalSpinUnlockWithBestEffortWaitOrTimeout
 .text.prvRuntimeInitializer
                0x10008080       0x28 CMakeFiles/plc-cleaner.dir/C_/VSARM/FreeRTOS-Kernel/portable/ThirdParty/GCC/RP2040/port.c.obj
 .text.prvTestWaitCondition
                0x100080a8       0x1e CMakeFiles/plc-cleaner.dir/C_/VSARM/FreeRTOS-Kernel/event_groups.c.obj
 .text.xEventGroupCreate
                0x100080c6       0x18 CMakeFiles/plc-cleaner.dir/C_/VSARM/FreeRTOS-Kernel/event_groups.c.obj
                0x100080c6                xEventGroupCreate
 *fill*         0x100080de        0x2 
 .text.xEventGroupWaitBits
                0x100080e0      0x124 CMakeFiles/plc-cleaner.dir/C_/VSARM/FreeRTOS-Kernel/event_groups.c.obj
                0x100080e0                xEventGroupWaitBits
 .text.xEventGroupSetBits
                0x10008204       0x98 CMakeFiles/plc-cleaner.dir/C_/VSARM/FreeRTOS-Kernel/event_groups.c.obj
                0x10008204                xEventGroupSetBits
 .text.vEventGroupSetBitsCallback
                0x1000829c        0x8 CMakeFiles/plc-cleaner.dir/C_/VSARM/FreeRTOS-Kernel/event_groups.c.obj
                0x1000829c                vEventGroupSetBitsCallback
 .text.xEventGroupSetBitsFromISR
                0x100082a4       0x18 CMakeFiles/plc-cleaner.dir/C_/VSARM/FreeRTOS-Kernel/event_groups.c.obj
                0x100082a4                xEventGroupSetBitsFromISR
 .text.vListInitialise
                0x100082bc       0x16 CMakeFiles/plc-cleaner.dir/C_/VSARM/FreeRTOS-Kernel/list.c.obj
                0x100082bc                vListInitialise
 .text.vListInitialiseItem
                0x100082d2        0x6 CMakeFiles/plc-cleaner.dir/C_/VSARM/FreeRTOS-Kernel/list.c.obj
                0x100082d2                vListInitialiseItem
 .text.vListInsertEnd
                0x100082d8       0x16 CMakeFiles/plc-cleaner.dir/C_/VSARM/FreeRTOS-Kernel/list.c.obj
                0x100082d8                vListInsertEnd
 .text.vListInsert
                0x100082ee       0x2e CMakeFiles/plc-cleaner.dir/C_/VSARM/FreeRTOS-Kernel/list.c.obj
                0x100082ee                vListInsert
 .text.uxListRemove
                0x1000831c       0x24 CMakeFiles/plc-cleaner.dir/C_/VSARM/FreeRTOS-Kernel/list.c.obj
                0x1000831c                uxListRemove
 .text.prvIsQueueEmpty
                0x10008340       0x1c CMakeFiles/plc-cleaner.dir/C_/VSARM/FreeRTOS-Kernel/queue.c.obj
 .text.prvCopyDataToQueue
                0x1000835c       0x7e CMakeFiles/plc-cleaner.dir/C_/VSARM/FreeRTOS-Kernel/queue.c.obj
 .text.prvCopyDataFromQueue
                0x100083da       0x24 CMakeFiles/plc-cleaner.dir/C_/VSARM/FreeRTOS-Kernel/queue.c.obj
 *fill*         0x100083fe        0x2 
 .text.prvNotifyQueueSetContainer
                0x10008400       0xa8 CMakeFiles/plc-cleaner.dir/C_/VSARM/FreeRTOS-Kernel/queue.c.obj
 .text.prvUnlockQueue
                0x100084a8       0x88 CMakeFiles/plc-cleaner.dir/C_/VSARM/FreeRTOS-Kernel/queue.c.obj
 .text.xQueueGenericReset
                0x10008530       0xd8 CMakeFiles/plc-cleaner.dir/C_/VSARM/FreeRTOS-Kernel/queue.c.obj
                0x10008530                xQueueGenericReset
 .text.prvInitialiseNewQueue
                0x10008608       0x26 CMakeFiles/plc-cleaner.dir/C_/VSARM/FreeRTOS-Kernel/queue.c.obj
 *fill*         0x1000862e        0x2 
 .text.xQueueGenericCreate
                0x10008630       0x90 CMakeFiles/plc-cleaner.dir/C_/VSARM/FreeRTOS-Kernel/queue.c.obj
                0x10008630                xQueueGenericCreate
 .text.xQueueGenericSendFromISR
                0x100086c0      0x13c CMakeFiles/plc-cleaner.dir/C_/VSARM/FreeRTOS-Kernel/queue.c.obj
                0x100086c0                xQueueGenericSendFromISR
 .text.xQueueReceive
                0x100087fc      0x150 CMakeFiles/plc-cleaner.dir/C_/VSARM/FreeRTOS-Kernel/queue.c.obj
                0x100087fc                xQueueReceive
 .text.vQueueAddToRegistry
                0x1000894c       0x64 CMakeFiles/plc-cleaner.dir/C_/VSARM/FreeRTOS-Kernel/queue.c.obj
                0x1000894c                vQueueAddToRegistry
 .text.vQueueWaitForMessageRestricted
                0x100089b0       0x50 CMakeFiles/plc-cleaner.dir/C_/VSARM/FreeRTOS-Kernel/queue.c.obj
                0x100089b0                vQueueWaitForMessageRestricted
 .text.prvResetNextTaskUnblockTime
                0x10008a00       0x2c CMakeFiles/plc-cleaner.dir/C_/VSARM/FreeRTOS-Kernel/tasks.c.obj
 .text.prvDeleteTCB
                0x10008a2c       0x12 CMakeFiles/plc-cleaner.dir/C_/VSARM/FreeRTOS-Kernel/tasks.c.obj
 *fill*         0x10008a3e        0x2 
 .text.prvTaskIsTaskSuspended
                0x10008a40       0x68 CMakeFiles/plc-cleaner.dir/C_/VSARM/FreeRTOS-Kernel/tasks.c.obj
 .text.prvInitialiseNewTask
                0x10008aa8       0xb0 CMakeFiles/plc-cleaner.dir/C_/VSARM/FreeRTOS-Kernel/tasks.c.obj
 .text.prvCreateTask
                0x10008b58       0x5a CMakeFiles/plc-cleaner.dir/C_/VSARM/FreeRTOS-Kernel/tasks.c.obj
 *fill*         0x10008bb2        0x2 
 .text.prvInitialiseTaskLists
                0x10008bb4       0x68 CMakeFiles/plc-cleaner.dir/C_/VSARM/FreeRTOS-Kernel/tasks.c.obj
 .text.prvAddNewTaskToReadyList
                0x10008c1c       0xc4 CMakeFiles/plc-cleaner.dir/C_/VSARM/FreeRTOS-Kernel/tasks.c.obj
 .text.prvCheckTasksWaitingTermination
                0x10008ce0       0x44 CMakeFiles/plc-cleaner.dir/C_/VSARM/FreeRTOS-Kernel/tasks.c.obj
 .text.prvIdleTask
                0x10008d24       0x18 CMakeFiles/plc-cleaner.dir/C_/VSARM/FreeRTOS-Kernel/tasks.c.obj
 .text.prvAddCurrentTaskToDelayedList
                0x10008d3c       0xa8 CMakeFiles/plc-cleaner.dir/C_/VSARM/FreeRTOS-Kernel/tasks.c.obj
 .text.xTaskCreate
                0x10008de4       0x24 CMakeFiles/plc-cleaner.dir/C_/VSARM/FreeRTOS-Kernel/tasks.c.obj
                0x10008de4                xTaskCreate
 .text.prvCreateIdleTasks
                0x10008e08       0x68 CMakeFiles/plc-cleaner.dir/C_/VSARM/FreeRTOS-Kernel/tasks.c.obj
 .text.vTaskResume
                0x10008e70       0xa4 CMakeFiles/plc-cleaner.dir/C_/VSARM/FreeRTOS-Kernel/tasks.c.obj
                0x10008e70                vTaskResume
 .text.vTaskStartScheduler
                0x10008f14       0x68 CMakeFiles/plc-cleaner.dir/C_/VSARM/FreeRTOS-Kernel/tasks.c.obj
                0x10008f14                vTaskStartScheduler
 .text.vTaskSuspendAll
                0x10008f7c       0x10 CMakeFiles/plc-cleaner.dir/C_/VSARM/FreeRTOS-Kernel/tasks.c.obj
                0x10008f7c                vTaskSuspendAll
 .text.xTaskGetTickCount
                0x10008f8c        0xc CMakeFiles/plc-cleaner.dir/C_/VSARM/FreeRTOS-Kernel/tasks.c.obj
                0x10008f8c                xTaskGetTickCount
 .text.uxTaskGetNumberOfTasks
                0x10008f98        0xc CMakeFiles/plc-cleaner.dir/C_/VSARM/FreeRTOS-Kernel/tasks.c.obj
                0x10008f98                uxTaskGetNumberOfTasks
 .text.xTaskIncrementTick
                0x10008fa4      0x17c CMakeFiles/plc-cleaner.dir/C_/VSARM/FreeRTOS-Kernel/tasks.c.obj
                0x10008fa4                xTaskIncrementTick
 .text.xTaskResumeAll
                0x10009120      0x160 CMakeFiles/plc-cleaner.dir/C_/VSARM/FreeRTOS-Kernel/tasks.c.obj
                0x10009120                xTaskResumeAll
 .text.vTaskDelay
                0x10009280       0x48 CMakeFiles/plc-cleaner.dir/C_/VSARM/FreeRTOS-Kernel/tasks.c.obj
                0x10009280                vTaskDelay
 .text.vTaskSwitchContext
                0x100092c8       0xa8 CMakeFiles/plc-cleaner.dir/C_/VSARM/FreeRTOS-Kernel/tasks.c.obj
                0x100092c8                vTaskSwitchContext
 .text.vTaskSuspend
                0x10009370       0xec CMakeFiles/plc-cleaner.dir/C_/VSARM/FreeRTOS-Kernel/tasks.c.obj
                0x10009370                vTaskSuspend
 .text.vTaskPlaceOnEventList
                0x1000945c       0x3c CMakeFiles/plc-cleaner.dir/C_/VSARM/FreeRTOS-Kernel/tasks.c.obj
                0x1000945c                vTaskPlaceOnEventList
 .text.vTaskPlaceOnUnorderedEventList
                0x10009498       0x80 CMakeFiles/plc-cleaner.dir/C_/VSARM/FreeRTOS-Kernel/tasks.c.obj
                0x10009498                vTaskPlaceOnUnorderedEventList
 .text.vTaskPlaceOnEventListRestricted
                0x10009518       0x60 CMakeFiles/plc-cleaner.dir/C_/VSARM/FreeRTOS-Kernel/tasks.c.obj
                0x10009518                vTaskPlaceOnEventListRestricted
 .text.xTaskRemoveFromEventList
                0x10009578      0x100 CMakeFiles/plc-cleaner.dir/C_/VSARM/FreeRTOS-Kernel/tasks.c.obj
                0x10009578                xTaskRemoveFromEventList
 .text.vTaskRemoveFromUnorderedEventList
                0x10009678       0xf8 CMakeFiles/plc-cleaner.dir/C_/VSARM/FreeRTOS-Kernel/tasks.c.obj
                0x10009678                vTaskRemoveFromUnorderedEventList
 .text.vTaskInternalSetTimeOutState
                0x10009770       0x18 CMakeFiles/plc-cleaner.dir/C_/VSARM/FreeRTOS-Kernel/tasks.c.obj
                0x10009770                vTaskInternalSetTimeOutState
 .text.xTaskCheckForTimeOut
                0x10009788       0xb4 CMakeFiles/plc-cleaner.dir/C_/VSARM/FreeRTOS-Kernel/tasks.c.obj
                0x10009788                xTaskCheckForTimeOut
 .text.vTaskMissedYield
                0x1000983c        0xc CMakeFiles/plc-cleaner.dir/C_/VSARM/FreeRTOS-Kernel/tasks.c.obj
                0x1000983c                vTaskMissedYield
 .text.xTaskGetCurrentTaskHandle
                0x10009848        0xc CMakeFiles/plc-cleaner.dir/C_/VSARM/FreeRTOS-Kernel/tasks.c.obj
                0x10009848                xTaskGetCurrentTaskHandle
 .text.xTaskGetSchedulerState
                0x10009854       0x24 CMakeFiles/plc-cleaner.dir/C_/VSARM/FreeRTOS-Kernel/tasks.c.obj
                0x10009854                xTaskGetSchedulerState
 .text.xTaskPriorityDisinherit
                0x10009878       0xc0 CMakeFiles/plc-cleaner.dir/C_/VSARM/FreeRTOS-Kernel/tasks.c.obj
                0x10009878                xTaskPriorityDisinherit
 .text.uxTaskResetEventItemValue
                0x10009938       0x18 CMakeFiles/plc-cleaner.dir/C_/VSARM/FreeRTOS-Kernel/tasks.c.obj
                0x10009938                uxTaskResetEventItemValue
 .text.prvGetNextExpireTime
                0x10009950       0x24 CMakeFiles/plc-cleaner.dir/C_/VSARM/FreeRTOS-Kernel/timers.c.obj
 .text.prvInsertTimerInActiveList
                0x10009974       0x48 CMakeFiles/plc-cleaner.dir/C_/VSARM/FreeRTOS-Kernel/timers.c.obj
 .text.prvReloadTimer
                0x100099bc       0x28 CMakeFiles/plc-cleaner.dir/C_/VSARM/FreeRTOS-Kernel/timers.c.obj
 .text.prvProcessExpiredTimer
                0x100099e4       0x3c CMakeFiles/plc-cleaner.dir/C_/VSARM/FreeRTOS-Kernel/timers.c.obj
 .text.prvSwitchTimerLists
                0x10009a20       0x30 CMakeFiles/plc-cleaner.dir/C_/VSARM/FreeRTOS-Kernel/timers.c.obj
 .text.prvSampleTimeNow
                0x10009a50       0x2c CMakeFiles/plc-cleaner.dir/C_/VSARM/FreeRTOS-Kernel/timers.c.obj
 .text.prvProcessTimerOrBlockTask
                0x10009a7c       0x70 CMakeFiles/plc-cleaner.dir/C_/VSARM/FreeRTOS-Kernel/timers.c.obj
 .text.prvProcessReceivedCommands
                0x10009aec      0x110 CMakeFiles/plc-cleaner.dir/C_/VSARM/FreeRTOS-Kernel/timers.c.obj
 .text.prvTimerTask
                0x10009bfc       0x16 CMakeFiles/plc-cleaner.dir/C_/VSARM/FreeRTOS-Kernel/timers.c.obj
 *fill*         0x10009c12        0x2 
 .text.prvCheckForValidListAndQueue
                0x10009c14       0x60 CMakeFiles/plc-cleaner.dir/C_/VSARM/FreeRTOS-Kernel/timers.c.obj
 .text.xTimerCreateTimerTask
                0x10009c74       0x58 CMakeFiles/plc-cleaner.dir/C_/VSARM/FreeRTOS-Kernel/timers.c.obj
                0x10009c74                xTimerCreateTimerTask
 .text.xTimerPendFunctionCallFromISR
                0x10009ccc       0x28 CMakeFiles/plc-cleaner.dir/C_/VSARM/FreeRTOS-Kernel/timers.c.obj
                0x10009ccc                xTimerPendFunctionCallFromISR
 .text.exception_is_compile_time_default
                0x10009cf4       0x20 CMakeFiles/plc-cleaner.dir/C_/VSARM/sdk/pico/pico-sdk/src/rp2_common/hardware_exception/exception.c.obj
 .text.set_raw_exception_handler_and_restore_interrupts
                0x10009d14       0x18 CMakeFiles/plc-cleaner.dir/C_/VSARM/sdk/pico/pico-sdk/src/rp2_common/hardware_exception/exception.c.obj
 .text.exception_get_vtable_handler
                0x10009d2c       0x10 CMakeFiles/plc-cleaner.dir/C_/VSARM/sdk/pico/pico-sdk/src/rp2_common/hardware_exception/exception.c.obj
                0x10009d2c                exception_get_vtable_handler
 .text.exception_set_exclusive_handler
                0x10009d3c       0x44 CMakeFiles/plc-cleaner.dir/C_/VSARM/sdk/pico/pico-sdk/src/rp2_common/hardware_exception/exception.c.obj
                0x10009d3c                exception_set_exclusive_handler
 .text.strlen   0x10009d80       0x5c c:/vsarm/armcc/112202~1.02/bin/../lib/gcc/arm-none-eabi/11.2.1/thumb/v6-m/nofp\libg.a(lib_a-strlen-stub.o)
                0x10009d80                strlen
 *(.fini)
 .fini          0x10009ddc        0x4 c:/vsarm/armcc/112202~1.02/bin/../lib/gcc/arm-none-eabi/11.2.1/thumb/v6-m/nofp/crti.o
                0x10009ddc                _fini
 .fini.__stub   0x10009de0       0xe0 linker stubs
 *crtbegin.o(.ctors)
 *crtbegin?.o(.ctors)
 *(EXCLUDE_FILE(*crtend.o *crtend?.o) .ctors)
 *(SORT_BY_NAME(.ctors.*))
 *(.ctors)
 *crtbegin.o(.dtors)
 *crtbegin?.o(.dtors)
 *(EXCLUDE_FILE(*crtend.o *crtend?.o) .dtors)
 *(SORT_BY_NAME(.dtors.*))
 *(.dtors)
 *(.eh_frame*)
 .eh_frame      0x10009ec0        0x0 c:/vsarm/armcc/112202~1.02/bin/../lib/gcc/arm-none-eabi/11.2.1/thumb/v6-m/nofp/crtbegin.o
                0x10009ec0                . = ALIGN (0x4)

.glue_7         0x10009ec0        0x0
 .glue_7        0x10009ec0        0x0 linker stubs

.glue_7t        0x10009ec0        0x0
 .glue_7t       0x10009ec0        0x0 linker stubs

.vfp11_veneer   0x10009ec0        0x0
 .vfp11_veneer  0x10009ec0        0x0 linker stubs

.v4_bx          0x10009ec0        0x0
 .v4_bx         0x10009ec0        0x0 linker stubs

.iplt           0x10009ec0        0x0
 .iplt          0x10009ec0        0x0 c:/vsarm/armcc/112202~1.02/bin/../lib/gcc/arm-none-eabi/11.2.1/thumb/v6-m/nofp/crtbegin.o

.rodata         0x10009ec0     0x2504
 *(EXCLUDE_FILE(*libm.a: *libc.a:*lib_a-mem*.o *libgcc.a:) .rodata*)
 .rodata.CleanTask.str1.4
                0x10009ec0       0x15 CMakeFiles/plc-cleaner.dir/src/main.c.obj
 *fill*         0x10009ed5        0x3 
 .rodata.ErrorTask.str1.4
                0x10009ed8       0x2e CMakeFiles/plc-cleaner.dir/src/main.c.obj
 *fill*         0x10009f06        0x2 
 .rodata.CleaningSettingTask.str1.4
                0x10009f08       0x16 CMakeFiles/plc-cleaner.dir/src/main.c.obj
 *fill*         0x10009f1e        0x2 
 .rodata.PressureTask.str1.4
                0x10009f20      0x13b CMakeFiles/plc-cleaner.dir/src/main.c.obj
 *fill*         0x1000a05b        0x1 
 .rodata.main.str1.4
                0x1000a05c       0xf7 CMakeFiles/plc-cleaner.dir/src/main.c.obj
 *fill*         0x1000a153        0x1 
 .rodata        0x1000a154        0x3 CMakeFiles/plc-cleaner.dir/src/main.c.obj
 *fill*         0x1000a157        0x1 
 .rodata.__func__.2
                0x1000a158       0x15 CMakeFiles/plc-cleaner.dir/src/main.c.obj
 *fill*         0x1000a16d        0x3 
 .rodata.spin_lock_claim_unused.str1.4
                0x1000a170       0x1b CMakeFiles/plc-cleaner.dir/C_/VSARM/sdk/pico/pico-sdk/src/rp2_common/hardware_sync/sync.c.obj
 *fill*         0x1000a18b        0x1 
 .rodata.make_branch.str1.4
                0x1000a18c       0x6d CMakeFiles/plc-cleaner.dir/C_/VSARM/sdk/pico/pico-sdk/src/rp2_common/hardware_irq/irq.c.obj
 *fill*         0x1000a1f9        0x3 
 .rodata.insert_branch_and_link.str1.4
                0x1000a1fc       0x10 CMakeFiles/plc-cleaner.dir/C_/VSARM/sdk/pico/pico-sdk/src/rp2_common/hardware_irq/irq.c.obj
 .rodata.irq_set_exclusive_handler.str1.4
                0x1000a20c       0x36 CMakeFiles/plc-cleaner.dir/C_/VSARM/sdk/pico/pico-sdk/src/rp2_common/hardware_irq/irq.c.obj
 *fill*         0x1000a242        0x2 
 .rodata.irq_add_shared_handler.str1.4
                0x1000a244       0xd9 CMakeFiles/plc-cleaner.dir/C_/VSARM/sdk/pico/pico-sdk/src/rp2_common/hardware_irq/irq.c.obj
 *fill*         0x1000a31d        0x3 
 .rodata.irq_remove_handler.str1.4
                0x1000a320       0x3a CMakeFiles/plc-cleaner.dir/C_/VSARM/sdk/pico/pico-sdk/src/rp2_common/hardware_irq/irq.c.obj
 *fill*         0x1000a35a        0x2 
 .rodata.irq_add_tail_to_free_list.str1.4
                0x1000a35c       0x3a CMakeFiles/plc-cleaner.dir/C_/VSARM/sdk/pico/pico-sdk/src/rp2_common/hardware_irq/irq.c.obj
 *fill*         0x1000a396        0x2 
 .rodata.user_irq_claim_unused.str1.4
                0x1000a398       0x1b CMakeFiles/plc-cleaner.dir/C_/VSARM/sdk/pico/pico-sdk/src/rp2_common/hardware_irq/irq.c.obj
 *fill*         0x1000a3b3        0x1 
 .rodata.__func__.0
                0x1000a3b4       0x1a CMakeFiles/plc-cleaner.dir/C_/VSARM/sdk/pico/pico-sdk/src/rp2_common/hardware_irq/irq.c.obj
 *fill*         0x1000a3ce        0x2 
 .rodata.__func__.1
                0x1000a3d0       0x17 CMakeFiles/plc-cleaner.dir/C_/VSARM/sdk/pico/pico-sdk/src/rp2_common/hardware_irq/irq.c.obj
 *fill*         0x1000a3e7        0x1 
 .rodata.__func__.2
                0x1000a3e8       0x13 CMakeFiles/plc-cleaner.dir/C_/VSARM/sdk/pico/pico-sdk/src/rp2_common/hardware_irq/irq.c.obj
 *fill*         0x1000a3fb        0x1 
 .rodata.__func__.3
                0x1000a3fc        0xc CMakeFiles/plc-cleaner.dir/C_/VSARM/sdk/pico/pico-sdk/src/rp2_common/hardware_irq/irq.c.obj
 .rodata.__func__.4
                0x1000a408        0xf CMakeFiles/plc-cleaner.dir/C_/VSARM/sdk/pico/pico-sdk/src/rp2_common/hardware_irq/irq.c.obj
 *fill*         0x1000a417        0x1 
 .rodata.__func__.5
                0x1000a418       0x17 CMakeFiles/plc-cleaner.dir/C_/VSARM/sdk/pico/pico-sdk/src/rp2_common/hardware_irq/irq.c.obj
 *fill*         0x1000a42f        0x1 
 .rodata.__func__.6
                0x1000a430       0x1a CMakeFiles/plc-cleaner.dir/C_/VSARM/sdk/pico/pico-sdk/src/rp2_common/hardware_irq/irq.c.obj
 *fill*         0x1000a44a        0x2 
 .rodata.str1.4
                0x1000a44c       0x89 CMakeFiles/plc-cleaner.dir/C_/VSARM/sdk/pico/pico-sdk/src/common/pico_sync/mutex.c.obj
                                 0xed (size before relaxing)
 *fill*         0x1000a4d5        0x3 
 .rodata.__func__.1
                0x1000a4d8        0xb CMakeFiles/plc-cleaner.dir/C_/VSARM/sdk/pico/pico-sdk/src/common/pico_sync/mutex.c.obj
 *fill*         0x1000a4e3        0x1 
 .rodata.__func__.3
                0x1000a4e4       0x18 CMakeFiles/plc-cleaner.dir/C_/VSARM/sdk/pico/pico-sdk/src/common/pico_sync/mutex.c.obj
 .rodata.__func__.4
                0x1000a4fc       0x15 CMakeFiles/plc-cleaner.dir/C_/VSARM/sdk/pico/pico-sdk/src/common/pico_sync/mutex.c.obj
 *fill*         0x1000a511        0x3 
 .rodata.repeating_timer_callback.str1.4
                0x1000a514       0x4b CMakeFiles/plc-cleaner.dir/C_/VSARM/sdk/pico/pico-sdk/src/common/pico_time/time.c.obj
 *fill*         0x1000a55f        0x1 
 .rodata.timer_pool_entry_comparator.str1.4
                0x1000a560       0x22 CMakeFiles/plc-cleaner.dir/C_/VSARM/sdk/pico/pico-sdk/src/common/pico_time/time.c.obj
 *fill*         0x1000a582        0x2 
 .rodata.ph_add_child_node.str1.4
                0x1000a584       0x96 CMakeFiles/plc-cleaner.dir/C_/VSARM/sdk/pico/pico-sdk/src/common/pico_time/time.c.obj
 *fill*         0x1000a61a        0x2 
 .rodata.add_alarm_under_lock.str1.4
                0x1000a61c       0x28 CMakeFiles/plc-cleaner.dir/C_/VSARM/sdk/pico/pico-sdk/src/common/pico_time/time.c.obj
                                 0x2b (size before relaxing)
 .rodata.alarm_pool_alarm_callback.str1.4
                0x1000a644       0x98 CMakeFiles/plc-cleaner.dir/C_/VSARM/sdk/pico/pico-sdk/src/common/pico_time/time.c.obj
                                 0xfc (size before relaxing)
 .rodata.alarm_pool_get_default.str1.4
                0x1000a6dc       0x21 CMakeFiles/plc-cleaner.dir/C_/VSARM/sdk/pico/pico-sdk/src/common/pico_time/time.c.obj
 *fill*         0x1000a6fd        0x3 
 .rodata.alarm_pool_cancel_alarm.str1.4
                0x1000a700       0x27 CMakeFiles/plc-cleaner.dir/C_/VSARM/sdk/pico/pico-sdk/src/common/pico_time/time.c.obj
 *fill*         0x1000a727        0x1 
 .rodata.__func__.1
                0x1000a728       0x18 CMakeFiles/plc-cleaner.dir/C_/VSARM/sdk/pico/pico-sdk/src/common/pico_time/time.c.obj
 .rodata.__func__.10
                0x1000a740       0x15 CMakeFiles/plc-cleaner.dir/C_/VSARM/sdk/pico/pico-sdk/src/common/pico_time/time.c.obj
 *fill*         0x1000a755        0x3 
 .rodata.__func__.11
                0x1000a758       0x1a CMakeFiles/plc-cleaner.dir/C_/VSARM/sdk/pico/pico-sdk/src/common/pico_time/time.c.obj
 *fill*         0x1000a772        0x2 
 .rodata.__func__.12
                0x1000a774        0xa CMakeFiles/plc-cleaner.dir/C_/VSARM/sdk/pico/pico-sdk/src/common/pico_time/time.c.obj
 *fill*         0x1000a77e        0x2 
 .rodata.__func__.3
                0x1000a780       0x17 CMakeFiles/plc-cleaner.dir/C_/VSARM/sdk/pico/pico-sdk/src/common/pico_time/time.c.obj
 *fill*         0x1000a797        0x1 
 .rodata.__func__.4
                0x1000a798       0x12 CMakeFiles/plc-cleaner.dir/C_/VSARM/sdk/pico/pico-sdk/src/common/pico_time/time.c.obj
 *fill*         0x1000a7aa        0x2 
 .rodata.__func__.5
                0x1000a7ac        0xd CMakeFiles/plc-cleaner.dir/C_/VSARM/sdk/pico/pico-sdk/src/common/pico_time/time.c.obj
 *fill*         0x1000a7b9        0x3 
 .rodata.__func__.6
                0x1000a7bc       0x12 CMakeFiles/plc-cleaner.dir/C_/VSARM/sdk/pico/pico-sdk/src/common/pico_time/time.c.obj
 *fill*         0x1000a7ce        0x2 
 .rodata.__func__.7
                0x1000a7d0        0xf CMakeFiles/plc-cleaner.dir/C_/VSARM/sdk/pico/pico-sdk/src/common/pico_time/time.c.obj
 *fill*         0x1000a7df        0x1 
 .rodata.__func__.8
                0x1000a7e0        0xc CMakeFiles/plc-cleaner.dir/C_/VSARM/sdk/pico/pico-sdk/src/common/pico_time/time.c.obj
 .rodata.__func__.9
                0x1000a7ec       0x15 CMakeFiles/plc-cleaner.dir/C_/VSARM/sdk/pico/pico-sdk/src/common/pico_time/time.c.obj
 *fill*         0x1000a801        0x3 
 .rodata.hardware_alarm_claim.str1.4
                0x1000a804       0x22 CMakeFiles/plc-cleaner.dir/C_/VSARM/sdk/pico/pico-sdk/src/rp2_common/hardware_timer/timer.c.obj
 *fill*         0x1000a826        0x2 
 .rodata.hardware_alarm_set_target.str1.4
                0x1000a828       0x65 CMakeFiles/plc-cleaner.dir/C_/VSARM/sdk/pico/pico-sdk/src/rp2_common/hardware_timer/timer.c.obj
 *fill*         0x1000a88d        0x3 
 .rodata.__func__.0
                0x1000a890       0x1a CMakeFiles/plc-cleaner.dir/C_/VSARM/sdk/pico/pico-sdk/src/rp2_common/hardware_timer/timer.c.obj
 .rodata.ph_add_child_node.str1.4
                0x1000a8aa       0x96 CMakeFiles/plc-cleaner.dir/C_/VSARM/sdk/pico/pico-sdk/src/common/pico_util/pheap.c.obj
 *fill*         0x1000a8aa        0x2 
 .rodata.ph_remove_any_head.str1.4
                0x1000a8ac       0x8c CMakeFiles/plc-cleaner.dir/C_/VSARM/sdk/pico/pico-sdk/src/common/pico_util/pheap.c.obj
                                 0xa0 (size before relaxing)
 .rodata.ph_remove_and_free_node.str1.4
                0x1000a938       0x1e CMakeFiles/plc-cleaner.dir/C_/VSARM/sdk/pico/pico-sdk/src/common/pico_util/pheap.c.obj
                                 0x26 (size before relaxing)
 *fill*         0x1000a956        0x2 
 .rodata.__func__.0
                0x1000a958       0x18 CMakeFiles/plc-cleaner.dir/C_/VSARM/sdk/pico/pico-sdk/src/common/pico_util/pheap.c.obj
 .rodata.__func__.1
                0x1000a970       0x13 CMakeFiles/plc-cleaner.dir/C_/VSARM/sdk/pico/pico-sdk/src/common/pico_util/pheap.c.obj
 *fill*         0x1000a983        0x1 
 .rodata.__func__.2
                0x1000a984       0x12 CMakeFiles/plc-cleaner.dir/C_/VSARM/sdk/pico/pico-sdk/src/common/pico_util/pheap.c.obj
 *fill*         0x1000a996        0x2 
 .rodata.__func__.3
                0x1000a998        0xc CMakeFiles/plc-cleaner.dir/C_/VSARM/sdk/pico/pico-sdk/src/common/pico_util/pheap.c.obj
 .rodata.clock_configure.str1.4
                0x1000a9a4       0x57 CMakeFiles/plc-cleaner.dir/C_/VSARM/sdk/pico/pico-sdk/src/rp2_common/hardware_clocks/clocks.c.obj
 *fill*         0x1000a9fb        0x1 
 .rodata.__func__.1
                0x1000a9fc       0x10 CMakeFiles/plc-cleaner.dir/C_/VSARM/sdk/pico/pico-sdk/src/rp2_common/hardware_clocks/clocks.c.obj
 .rodata.pll_init.str1.4
                0x1000aa0c      0x124 CMakeFiles/plc-cleaner.dir/C_/VSARM/sdk/pico/pico-sdk/src/rp2_common/hardware_pll/pll.c.obj
 .rodata.__func__.0
                0x1000ab30        0x9 CMakeFiles/plc-cleaner.dir/C_/VSARM/sdk/pico/pico-sdk/src/rp2_common/hardware_pll/pll.c.obj
 *fill*         0x1000ab39        0x3 
 .rodata.__assert_func.str1.4
                0x1000ab3c       0x3f CMakeFiles/plc-cleaner.dir/C_/VSARM/sdk/pico/pico-sdk/src/rp2_common/pico_runtime/runtime.c.obj
                                 0x43 (size before relaxing)
 *fill*         0x1000ab7b        0x1 
 .rodata.runtime_init.str1.4
                0x1000ab7c       0x61 CMakeFiles/plc-cleaner.dir/C_/VSARM/sdk/pico/pico-sdk/src/rp2_common/pico_runtime/runtime.c.obj
 *fill*         0x1000abdd        0x3 
 .rodata.panic.str1.4
                0x1000abe0       0x10 CMakeFiles/plc-cleaner.dir/C_/VSARM/sdk/pico/pico-sdk/src/rp2_common/pico_runtime/runtime.c.obj
                                 0x12 (size before relaxing)
 .rodata.panic_unsupported.str1.4
                0x1000abf0        0xe CMakeFiles/plc-cleaner.dir/C_/VSARM/sdk/pico/pico-sdk/src/rp2_common/pico_runtime/runtime.c.obj
 *fill*         0x1000abfe        0x2 
 .rodata.__func__.2
                0x1000ac00        0xd CMakeFiles/plc-cleaner.dir/C_/VSARM/sdk/pico/pico-sdk/src/rp2_common/pico_runtime/runtime.c.obj
 *fill*         0x1000ac0d        0x3 
 .rodata._ftoa.str1.4
                0x1000ac10       0x15 CMakeFiles/plc-cleaner.dir/C_/VSARM/sdk/pico/pico-sdk/src/rp2_common/pico_printf/printf.c.obj
 *fill*         0x1000ac25        0x3 
 .rodata._vsnprintf
                0x1000ac28      0x19c CMakeFiles/plc-cleaner.dir/C_/VSARM/sdk/pico/pico-sdk/src/rp2_common/pico_printf/printf.c.obj
 *fill*         0x1000adc4        0x4 
 .rodata.pow10.0
                0x1000adc8       0x50 CMakeFiles/plc-cleaner.dir/C_/VSARM/sdk/pico/pico-sdk/src/rp2_common/pico_printf/printf.c.obj
 .rodata.__aeabi_double_init.str1.4
                0x1000ae18       0x9c CMakeFiles/plc-cleaner.dir/C_/VSARM/sdk/pico/pico-sdk/src/rp2_common/pico_double/double_init_rom.c.obj
 .rodata.__func__.0
                0x1000aeb4       0x14 CMakeFiles/plc-cleaner.dir/C_/VSARM/sdk/pico/pico-sdk/src/rp2_common/pico_double/double_init_rom.c.obj
 .rodata.__aeabi_float_init.str1.4
                0x1000aec8       0x7a CMakeFiles/plc-cleaner.dir/C_/VSARM/sdk/pico/pico-sdk/src/rp2_common/pico_float/float_init_rom.c.obj
                                 0x7e (size before relaxing)
 *fill*         0x1000af42        0x2 
 .rodata.__func__.0
                0x1000af44       0x13 CMakeFiles/plc-cleaner.dir/C_/VSARM/sdk/pico/pico-sdk/src/rp2_common/pico_float/float_init_rom.c.obj
 *fill*         0x1000af57        0x1 
 .rodata.str1.4
                0x1000af58       0x40 CMakeFiles/plc-cleaner.dir/C_/VSARM/sdk/pico/pico-sdk/src/rp2_common/pico_standard_link/binary_info.c.obj
 .rodata.__bi_44
                0x1000af98        0xc CMakeFiles/plc-cleaner.dir/C_/VSARM/sdk/pico/pico-sdk/src/rp2_common/pico_standard_link/binary_info.c.obj
 .rodata.__bi_75
                0x1000afa4        0xc CMakeFiles/plc-cleaner.dir/C_/VSARM/sdk/pico/pico-sdk/src/rp2_common/pico_standard_link/binary_info.c.obj
 .rodata.__bi_81
                0x1000afb0        0xc CMakeFiles/plc-cleaner.dir/C_/VSARM/sdk/pico/pico-sdk/src/rp2_common/pico_standard_link/binary_info.c.obj
 .rodata.stdout_serialize_begin.str1.4
                0x1000afbc       0x61 CMakeFiles/plc-cleaner.dir/C_/VSARM/sdk/pico/pico-sdk/src/rp2_common/pico_stdio/stdio.c.obj
 .rodata.__func__.3
                0x1000afbc       0x15 CMakeFiles/plc-cleaner.dir/C_/VSARM/sdk/pico/pico-sdk/src/rp2_common/pico_stdio/stdio.c.obj
 *fill*         0x1000afd1        0x3 
 .rodata.crlf_str.2
                0x1000afd4        0x2 CMakeFiles/plc-cleaner.dir/C_/VSARM/sdk/pico/pico-sdk/src/rp2_common/pico_stdio/stdio.c.obj
 *fill*         0x1000afd6        0x2 
 .rodata._resetd_driver
                0x1000afd8       0x18 CMakeFiles/plc-cleaner.dir/C_/VSARM/sdk/pico/pico-sdk/src/rp2_common/pico_stdio_usb/reset_interface.c.obj
 .rodata.low_priority_worker_irq.str1.4
                0x1000aff0       0x61 CMakeFiles/plc-cleaner.dir/C_/VSARM/sdk/pico/pico-sdk/src/rp2_common/pico_stdio_usb/stdio_usb.c.obj
 .rodata.stdio_usb_init.str1.4
                0x1000aff0       0x45 CMakeFiles/plc-cleaner.dir/C_/VSARM/sdk/pico/pico-sdk/src/rp2_common/pico_stdio_usb/stdio_usb.c.obj
                                 0x4d (size before relaxing)
 *fill*         0x1000b035        0x3 
 .rodata.str1.4
                0x1000b038       0x13 CMakeFiles/plc-cleaner.dir/C_/VSARM/sdk/pico/pico-sdk/src/rp2_common/pico_stdio_usb/stdio_usb.c.obj
 *fill*         0x1000b04b        0x1 
 .rodata.__bi_182.0
                0x1000b04c        0xc CMakeFiles/plc-cleaner.dir/C_/VSARM/sdk/pico/pico-sdk/src/rp2_common/pico_stdio_usb/stdio_usb.c.obj
 .rodata.__func__.1